Archive member included to satisfy reference by file (symbol)

platform/libplatform_s.a(hw_init.o)
                              secure_fw/CMakeFiles/tfm_s.dir/__/platform/ext/target/nordic_nrf/common/nrf9160/gcc/startup_nrf9160_s.o (hw_init_reset_on_boot)
platform/libplatform_s.a(system_nrf9160.o)
                              secure_fw/CMakeFiles/tfm_s.dir/__/platform/ext/target/nordic_nrf/common/nrf9160/gcc/startup_nrf9160_s.o (SystemInit)
secure_fw/partitions/lib/sprt/libtfm_sprt.a(crt_memset.o)
                              /workdir/zephyr-sdk/arm-zephyr-eabi/bin/../lib/gcc/arm-zephyr-eabi/10.3.0/../../../../arm-zephyr-eabi/lib/thumb/v8-m.main+fp/hard/crt0.o (memset)
secure_fw/spm/libtfm_spm.a(main.o)
                              /workdir/zephyr-sdk/arm-zephyr-eabi/bin/../lib/gcc/arm-zephyr-eabi/10.3.0/../../../../arm-zephyr-eabi/lib/thumb/v8-m.main+fp/hard/crt0.o (main)
secure_fw/spm/libtfm_spm.a(spm_cross_call.o)
                              secure_fw/CMakeFiles/tfm_s.dir/partitions/ns_agent_tz/tfm_psa_api_veneers.o (spm_interface_cross_dispatcher)
secure_fw/spm/libtfm_spm.a(psa_api.o)
                              secure_fw/spm/libtfm_spm.a(spm_cross_call.o) (spm_handle_programmer_errors)
secure_fw/spm/libtfm_spm.a(backend_ipc.o)
                              secure_fw/spm/libtfm_spm.a(psa_api.o) (backend_instance)
secure_fw/spm/libtfm_spm.a(tfm_core_svcalls_ipc.o)
                              secure_fw/spm/libtfm_spm.a(main.o) (tfm_core_handler_mode)
secure_fw/spm/libtfm_spm.a(thread.o)
                              secure_fw/spm/libtfm_spm.a(spm_cross_call.o) (thrd_next)
secure_fw/spm/libtfm_spm.a(tfm_arch_v8m_main.o)
                              secure_fw/spm/libtfm_spm.a(spm_cross_call.o) (arch_non_preempt_call)
secure_fw/spm/libtfm_spm.a(ns_agent_tz.o)
                              secure_fw/CMakeFiles/tfm_s.dir/partitions/ns_agent_tz/load_info_ns_agent_tz.o (ns_agent_tz_main)
secure_fw/spm/libtfm_spm.a(idle_partition.o)
                              secure_fw/CMakeFiles/tfm_s.dir/partitions/idle_partition/load_info_idle_sp.o (tfm_idle_thread)
secure_fw/spm/libtfm_spm.a(tfm_boot_data.o)
                              secure_fw/spm/libtfm_spm.a(main.o) (tfm_core_validate_boot_data)
secure_fw/spm/libtfm_spm.a(tfm_core_utils.o)
                              secure_fw/spm/libtfm_spm.a(psa_api.o) (spm_memcpy)
secure_fw/spm/libtfm_spm.a(utilities.o)
                              secure_fw/spm/libtfm_spm.a(main.o) (tfm_core_panic)
secure_fw/spm/libtfm_spm.a(tfm_arch.o)
                              secure_fw/spm/libtfm_spm.a(tfm_core_svcalls_ipc.o) (tfm_arch_free_msp_and_exc_ret)
secure_fw/spm/libtfm_spm.a(spm_ipc.o)
                              secure_fw/spm/libtfm_spm.a(psa_api.o) (tfm_spm_to_user_handle)
secure_fw/spm/libtfm_spm.a(static_load.o)
                              secure_fw/spm/libtfm_spm.a(spm_ipc.o) (load_a_partition_assuredly)
secure_fw/spm/libtfm_spm.a(tfm_pools.o)
                              secure_fw/spm/libtfm_spm.a(spm_ipc.o) (tfm_pool_init)
secure_fw/spm/libtfm_spm.a(tfm_spm_ns_ctx.o)
                              secure_fw/spm/libtfm_spm.a(spm_ipc.o) (tfm_nspm_get_current_client_id)
secure_fw/partitions/crypto/libtfm_psa_rot_partition_crypto.a(crypto_init.o)
                              secure_fw/CMakeFiles/tfm_s.dir/__/generated/secure_fw/partitions/crypto/auto_generated/load_info_tfm_crypto.o (tfm_crypto_init)
secure_fw/partitions/crypto/libtfm_psa_rot_partition_crypto.a(crypto_alloc.o)
                              secure_fw/partitions/crypto/libtfm_psa_rot_partition_crypto.a(crypto_init.o) (tfm_crypto_init_alloc)
secure_fw/partitions/crypto/libtfm_psa_rot_partition_crypto.a(crypto_cipher.o)
                              secure_fw/partitions/crypto/libtfm_psa_rot_partition_crypto.a(crypto_init.o) (tfm_crypto_cipher_generate_iv)
secure_fw/partitions/crypto/libtfm_psa_rot_partition_crypto.a(crypto_hash.o)
                              secure_fw/partitions/crypto/libtfm_psa_rot_partition_crypto.a(crypto_init.o) (tfm_crypto_hash_setup)
secure_fw/partitions/crypto/libtfm_psa_rot_partition_crypto.a(crypto_mac.o)
                              secure_fw/partitions/crypto/libtfm_psa_rot_partition_crypto.a(crypto_init.o) (tfm_crypto_mac_sign_setup)
secure_fw/partitions/crypto/libtfm_psa_rot_partition_crypto.a(crypto_aead.o)
                              secure_fw/partitions/crypto/libtfm_psa_rot_partition_crypto.a(crypto_init.o) (tfm_crypto_aead_encrypt)
secure_fw/partitions/crypto/libtfm_psa_rot_partition_crypto.a(crypto_asymmetric.o)
                              secure_fw/partitions/crypto/libtfm_psa_rot_partition_crypto.a(crypto_init.o) (tfm_crypto_sign_message)
secure_fw/partitions/crypto/libtfm_psa_rot_partition_crypto.a(crypto_key_derivation.o)
                              secure_fw/partitions/crypto/libtfm_psa_rot_partition_crypto.a(crypto_init.o) (tfm_crypto_key_derivation_setup)
secure_fw/partitions/crypto/libtfm_psa_rot_partition_crypto.a(crypto_key_management.o)
[...]
Memory Configuration

Name             Origin             Length             Attributes
FLASH            0x0000000000010200 0x000000000000c000 xr
RAM              0x0000000020000000 0x0000000000008000 xrw
*default*        0x0000000000000000 0xffffffffffffffff

Linker script and memory map

LOAD /workdir/zephyr-sdk/arm-zephyr-eabi/bin/../lib/gcc/arm-zephyr-eabi/10.3.0/thumb/v8-m.main+fp/hard/crti.o
LOAD /workdir/zephyr-sdk/arm-zephyr-eabi/bin/../lib/gcc/arm-zephyr-eabi/10.3.0/thumb/v8-m.main+fp/hard/crtbegin.o
LOAD /workdir/zephyr-sdk/arm-zephyr-eabi/bin/../lib/gcc/arm-zephyr-eabi/10.3.0/../../../../arm-zephyr-eabi/lib/thumb/v8-m.main+fp/hard/crt0.o
LOAD secure_fw/CMakeFiles/tfm_s.dir/partitions/ns_agent_tz/tfm_psa_api_veneers.o
LOAD secure_fw/CMakeFiles/tfm_s.dir/__/platform/ext/target/nordic_nrf/common/nrf9160/gcc/startup_nrf9160_s.o
LOAD secure_fw/CMakeFiles/tfm_s.dir/__/platform/ext/common/faults.o
LOAD secure_fw/CMakeFiles/tfm_s.dir/__/generated/secure_fw/partitions/crypto/auto_generated/load_info_tfm_crypto.o
LOAD secure_fw/CMakeFiles/tfm_s.dir/__/generated/secure_fw/partitions/platform/auto_generated/load_info_tfm_platform.o
LOAD secure_fw/CMakeFiles/tfm_s.dir/partitions/ns_agent_tz/load_info_ns_agent_tz.o
LOAD secure_fw/CMakeFiles/tfm_s.dir/partitions/idle_partition/load_info_idle_sp.o
LOAD secure_fw/CMakeFiles/tfm_s.dir/__/platform/ext/target/nordic_nrf/common/core/plat_test.o
LOAD secure_fw/CMakeFiles/tfm_s.dir/spm/cmsis_psa/psa_interface_cross.o
LOAD secure_fw/CMakeFiles/tfm_s.dir/__/interface/src/tfm_psa_call_pack.o
LOAD platform/libplatform_s.a
LOAD secure_fw/partitions/lib/sprt/libtfm_sprt.a
LOAD secure_fw/spm/libtfm_spm.a
LOAD secure_fw/partitions/crypto/libtfm_psa_rot_partition_crypto.a
LOAD secure_fw/partitions/crypto/mbedcrypto/nrf_security_src/libcrypto_service_mbedcrypto.a
LOAD secure_fw/partitions/platform/libtfm_psa_rot_partition_platform.a
LOAD platform/libplatform_s.a
LOAD secure_fw/partitions/lib/sprt/libtfm_sprt.a
LOAD secure_fw/spm/libtfm_spm.a
LOAD secure_fw/partitions/crypto/libtfm_psa_rot_partition_crypto.a
LOAD secure_fw/partitions/crypto/mbedcrypto/nrf_security_src/libcrypto_service_mbedcrypto.a
LOAD secure_fw/partitions/platform/libtfm_psa_rot_partition_platform.a
LOAD platform/libplatform_s.a
LOAD secure_fw/partitions/lib/sprt/libtfm_sprt.a
LOAD secure_fw/spm/libtfm_spm.a
LOAD secure_fw/partitions/crypto/libtfm_psa_rot_partition_crypto.a
LOAD secure_fw/partitions/crypto/mbedcrypto/nrf_security_src/libcrypto_service_mbedcrypto.a
LOAD secure_fw/partitions/platform/libtfm_psa_rot_partition_platform.a
LOAD /workdir/nrfxlib/crypto/nrf_cc310_platform/lib/cortex-m33/hard-float/no-interrupts/libnrf_cc310_platform_0.9.15.a
LOAD secure_fw/partitions/crypto/mbedcrypto/nrf_security_crypto/liboberon_mbedcrypto__psa_3.0.12.a
LOAD /workdir/nrfxlib/crypto/nrf_oberon/lib/cortex-m33/hard-float/liboberon_mbedtls_3.0.12.a
LOAD secure_fw/partitions/crypto/mbedcrypto/nrf_security_src/libmbedcrypto_base.a
LOAD /workdir/nrfxlib/crypto/nrf_oberon/lib/cortex-m33/hard-float/liboberon_3.0.12.a
LOAD /workdir/zephyr-sdk/arm-zephyr-eabi/bin/../lib/gcc/arm-zephyr-eabi/10.3.0/../../../../arm-zephyr-eabi/lib/thumb/v8-m.main+fp/hard/libc_nano.a
START GROUP
LOAD /workdir/zephyr-sdk/arm-zephyr-eabi/bin/../lib/gcc/arm-zephyr-eabi/10.3.0/thumb/v8-m.main+fp/hard/libgcc.a
LOAD /workdir/zephyr-sdk/arm-zephyr-eabi/bin/../lib/gcc/arm-zephyr-eabi/10.3.0/../../../../arm-zephyr-eabi/lib/thumb/v8-m.main+fp/hard/libc_nano.a
END GROUP
START GROUP
LOAD /workdir/zephyr-sdk/arm-zephyr-eabi/bin/../lib/gcc/arm-zephyr-eabi/10.3.0/thumb/v8-m.main+fp/hard/libgcc.a
LOAD /workdir/zephyr-sdk/arm-zephyr-eabi/bin/../lib/gcc/arm-zephyr-eabi/10.3.0/../../../../arm-zephyr-eabi/lib/thumb/v8-m.main+fp/hard/libc_nano.a
END GROUP
LOAD /workdir/zephyr-sdk/arm-zephyr-eabi/bin/../lib/gcc/arm-zephyr-eabi/10.3.0/thumb/v8-m.main+fp/hard/crtend.o
LOAD /workdir/zephyr-sdk/arm-zephyr-eabi/bin/../lib/gcc/arm-zephyr-eabi/10.3.0/thumb/v8-m.main+fp/hard/crtn.o
                0x0000000000001000                __heap_size__ = 0x1000
                0x0000000000000800                __msp_init_stack_size__ = 0x800
START GROUP
LOAD /workdir/zephyr-sdk/arm-zephyr-eabi/bin/../lib/gcc/arm-zephyr-eabi/10.3.0/thumb/v8-m.main+fp/hard/libgcc.a
LOAD /workdir/zephyr-sdk/arm-zephyr-eabi/bin/../lib/gcc/arm-zephyr-eabi/10.3.0/../../../../arm-zephyr-eabi/lib/thumb/v8-m.main+fp/hard/libc.a
LOAD /workdir/zephyr-sdk/arm-zephyr-eabi/bin/../lib/gcc/arm-zephyr-eabi/10.3.0/../../../../arm-zephyr-eabi/lib/thumb/v8-m.main+fp/hard/libm.a
LOAD /workdir/zephyr-sdk/arm-zephyr-eabi/bin/../lib/gcc/arm-zephyr-eabi/10.3.0/../../../../arm-zephyr-eabi/lib/thumb/v8-m.main+fp/hard/libnosys.a
LOAD /workdir/zephyr-sdk/arm-zephyr-eabi/bin/../lib/gcc/arm-zephyr-eabi/10.3.0/../../../../arm-zephyr-eabi/lib/thumb/v8-m.main+fp/hard/libc_nano.a
END GROUP

.TFM_VECTORS    0x0000000000010200      0x26c
                0x0000000000010200                __vectors_start__ = .
 *(.vectors)
 .vectors       0x0000000000010200      0x144 secure_fw/CMakeFiles/tfm_s.dir/__/platform/ext/target/nordic_nrf/common/nrf9160/gcc/startup_nrf9160_s.o
                0x0000000000010200                __Vectors
                0x0000000000010344                __vectors_end__ = .
 *startup*(.text*)
 .text          0x0000000000010344      0x128 secure_fw/CMakeFiles/tfm_s.dir/__/platform/ext/target/nordic_nrf/common/nrf9160/gcc/startup_nrf9160_s.o
                0x0000000000010344                Reset_Handler
                0x00000000000103c4                Default_Handler
                0x00000000000103c6                NMI_Handler
                0x00000000000103e2                DebugMon_Handler
                0x00000000000103ea                SysTick_Handler
                0x00000000000103ee                SPU_IRQHandler
                0x00000000000103f2                CLOCK_POWER_IRQHandler
                0x00000000000103f6                UARTE0_SPIM0_SPIS0_TWIM0_TWIS0_IRQHandler
                0x00000000000103fa                UARTE1_SPIM1_SPIS1_TWIM1_TWIS1_IRQHandler
                0x00000000000103fe                UARTE2_SPIM2_SPIS2_TWIM2_TWIS2_IRQHandler
                0x0000000000010402                UARTE3_SPIM3_SPIS3_TWIM3_TWIS3_IRQHandler
                0x0000000000010406                GPIOTE0_IRQHandler
                0x000000000001040a                SAADC_IRQHandler
                0x000000000001040e                TIMER0_IRQHandler
                0x0000000000010412                TIMER1_IRQHandler
                0x0000000000010416                TIMER2_IRQHandler
                0x000000000001041a                RTC0_IRQHandler
                0x000000000001041e                RTC1_IRQHandler
                0x0000000000010422                WDT_IRQHandler
                0x0000000000010426                EGU0_IRQHandler
                0x000000000001042a                EGU1_IRQHandler
                0x000000000001042e                EGU2_IRQHandler
                0x0000000000010432                EGU3_IRQHandler
                0x0000000000010436                EGU4_IRQHandler
                0x000000000001043a                EGU5_IRQHandler
                0x000000000001043e                PWM0_IRQHandler
                0x0000000000010442                PWM1_IRQHandler
                0x0000000000010446                PWM2_IRQHandler
                0x000000000001044a                PWM3_IRQHandler
                0x000000000001044e                PDM_IRQHandler
                0x0000000000010452                I2S_IRQHandler
                0x0000000000010456                IPC_IRQHandler
                0x000000000001045a                FPU_IRQHandler
                0x000000000001045e                GPIOTE1_IRQHandler
                0x0000000000010462                KMU_IRQHandler
                0x0000000000010466                CRYPTOCELL_IRQHandler
                0x000000000001046c                . = ALIGN (0x4)

.copy.table     0x000000000001046c       0x24
                0x000000000001046c                __copy_table_start__ = .
                0x000000000001046c        0x4 LONG 0x1583c LOADADDR (.TFM_DATA)
                0x0000000000010470        0x4 LONG 0x20002f20 ADDR (.TFM_DATA)
                0x0000000000010474        0x4 LONG 0xf8 SIZEOF (.TFM_DATA)
                0x0000000000010478        0x4 LONG 0x15840 LOADADDR (.TFM_PSA_ROT_LINKER_DATA)
                0x000000000001047c        0x4 LONG 0x20001c40 ADDR (.TFM_PSA_ROT_LINKER_DATA)
                0x0000000000010480        0x4 LONG 0x0 SIZEOF (.TFM_PSA_ROT_LINKER_DATA)
                0x0000000000010484        0x4 LONG 0x15840 LOADADDR (.TFM_APP_ROT_LINKER_DATA)
                0x0000000000010488        0x4 LONG 0x20001c20 ADDR (.TFM_APP_ROT_LINKER_DATA)
                0x000000000001048c        0x4 LONG 0x0 SIZEOF (.TFM_APP_ROT_LINKER_DATA)
                0x0000000000010490                __copy_table_end__ = .

.zero.table     0x0000000000010490       0x20
                0x0000000000010490                __zero_table_start__ = .
                0x0000000000010490        0x4 LONG 0x20003020 ADDR (.TFM_BSS)
                0x0000000000010494        0x4 LONG 0x1a30 SIZEOF (.TFM_BSS)
                0x0000000000010498        0x4 LONG 0x20001c40 ADDR (.TFM_PSA_ROT_LINKER_BSS)
                0x000000000001049c        0x4 LONG 0x12e0 SIZEOF (.TFM_PSA_ROT_LINKER_BSS)
                0x00000000000104a0        0x4 LONG 0x20001c20 ADDR (.TFM_APP_ROT_LINKER_BSS)
                0x00000000000104a4        0x4 LONG 0x20 SIZEOF (.TFM_APP_ROT_LINKER_BSS)
                0x00000000000104a8        0x4 LONG 0x20001c00 ADDR (.TFM_SP_META_PTR)
                0x00000000000104ac        0x4 LONG 0x4 SIZEOF (.TFM_SP_META_PTR)
                0x00000000000104b0                __zero_table_end__ = .

.igot.plt       0x00000000000104b0        0x0
 .igot.plt      0x00000000000104b0        0x0 /workdir/zephyr-sdk/arm-zephyr-eabi/bin/../lib/gcc/arm-zephyr-eabi/10.3.0/thumb/v8-m.main+fp/hard/crtbegin.o

.TFM_UNPRIV_CODE
                0x00000000000104c0      0x5a0
 *libc_nano*:*(.text*)
 .text.calloc   0x00000000000104c0       0x10 /workdir/zephyr-sdk/arm-zephyr-eabi/bin/../lib/gcc/arm-zephyr-eabi/10.3.0/../../../../arm-zephyr-eabi/lib/thumb/v8-m.main+fp/hard/libc_nano.a(lib_a-calloc.o)
                0x00000000000104c0                calloc
 .text.exit     0x00000000000104d0       0x28 /workdir/zephyr-sdk/arm-zephyr-eabi/bin/../lib/gcc/arm-zephyr-eabi/10.3.0/../../../../arm-zephyr-eabi/lib/thumb/v8-m.main+fp/hard/libc_nano.a(lib_a-exit.o)
                0x00000000000104d0                exit
 .text.__libc_init_array
                0x00000000000104f8       0x48 /workdir/zephyr-sdk/arm-zephyr-eabi/bin/../lib/gcc/arm-zephyr-eabi/10.3.0/../../../../arm-zephyr-eabi/lib/thumb/v8-m.main+fp/hard/libc_nano.a(lib_a-init.o)
                0x00000000000104f8                __libc_init_array
 .text.free     0x0000000000010540       0x10 /workdir/zephyr-sdk/arm-zephyr-eabi/bin/../lib/gcc/arm-zephyr-eabi/10.3.0/../../../../arm-zephyr-eabi/lib/thumb/v8-m.main+fp/hard/libc_nano.a(lib_a-malloc.o)
                0x0000000000010540                free
 .text.memmove  0x0000000000010550       0x34 /workdir/zephyr-sdk/arm-zephyr-eabi/bin/../lib/gcc/arm-zephyr-eabi/10.3.0/../../../../arm-zephyr-eabi/lib/thumb/v8-m.main+fp/hard/libc_nano.a(lib_a-memmove.o)
                0x0000000000010550                memmove
 .text._calloc_r
                0x0000000000010584       0x1e /workdir/zephyr-sdk/arm-zephyr-eabi/bin/../lib/gcc/arm-zephyr-eabi/10.3.0/../../../../arm-zephyr-eabi/lib/thumb/v8-m.main+fp/hard/libc_nano.a(lib_a-nano-callocr.o)
                0x0000000000010584                _calloc_r
 *fill*         0x00000000000105a2        0x2 
 .text._free_r  0x00000000000105a4       0x98 /workdir/zephyr-sdk/arm-zephyr-eabi/bin/../lib/gcc/arm-zephyr-eabi/10.3.0/../../../../arm-zephyr-eabi/lib/thumb/v8-m.main+fp/hard/libc_nano.a(lib_a-nano-freer.o)
                0x00000000000105a4                _free_r
 .text._malloc_r
                0x000000000001063c       0xb4 /workdir/zephyr-sdk/arm-zephyr-eabi/bin/../lib/gcc/arm-zephyr-eabi/10.3.0/../../../../arm-zephyr-eabi/lib/thumb/v8-m.main+fp/hard/libc_nano.a(lib_a-nano-mallocr.o)
                0x000000000001063c                _malloc_r
 .text._sbrk_r  0x00000000000106f0       0x20 /workdir/zephyr-sdk/arm-zephyr-eabi/bin/../lib/gcc/arm-zephyr-eabi/10.3.0/../../../../arm-zephyr-eabi/lib/thumb/v8-m.main+fp/hard/libc_nano.a(lib_a-sbrkr.o)
                0x00000000000106f0                _sbrk_r
 .text.__malloc_lock
                0x0000000000010710        0xc /workdir/zephyr-sdk/arm-zephyr-eabi/bin/../lib/gcc/arm-zephyr-eabi/10.3.0/../../../../arm-zephyr-eabi/lib/thumb/v8-m.main+fp/hard/libc_nano.a(lib_a-mlock.o)
                0x0000000000010710                __malloc_lock
 .text.__malloc_unlock
                0x000000000001071c        0xc /workdir/zephyr-sdk/arm-zephyr-eabi/bin/../lib/gcc/arm-zephyr-eabi/10.3.0/../../../../arm-zephyr-eabi/lib/thumb/v8-m.main+fp/hard/libc_nano.a(lib_a-mlock.o)
                0x000000000001071c                __malloc_unlock
 .text.__retarget_lock_acquire_recursive
                0x0000000000010728        0x2 /workdir/zephyr-sdk/arm-zephyr-eabi/bin/../lib/gcc/arm-zephyr-eabi/10.3.0/../../../../arm-zephyr-eabi/lib/thumb/v8-m.main+fp/hard/libc_nano.a(lib_a-lock.o)
                0x0000000000010728                __retarget_lock_acquire_recursive
 .text.__retarget_lock_release_recursive
                0x000000000001072a        0x2 /workdir/zephyr-sdk/arm-zephyr-eabi/bin/../lib/gcc/arm-zephyr-eabi/10.3.0/../../../../arm-zephyr-eabi/lib/thumb/v8-m.main+fp/hard/libc_nano.a(lib_a-lock.o)
                0x000000000001072a                __retarget_lock_release_recursive
 *libc_nano*:*(.rodata*)
 .rodata._global_impure_ptr
                0x000000000001072c        0x4 /workdir/zephyr-sdk/arm-zephyr-eabi/bin/../lib/gcc/arm-zephyr-eabi/10.3.0/../../../../arm-zephyr-eabi/lib/thumb/v8-m.main+fp/hard/libc_nano.a(lib_a-impure.o)
                0x000000000001072c                _global_impure_ptr
 *(SFN)
 SFN            0x0000000000010730      0x100 secure_fw/CMakeFiles/tfm_s.dir/partitions/ns_agent_tz/tfm_psa_api_veneers.o
                0x0000000000010730                __acle_se_tfm_psa_framework_version_veneer
                0x000000000001075c                __acle_se_tfm_psa_version_veneer
                0x0000000000010788                __acle_se_tfm_psa_call_veneer
                0x00000000000107bc                __acle_se_tfm_psa_connect_veneer
                0x00000000000107ea                __acle_se_tfm_psa_close_veneer
 *libgcc*:*(.text*)
 .text          0x0000000000010830       0xc8 /workdir/zephyr-sdk/arm-zephyr-eabi/bin/../lib/gcc/arm-zephyr-eabi/10.3.0/thumb/v8-m.main+fp/hard/libgcc.a(cmse.o)
                0x0000000000010830                cmse_check_address_range
 *libgcc*:*(.rodata*)
 *libtfm_sprt*:*(.text*)
 .text.memset   0x00000000000108f8       0x4e secure_fw/partitions/lib/sprt/libtfm_sprt.a(crt_memset.o)
                0x00000000000108f8                memset
 .text.memcpy   0x0000000000010946       0x6c secure_fw/partitions/lib/sprt/libtfm_sprt.a(crt_memcpy.o)
                0x0000000000010946                memcpy
 *fill*         0x00000000000109b2        0x2 
 .text.runtime_init_c
                0x00000000000109b4       0x18 secure_fw/partitions/lib/sprt/libtfm_sprt.a(sprt_main.o)
 .text.sprt_main
                0x00000000000109cc        0x6 secure_fw/partitions/lib/sprt/libtfm_sprt.a(sprt_main.o)
                0x00000000000109cc                sprt_main
 *fill*         0x00000000000109d2        0x2 
 .text.common_sfn_thread
                0x00000000000109d4       0x84 secure_fw/partitions/lib/sprt/libtfm_sprt.a(sfn_common_thread.o)
                0x00000000000109d4                common_sfn_thread
 *libtfm_sprt*:*(.rodata*)
 *psa_client.*(.text*)
 *psa_client.*(.rodata*)
 *psa_service.*(.text*)
 *psa_service.*(.rodata*)
 *psa_lifecycle.*(.text*)
 *psa_lifecycle.*(.rodata*)
 *tfm_log_raw.*(.text*)
 *tfm_log_raw.*(.rodata*)
 *tfm_psa_call_pack.*(.text*)
 *tfm_psa_call_pack.*(.rodata*)
 *psa_interface_svc.*(.text*)
 *psa_interface_svc.*(.rodata*)
                0x0000000000010a60                . = ALIGN (0x20)
 *fill*         0x0000000000010a58        0x8 
                0x00000000000104c0                Image$$TFM_UNPRIV_CODE$$RO$$Base = ADDR (.TFM_UNPRIV_CODE)
                0x0000000000010a60                Image$$TFM_UNPRIV_CODE$$RO$$Limit = (ADDR (.TFM_UNPRIV_CODE) + SIZEOF (.TFM_UNPRIV_CODE))

.TFM_SP_LOAD_LIST
                0x0000000000010a60      0x124
 *(.part_load)
 .part_load     0x0000000000010a60       0x4c secure_fw/CMakeFiles/tfm_s.dir/__/generated/secure_fw/partitions/crypto/auto_generated/load_info_tfm_crypto.o
                0x0000000000010a60                tfm_sp_crypto_load
 .part_load     0x0000000000010aac       0x78 secure_fw/CMakeFiles/tfm_s.dir/__/generated/secure_fw/partitions/platform/auto_generated/load_info_tfm_platform.o
                0x0000000000010aac                tfm_sp_platform_load
 .part_load     0x0000000000010b24       0x30 secure_fw/CMakeFiles/tfm_s.dir/partitions/ns_agent_tz/load_info_ns_agent_tz.o
                0x0000000000010b24                tfm_sp_ns_agent_tz_load
 .part_load     0x0000000000010b54       0x30 secure_fw/CMakeFiles/tfm_s.dir/partitions/idle_partition/load_info_idle_sp.o
                0x0000000000010b54                tfm_sp_idle_load
                0x0000000000010a60                Image$$TFM_SP_LOAD_LIST$$RO$$Base = ADDR (.TFM_SP_LOAD_LIST)
                0x0000000000010b84                Image$$TFM_SP_LOAD_LIST$$RO$$Limit = (ADDR (.TFM_SP_LOAD_LIST) + SIZEOF (.TFM_SP_LOAD_LIST))
                0x0000000000010ba0                . = ALIGN (0x20)
                0x0000000000010ba0                Image$$TFM_PSA_CODE_START$$Base = .

.TFM_PSA_ROT_LINKER
                0x0000000000010ba0      0x5e0
 *tfm_psa_rot_partition*:*(.text*)
 .text.tfm_crypto_clear_scratch
                0x0000000000010ba0       0x20 secure_fw/partitions/crypto/libtfm_psa_rot_partition_crypto.a(crypto_init.o)
                0x0000000000010ba0                tfm_crypto_clear_scratch
 .text.tfm_crypto_init
                0x0000000000010bc0       0x20 secure_fw/partitions/crypto/libtfm_psa_rot_partition_crypto.a(crypto_init.o)
                0x0000000000010bc0                tfm_crypto_init
 .text.tfm_crypto_sfn
                0x0000000000010be0      0x178 secure_fw/partitions/crypto/libtfm_psa_rot_partition_crypto.a(crypto_init.o)
                0x0000000000010be0                tfm_crypto_sfn
 .text.tfm_crypto_init_alloc
                0x0000000000010d58       0x18 secure_fw/partitions/crypto/libtfm_psa_rot_partition_crypto.a(crypto_alloc.o)
                0x0000000000010d58                tfm_crypto_init_alloc
 .text.tfm_crypto_cipher_generate_iv
                0x0000000000010d70        0x6 secure_fw/partitions/crypto/libtfm_psa_rot_partition_crypto.a(crypto_cipher.o)
                0x0000000000010d70                tfm_crypto_cipher_generate_iv
 .text.tfm_crypto_cipher_set_iv
                0x0000000000010d76        0x6 secure_fw/partitions/crypto/libtfm_psa_rot_partition_crypto.a(crypto_cipher.o)
                0x0000000000010d76                tfm_crypto_cipher_set_iv
 .text.tfm_crypto_cipher_encrypt_setup
                0x0000000000010d7c        0x6 secure_fw/partitions/crypto/libtfm_psa_rot_partition_crypto.a(crypto_cipher.o)
                0x0000000000010d7c                tfm_crypto_cipher_encrypt_setup
 .text.tfm_crypto_cipher_decrypt_setup
                0x0000000000010d82        0x6 secure_fw/partitions/crypto/libtfm_psa_rot_partition_crypto.a(crypto_cipher.o)
                0x0000000000010d82                tfm_crypto_cipher_decrypt_setup
 .text.tfm_crypto_cipher_update
                0x0000000000010d88        0x6 secure_fw/partitions/crypto/libtfm_psa_rot_partition_crypto.a(crypto_cipher.o)
                0x0000000000010d88                tfm_crypto_cipher_update
 .text.tfm_crypto_cipher_finish
                0x0000000000010d8e        0x6 secure_fw/partitions/crypto/libtfm_psa_rot_partition_crypto.a(crypto_cipher.o)
                0x0000000000010d8e                tfm_crypto_cipher_finish
 .text.tfm_crypto_cipher_abort
                0x0000000000010d94        0x6 secure_fw/partitions/crypto/libtfm_psa_rot_partition_crypto.a(crypto_cipher.o)
                0x0000000000010d94                tfm_crypto_cipher_abort
 .text.tfm_crypto_cipher_encrypt
                0x0000000000010d9a        0x6 secure_fw/partitions/crypto/libtfm_psa_rot_partition_crypto.a(crypto_cipher.o)
                0x0000000000010d9a                tfm_crypto_cipher_encrypt
 .text.tfm_crypto_cipher_decrypt
                0x0000000000010da0        0x6 secure_fw/partitions/crypto/libtfm_psa_rot_partition_crypto.a(crypto_cipher.o)
                0x0000000000010da0                tfm_crypto_cipher_decrypt
 .text.tfm_crypto_hash_setup
                0x0000000000010da6        0x6 secure_fw/partitions/crypto/libtfm_psa_rot_partition_crypto.a(crypto_hash.o)
                0x0000000000010da6                tfm_crypto_hash_setup
 .text.tfm_crypto_hash_update
                0x0000000000010dac        0x6 secure_fw/partitions/crypto/libtfm_psa_rot_partition_crypto.a(crypto_hash.o)
                0x0000000000010dac                tfm_crypto_hash_update
 .text.tfm_crypto_hash_finish
                0x0000000000010db2        0x6 secure_fw/partitions/crypto/libtfm_psa_rot_partition_crypto.a(crypto_hash.o)
                0x0000000000010db2                tfm_crypto_hash_finish
 .text.tfm_crypto_hash_verify
                0x0000000000010db8        0x6 secure_fw/partitions/crypto/libtfm_psa_rot_partition_crypto.a(crypto_hash.o)
                0x0000000000010db8                tfm_crypto_hash_verify
 .text.tfm_crypto_hash_abort
                0x0000000000010dbe        0x6 secure_fw/partitions/crypto/libtfm_psa_rot_partition_crypto.a(crypto_hash.o)
                0x0000000000010dbe                tfm_crypto_hash_abort
 .text.tfm_crypto_hash_clone
                0x0000000000010dc4        0x6 secure_fw/partitions/crypto/libtfm_psa_rot_partition_crypto.a(crypto_hash.o)
                0x0000000000010dc4                tfm_crypto_hash_clone
 .text.tfm_crypto_hash_compute
                0x0000000000010dca        0x6 secure_fw/partitions/crypto/libtfm_psa_rot_partition_crypto.a(crypto_hash.o)
                0x0000000000010dca                tfm_crypto_hash_compute
 .text.tfm_crypto_hash_compare
                0x0000000000010dd0        0x6 secure_fw/partitions/crypto/libtfm_psa_rot_partition_crypto.a(crypto_hash.o)
                0x0000000000010dd0                tfm_crypto_hash_compare
 .text.tfm_crypto_mac_sign_setup
                0x0000000000010dd6        0x6 secure_fw/partitions/crypto/libtfm_psa_rot_partition_crypto.a(crypto_mac.o)
                0x0000000000010dd6                tfm_crypto_mac_sign_setup
 .text.tfm_crypto_mac_verify_setup
                0x0000000000010ddc        0x6 secure_fw/partitions/crypto/libtfm_psa_rot_partition_crypto.a(crypto_mac.o)
                0x0000000000010ddc                tfm_crypto_mac_verify_setup
 .text.tfm_crypto_mac_update
                0x0000000000010de2        0x6 secure_fw/partitions/crypto/libtfm_psa_rot_partition_crypto.a(crypto_mac.o)
                0x0000000000010de2                tfm_crypto_mac_update
 .text.tfm_crypto_mac_sign_finish
                0x0000000000010de8        0x6 secure_fw/partitions/crypto/libtfm_psa_rot_partition_crypto.a(crypto_mac.o)
                0x0000000000010de8                tfm_crypto_mac_sign_finish
 .text.tfm_crypto_mac_verify_finish
                0x0000000000010dee        0x6 secure_fw/partitions/crypto/libtfm_psa_rot_partition_crypto.a(crypto_mac.o)
                0x0000000000010dee                tfm_crypto_mac_verify_finish
 .text.tfm_crypto_mac_abort
                0x0000000000010df4        0x6 secure_fw/partitions/crypto/libtfm_psa_rot_partition_crypto.a(crypto_mac.o)
                0x0000000000010df4                tfm_crypto_mac_abort
 .text.tfm_crypto_mac_compute
                0x0000000000010dfa        0x6 secure_fw/partitions/crypto/libtfm_psa_rot_partition_crypto.a(crypto_mac.o)
                0x0000000000010dfa                tfm_crypto_mac_compute
 .text.tfm_crypto_mac_verify
                0x0000000000010e00        0x6 secure_fw/partitions/crypto/libtfm_psa_rot_partition_crypto.a(crypto_mac.o)
                0x0000000000010e00                tfm_crypto_mac_verify
 .text.tfm_crypto_aead_encrypt
                0x0000000000010e06        0x6 secure_fw/partitions/crypto/libtfm_psa_rot_partition_crypto.a(crypto_aead.o)
                0x0000000000010e06                tfm_crypto_aead_encrypt
 .text.tfm_crypto_aead_decrypt
                0x0000000000010e0c        0x6 secure_fw/partitions/crypto/libtfm_psa_rot_partition_crypto.a(crypto_aead.o)
                0x0000000000010e0c                tfm_crypto_aead_decrypt
 .text.tfm_crypto_aead_encrypt_setup
                0x0000000000010e12        0x6 secure_fw/partitions/crypto/libtfm_psa_rot_partition_crypto.a(crypto_aead.o)
                0x0000000000010e12                tfm_crypto_aead_encrypt_setup
 .text.tfm_crypto_aead_decrypt_setup
                0x0000000000010e18        0x6 secure_fw/partitions/crypto/libtfm_psa_rot_partition_crypto.a(crypto_aead.o)
                0x0000000000010e18                tfm_crypto_aead_decrypt_setup
 .text.tfm_crypto_aead_abort
                0x0000000000010e1e        0x6 secure_fw/partitions/crypto/libtfm_psa_rot_partition_crypto.a(crypto_aead.o)
                0x0000000000010e1e                tfm_crypto_aead_abort
 .text.tfm_crypto_aead_finish
                0x0000000000010e24        0x6 secure_fw/partitions/crypto/libtfm_psa_rot_partition_crypto.a(crypto_aead.o)
                0x0000000000010e24                tfm_crypto_aead_finish
 .text.tfm_crypto_aead_generate_nonce
                0x0000000000010e2a        0x6 secure_fw/partitions/crypto/libtfm_psa_rot_partition_crypto.a(crypto_aead.o)
                0x0000000000010e2a                tfm_crypto_aead_generate_nonce
 .text.tfm_crypto_aead_set_nonce
                0x0000000000010e30        0x6 secure_fw/partitions/crypto/libtfm_psa_rot_partition_crypto.a(crypto_aead.o)
                0x0000000000010e30                tfm_crypto_aead_set_nonce
 .text.tfm_crypto_aead_set_lengths
                0x0000000000010e36        0x6 secure_fw/partitions/crypto/libtfm_psa_rot_partition_crypto.a(crypto_aead.o)
                0x0000000000010e36                tfm_crypto_aead_set_lengths
 .text.tfm_crypto_aead_update
                0x0000000000010e3c        0x6 secure_fw/partitions/crypto/libtfm_psa_rot_partition_crypto.a(crypto_aead.o)
                0x0000000000010e3c                tfm_crypto_aead_update
 .text.tfm_crypto_aead_update_ad
                0x0000000000010e42        0x6 secure_fw/partitions/crypto/libtfm_psa_rot_partition_crypto.a(crypto_aead.o)
                0x0000000000010e42                tfm_crypto_aead_update_ad
 .text.tfm_crypto_aead_verify
                0x0000000000010e48        0x6 secure_fw/partitions/crypto/libtfm_psa_rot_partition_crypto.a(crypto_aead.o)
                0x0000000000010e48                tfm_crypto_aead_verify
 .text.tfm_crypto_sign_message
                0x0000000000010e4e        0x6 secure_fw/partitions/crypto/libtfm_psa_rot_partition_crypto.a(crypto_asymmetric.o)
                0x0000000000010e4e                tfm_crypto_sign_message
 .text.tfm_crypto_verify_message
                0x0000000000010e54        0x6 secure_fw/partitions/crypto/libtfm_psa_rot_partition_crypto.a(crypto_asymmetric.o)
                0x0000000000010e54                tfm_crypto_verify_message
 .text.tfm_crypto_sign_hash
                0x0000000000010e5a        0x6 secure_fw/partitions/crypto/libtfm_psa_rot_partition_crypto.a(crypto_asymmetric.o)
                0x0000000000010e5a                tfm_crypto_sign_hash
 .text.tfm_crypto_verify_hash
                0x0000000000010e60        0x6 secure_fw/partitions/crypto/libtfm_psa_rot_partition_crypto.a(crypto_asymmetric.o)
                0x0000000000010e60                tfm_crypto_verify_hash
 .text.tfm_crypto_asymmetric_encrypt
                0x0000000000010e66        0x6 secure_fw/partitions/crypto/libtfm_psa_rot_partition_crypto.a(crypto_asymmetric.o)
                0x0000000000010e66                tfm_crypto_asymmetric_encrypt
 .text.tfm_crypto_asymmetric_decrypt
                0x0000000000010e6c        0x6 secure_fw/partitions/crypto/libtfm_psa_rot_partition_crypto.a(crypto_asymmetric.o)
                0x0000000000010e6c                tfm_crypto_asymmetric_decrypt
 .text.tfm_crypto_key_derivation_setup
                0x0000000000010e72        0x6 secure_fw/partitions/crypto/libtfm_psa_rot_partition_crypto.a(crypto_key_derivation.o)
                0x0000000000010e72                tfm_crypto_key_derivation_setup
 .text.tfm_crypto_key_derivation_get_capacity
                0x0000000000010e78        0x6 secure_fw/partitions/crypto/libtfm_psa_rot_partition_crypto.a(crypto_key_derivation.o)
                0x0000000000010e78                tfm_crypto_key_derivation_get_capacity
 .text.tfm_crypto_key_derivation_set_capacity
                0x0000000000010e7e        0x6 secure_fw/partitions/crypto/libtfm_psa_rot_partition_crypto.a(crypto_key_derivation.o)
                0x0000000000010e7e                tfm_crypto_key_derivation_set_capacity
 .text.tfm_crypto_key_derivation_input_bytes
                0x0000000000010e84        0x6 secure_fw/partitions/crypto/libtfm_psa_rot_partition_crypto.a(crypto_key_derivation.o)
                0x0000000000010e84                tfm_crypto_key_derivation_input_bytes
 .text.tfm_crypto_key_derivation_output_bytes
                0x0000000000010e8a        0x6 secure_fw/partitions/crypto/libtfm_psa_rot_partition_crypto.a(crypto_key_derivation.o)
                0x0000000000010e8a                tfm_crypto_key_derivation_output_bytes
 .text.tfm_crypto_key_derivation_input_key
                0x0000000000010e90        0x6 secure_fw/partitions/crypto/libtfm_psa_rot_partition_crypto.a(crypto_key_derivation.o)
                0x0000000000010e90                tfm_crypto_key_derivation_input_key
 .text.tfm_crypto_key_derivation_output_key
                0x0000000000010e96        0x6 secure_fw/partitions/crypto/libtfm_psa_rot_partition_crypto.a(crypto_key_derivation.o)
                0x0000000000010e96                tfm_crypto_key_derivation_output_key
 .text.tfm_crypto_key_derivation_abort
                0x0000000000010e9c        0x6 secure_fw/partitions/crypto/libtfm_psa_rot_partition_crypto.a(crypto_key_derivation.o)
                0x0000000000010e9c                tfm_crypto_key_derivation_abort
 .text.tfm_crypto_key_derivation_key_agreement
                0x0000000000010ea2        0x6 secure_fw/partitions/crypto/libtfm_psa_rot_partition_crypto.a(crypto_key_derivation.o)
                0x0000000000010ea2                tfm_crypto_key_derivation_key_agreement
 .text.tfm_crypto_raw_key_agreement
                0x0000000000010ea8        0x6 secure_fw/partitions/crypto/libtfm_psa_rot_partition_crypto.a(crypto_key_derivation.o)
                0x0000000000010ea8                tfm_crypto_raw_key_agreement
 .text.tfm_crypto_import_key
                0x0000000000010eae        0x6 secure_fw/partitions/crypto/libtfm_psa_rot_partition_crypto.a(crypto_key_management.o)
                0x0000000000010eae                tfm_crypto_import_key
 .text.tfm_crypto_open_key
                0x0000000000010eb4        0x6 secure_fw/partitions/crypto/libtfm_psa_rot_partition_crypto.a(crypto_key_management.o)
                0x0000000000010eb4                tfm_crypto_open_key
 .text.tfm_crypto_close_key
                0x0000000000010eba        0x6 secure_fw/partitions/crypto/libtfm_psa_rot_partition_crypto.a(crypto_key_management.o)
                0x0000000000010eba                tfm_crypto_close_key
 .text.tfm_crypto_destroy_key
                0x0000000000010ec0        0x6 secure_fw/partitions/crypto/libtfm_psa_rot_partition_crypto.a(crypto_key_management.o)
                0x0000000000010ec0                tfm_crypto_destroy_key
 .text.tfm_crypto_get_key_attributes
                0x0000000000010ec6        0x6 secure_fw/partitions/crypto/libtfm_psa_rot_partition_crypto.a(crypto_key_management.o)
                0x0000000000010ec6                tfm_crypto_get_key_attributes
 .text.tfm_crypto_reset_key_attributes
                0x0000000000010ecc        0x6 secure_fw/partitions/crypto/libtfm_psa_rot_partition_crypto.a(crypto_key_management.o)
                0x0000000000010ecc                tfm_crypto_reset_key_attributes
 .text.tfm_crypto_export_key
                0x0000000000010ed2        0x6 secure_fw/partitions/crypto/libtfm_psa_rot_partition_crypto.a(crypto_key_management.o)
                0x0000000000010ed2                tfm_crypto_export_key
 .text.tfm_crypto_export_public_key
                0x0000000000010ed8        0x6 secure_fw/partitions/crypto/libtfm_psa_rot_partition_crypto.a(crypto_key_management.o)
                0x0000000000010ed8                tfm_crypto_export_public_key
 .text.tfm_crypto_purge_key
                0x0000000000010ede        0x6 secure_fw/partitions/crypto/libtfm_psa_rot_partition_crypto.a(crypto_key_management.o)
                0x0000000000010ede                tfm_crypto_purge_key
 .text.tfm_crypto_copy_key
                0x0000000000010ee4        0x6 secure_fw/partitions/crypto/libtfm_psa_rot_partition_crypto.a(crypto_key_management.o)
                0x0000000000010ee4                tfm_crypto_copy_key
 .text.tfm_crypto_generate_key
                0x0000000000010eea        0x6 secure_fw/partitions/crypto/libtfm_psa_rot_partition_crypto.a(crypto_key_management.o)
                0x0000000000010eea                tfm_crypto_generate_key
 .text.tfm_crypto_generate_random
                0x0000000000010ef0       0x1c secure_fw/partitions/crypto/libtfm_psa_rot_partition_crypto.a(crypto_rng.o)
                0x0000000000010ef0                tfm_crypto_generate_random
 .text.platform_sp_nv_counter_ipc
                0x0000000000010f0c        0x6 secure_fw/partitions/platform/libtfm_psa_rot_partition_platform.a(platform_sp.o)
 .text.platform_sp_system_reset_ipc
                0x0000000000010f12        0xa secure_fw/partitions/platform/libtfm_psa_rot_partition_platform.a(platform_sp.o)
 .text.platform_sp_ioctl_ipc
                0x0000000000010f1c       0xd6 secure_fw/partitions/platform/libtfm_psa_rot_partition_platform.a(platform_sp.o)
 .text.platform_signal_handle
                0x0000000000010ff2       0x3a secure_fw/partitions/platform/libtfm_psa_rot_partition_platform.a(platform_sp.o)
 .text.platform_sp_init
                0x000000000001102c       0x48 secure_fw/partitions/platform/libtfm_psa_rot_partition_platform.a(platform_sp.o)
                0x000000000001102c                platform_sp_init
 *tfm_psa_rot_partition*:*(.rodata*)
 .rodata.sfid_func_table
                0x0000000000011074      0x104 secure_fw/partitions/crypto/libtfm_psa_rot_partition_crypto.a(crypto_init.o)
 *(TFM_*_PSA-ROT_ATTR_FN)
                0x0000000000011180                . = ALIGN (0x20)
 *fill*         0x0000000000011178        0x8 
                0x0000000000010ba0                Image$$TFM_PSA_ROT_LINKER$$RO$$Base = ADDR (.TFM_PSA_ROT_LINKER)
                0x0000000000011180                Image$$TFM_PSA_ROT_LINKER$$RO$$Limit = (ADDR (.TFM_PSA_ROT_LINKER) + SIZEOF (.TFM_PSA_ROT_LINKER))
                0x0000000000010ba0                Image$$TFM_PSA_ROT_LINKER$$Base = ADDR (.TFM_PSA_ROT_LINKER)
                0x0000000000011180                Image$$TFM_PSA_ROT_LINKER$$Limit = (ADDR (.TFM_PSA_ROT_LINKER) + SIZEOF (.TFM_PSA_ROT_LINKER))
                0x0000000000011180                Image$$TFM_PSA_CODE_END$$Base = .
                0x0000000000011180                Image$$TFM_APP_CODE_START$$Base = .

.TFM_APP_ROT_LINKER
                0x0000000000011180        0x0
 *tfm_app_rot_partition*:*(.text*)
 *tfm_app_rot_partition*:*(.rodata*)
 *(TFM_*_APP-ROT_ATTR_FN)
                0x0000000000011180                . = ALIGN (0x20)
                0x0000000000011180                Image$$TFM_APP_ROT_LINKER$$RO$$Base = ADDR (.TFM_APP_ROT_LINKER)
                0x0000000000011180                Image$$TFM_APP_ROT_LINKER$$RO$$Limit = (ADDR (.TFM_APP_ROT_LINKER) + SIZEOF (.TFM_APP_ROT_LINKER))
                0x0000000000011180                Image$$TFM_APP_ROT_LINKER$$Base = ADDR (.TFM_APP_ROT_LINKER)
                0x0000000000011180                Image$$TFM_APP_ROT_LINKER$$Limit = (ADDR (.TFM_APP_ROT_LINKER) + SIZEOF (.TFM_APP_ROT_LINKER))
                0x0000000000011180                Image$$TFM_APP_CODE_END$$Base = .

.ER_TFM_CODE    0x0000000000011180     0x43d0
 *(.text*)
 .text          0x0000000000011180       0x40 /workdir/zephyr-sdk/arm-zephyr-eabi/bin/../lib/gcc/arm-zephyr-eabi/10.3.0/thumb/v8-m.main+fp/hard/crtbegin.o
 .text          0x00000000000111c0       0x7c /workdir/zephyr-sdk/arm-zephyr-eabi/bin/../lib/gcc/arm-zephyr-eabi/10.3.0/../../../../arm-zephyr-eabi/lib/thumb/v8-m.main+fp/hard/crt0.o
                0x00000000000111c0                _stack_init
                0x00000000000111c8                _mainCRTStartup
                0x00000000000111c8                _start
 .text.C_HardFault_Handler
                0x000000000001123c        0x4 secure_fw/CMakeFiles/tfm_s.dir/__/platform/ext/common/faults.o
                0x000000000001123c                C_HardFault_Handler
 .text.HardFault_Handler
                0x0000000000011240        0x6 secure_fw/CMakeFiles/tfm_s.dir/__/platform/ext/common/faults.o
                0x0000000000011240                HardFault_Handler
 .text.C_MemManage_Handler
                0x0000000000011246        0x4 secure_fw/CMakeFiles/tfm_s.dir/__/platform/ext/common/faults.o
                0x0000000000011246                C_MemManage_Handler
 .text.MemManage_Handler
                0x000000000001124a        0x6 secure_fw/CMakeFiles/tfm_s.dir/__/platform/ext/common/faults.o
                0x000000000001124a                MemManage_Handler
 .text.C_BusFault_Handler
                0x0000000000011250        0x4 secure_fw/CMakeFiles/tfm_s.dir/__/platform/ext/common/faults.o
                0x0000000000011250                C_BusFault_Handler
 .text.BusFault_Handler
                0x0000000000011254        0x6 secure_fw/CMakeFiles/tfm_s.dir/__/platform/ext/common/faults.o
                0x0000000000011254                BusFault_Handler
 .text.C_SecureFault_Handler
                0x000000000001125a        0x4 secure_fw/CMakeFiles/tfm_s.dir/__/platform/ext/common/faults.o
                0x000000000001125a                C_SecureFault_Handler
 .text.SecureFault_Handler
                0x000000000001125e        0x6 secure_fw/CMakeFiles/tfm_s.dir/__/platform/ext/common/faults.o
                0x000000000001125e                SecureFault_Handler
 .text.C_UsageFault_Handler
                0x0000000000011264        0x4 secure_fw/CMakeFiles/tfm_s.dir/__/platform/ext/common/faults.o
                0x0000000000011264                C_UsageFault_Handler
 .text.UsageFault_Handler
                0x0000000000011268        0x6 secure_fw/CMakeFiles/tfm_s.dir/__/platform/ext/common/faults.o
                0x0000000000011268                UsageFault_Handler
 *fill*         0x000000000001126e        0x2 
 .text.hw_init_reset_on_boot
                0x0000000000011270       0xec platform/libplatform_s.a(hw_init.o)
                0x0000000000011270                hw_init_reset_on_boot
 .text.nrf91_errata_14
                0x000000000001135c       0x20 platform/libplatform_s.a(system_nrf9160.o)
 .text.SystemInit
                0x000000000001137c      0x1a4 platform/libplatform_s.a(system_nrf9160.o)
                0x000000000001137c                SystemInit
 .text.startup.main
                0x0000000000011520       0x50 secure_fw/spm/libtfm_spm.a(main.o)
                0x0000000000011520                main
 .text.cross_call_entering_c
                0x0000000000011570       0x2c secure_fw/spm/libtfm_spm.a(spm_cross_call.o)
                0x0000000000011570                cross_call_entering_c
 .text.cross_call_exiting_c
                0x000000000001159c       0x30 secure_fw/spm/libtfm_spm.a(spm_cross_call.o)
                0x000000000001159c                cross_call_exiting_c
 .text.spm_interface_cross_dispatcher
                0x00000000000115cc       0x38 secure_fw/spm/libtfm_spm.a(spm_cross_call.o)
                0x00000000000115cc                spm_interface_cross_dispatcher
 .text.spm_handle_programmer_errors
                0x0000000000011604       0x18 secure_fw/spm/libtfm_spm.a(psa_api.o)
                0x0000000000011604                spm_handle_programmer_errors
 .text.tfm_spm_get_lifecycle_state
                0x000000000001161c        0x4 secure_fw/spm/libtfm_spm.a(psa_api.o)
                0x000000000001161c                tfm_spm_get_lifecycle_state
 .text.tfm_spm_client_psa_framework_version
                0x0000000000011620        0x6 secure_fw/spm/libtfm_spm.a(psa_api.o)
                0x0000000000011620                tfm_spm_client_psa_framework_version
 .text.tfm_spm_client_psa_version
                0x0000000000011626       0x2e secure_fw/spm/libtfm_spm.a(psa_api.o)
                0x0000000000011626                tfm_spm_client_psa_version
 .text.tfm_spm_client_psa_call
                0x0000000000011654      0x20c secure_fw/spm/libtfm_spm.a(psa_api.o)
                0x0000000000011654                tfm_spm_client_psa_call
 .text.tfm_spm_client_psa_connect
                0x0000000000011860       0xa4 secure_fw/spm/libtfm_spm.a(psa_api.o)
                0x0000000000011860                tfm_spm_client_psa_connect
 .text.tfm_spm_client_psa_close
                0x0000000000011904       0x74 secure_fw/spm/libtfm_spm.a(psa_api.o)
                0x0000000000011904                tfm_spm_client_psa_close
 .text.tfm_spm_partition_psa_wait
                0x0000000000011978       0x40 secure_fw/spm/libtfm_spm.a(psa_api.o)
                0x0000000000011978                tfm_spm_partition_psa_wait
 .text.tfm_spm_partition_psa_get
                0x00000000000119b8       0x68 secure_fw/spm/libtfm_spm.a(psa_api.o)
                0x00000000000119b8                tfm_spm_partition_psa_get
 .text.tfm_spm_partition_psa_read
                0x0000000000011a20       0x70 secure_fw/spm/libtfm_spm.a(psa_api.o)
                0x0000000000011a20                tfm_spm_partition_psa_read
 .text.tfm_spm_partition_psa_skip
                0x0000000000011a90       0x46 secure_fw/spm/libtfm_spm.a(psa_api.o)
                0x0000000000011a90                tfm_spm_partition_psa_skip
 .text.tfm_spm_partition_psa_write
                0x0000000000011ad6       0x6c secure_fw/spm/libtfm_spm.a(psa_api.o)
                0x0000000000011ad6                tfm_spm_partition_psa_write
 *fill*         0x0000000000011b42        0x2 
 .text.tfm_spm_partition_psa_reply
                0x0000000000011b44       0xa4 secure_fw/spm/libtfm_spm.a(psa_api.o)
                0x0000000000011b44                tfm_spm_partition_psa_reply
 .text.tfm_spm_partition_psa_notify
                0x0000000000011be8       0x10 secure_fw/spm/libtfm_spm.a(psa_api.o)
                0x0000000000011be8                tfm_spm_partition_psa_notify
 .text.tfm_spm_partition_psa_clear
                0x0000000000011bf8       0x2c secure_fw/spm/libtfm_spm.a(psa_api.o)
                0x0000000000011bf8                tfm_spm_partition_psa_clear
 .text.tfm_spm_partition_psa_panic
                0x0000000000011c24        0x4 secure_fw/spm/libtfm_spm.a(psa_api.o)
                0x0000000000011c24                tfm_spm_partition_psa_panic
 .text.tfm_spm_partition_psa_set_rhandle
                0x0000000000011c28       0x24 secure_fw/spm/libtfm_spm.a(psa_api.o)
                0x0000000000011c28                tfm_spm_partition_psa_set_rhandle
 .text.ipc_wake_up
                0x0000000000011c4c       0x16 secure_fw/spm/libtfm_spm.a(backend_ipc.o)
 .text.ipc_replying
                0x0000000000011c62        0xc secure_fw/spm/libtfm_spm.a(backend_ipc.o)
 *fill*         0x0000000000011c6e        0x2 
 .text.ipc_wait
                0x0000000000011c70       0x28 secure_fw/spm/libtfm_spm.a(backend_ipc.o)
 .text.ipc_messaging
                0x0000000000011c98       0x64 secure_fw/spm/libtfm_spm.a(backend_ipc.o)
 .text.ipc_system_run
                0x0000000000011cfc       0x28 secure_fw/spm/libtfm_spm.a(backend_ipc.o)
 .text.ipc_comp_init_assuredly
                0x0000000000011d24       0xbc secure_fw/spm/libtfm_spm.a(backend_ipc.o)
 .text.tfm_core_svc_handler
                0x0000000000011de0      0x144 secure_fw/spm/libtfm_spm.a(tfm_core_svcalls_ipc.o)
                0x0000000000011de0                tfm_core_svc_handler
 .text.tfm_core_handler_mode
                0x0000000000011f24        0x4 secure_fw/spm/libtfm_spm.a(tfm_core_svcalls_ipc.o)
                0x0000000000011f24                tfm_core_handler_mode
 .text.tfm_access_violation_handler
                0x0000000000011f28        0x4 secure_fw/spm/libtfm_spm.a(tfm_core_svcalls_ipc.o)
                0x0000000000011f28                tfm_access_violation_handler
 .text.thrd_next
                0x0000000000011f2c       0x18 secure_fw/spm/libtfm_spm.a(thread.o)
                0x0000000000011f2c                thrd_next
 .text.thrd_set_state
                0x0000000000011f44       0x28 secure_fw/spm/libtfm_spm.a(thread.o)
                0x0000000000011f44                thrd_set_state
 .text.thrd_start
                0x0000000000011f6c       0x44 secure_fw/spm/libtfm_spm.a(thread.o)
                0x0000000000011f6c                thrd_start
 .text.thrd_start_scheduler
                0x0000000000011fb0       0x1c secure_fw/spm/libtfm_spm.a(thread.o)
                0x0000000000011fb0                thrd_start_scheduler
 .text.thrd_set_wait
                0x0000000000011fcc       0x18 secure_fw/spm/libtfm_spm.a(thread.o)
                0x0000000000011fcc                thrd_set_wait
 .text.thrd_wake_up
                0x0000000000011fe4       0x26 secure_fw/spm/libtfm_spm.a(thread.o)
                0x0000000000011fe4                thrd_wake_up
 *fill*         0x000000000001200a        0x2 
 .text.arch_non_preempt_call
                0x000000000001200c       0x54 secure_fw/spm/libtfm_spm.a(tfm_arch_v8m_main.o)
                0x000000000001200c                arch_non_preempt_call
 .text.PendSV_Handler
                0x0000000000012060       0x3c secure_fw/spm/libtfm_spm.a(tfm_arch_v8m_main.o)
                0x0000000000012060                PendSV_Handler
 .text.SVC_Handler
                0x000000000001209c       0x54 secure_fw/spm/libtfm_spm.a(tfm_arch_v8m_main.o)
                0x000000000001209c                SVC_Handler
 .text.tfm_arch_set_secure_exception_priorities
                0x00000000000120f0       0x28 secure_fw/spm/libtfm_spm.a(tfm_arch_v8m_main.o)
                0x00000000000120f0                tfm_arch_set_secure_exception_priorities
 .text.tfm_arch_config_extensions
                0x0000000000012118       0x44 secure_fw/spm/libtfm_spm.a(tfm_arch_v8m_main.o)
                0x0000000000012118                tfm_arch_config_extensions
 .text.tfm_arch_clear_fp_status
                0x000000000001215c       0x12 secure_fw/spm/libtfm_spm.a(tfm_arch_v8m_main.o)
                0x000000000001215c                tfm_arch_clear_fp_status
 .text.tfm_arch_clear_fp_data
                0x000000000001216e       0x8a secure_fw/spm/libtfm_spm.a(tfm_arch_v8m_main.o)
                0x000000000001216e                tfm_arch_clear_fp_data
 .text.ns_agent_tz_init_c
                0x00000000000121f8       0x20 secure_fw/spm/libtfm_spm.a(ns_agent_tz.o)
 .text.ns_agent_tz_main
                0x0000000000012218       0x34 secure_fw/spm/libtfm_spm.a(ns_agent_tz.o)
                0x0000000000012218                ns_agent_tz_main
 .text.tfm_idle_thread
                0x000000000001224c       0x14 secure_fw/spm/libtfm_spm.a(idle_partition.o)
                0x000000000001224c                tfm_idle_thread
 .text.tfm_core_validate_boot_data
                0x0000000000012260        0xc secure_fw/spm/libtfm_spm.a(tfm_boot_data.o)
                0x0000000000012260                tfm_core_validate_boot_data
 .text.tfm_core_get_boot_data_handler
                0x000000000001226c       0x30 secure_fw/spm/libtfm_spm.a(tfm_boot_data.o)
                0x000000000001226c                tfm_core_get_boot_data_handler
 .text.spm_memcpy
                0x000000000001229c       0x6c secure_fw/spm/libtfm_spm.a(tfm_core_utils.o)
                0x000000000001229c                spm_memcpy
 .text.spm_memset
                0x0000000000012308       0x4e secure_fw/spm/libtfm_spm.a(tfm_core_utils.o)
                0x0000000000012308                spm_memset
 .text.tfm_core_panic
                0x0000000000012356        0x4 secure_fw/spm/libtfm_spm.a(utilities.o)
                0x0000000000012356                tfm_core_panic
 *fill*         0x000000000001235a        0x2 
 .text.tfm_arch_free_msp_and_exc_ret
                0x000000000001235c       0x10 secure_fw/spm/libtfm_spm.a(tfm_arch.o)
                0x000000000001235c                tfm_arch_free_msp_and_exc_ret
 .text.tfm_arch_set_context_ret_code
                0x000000000001236c       0x14 secure_fw/spm/libtfm_spm.a(tfm_arch.o)
                0x000000000001236c                tfm_arch_set_context_ret_code
 .text.tfm_arch_trigger_pendsv
                0x0000000000012380       0x18 secure_fw/spm/libtfm_spm.a(tfm_arch.o)
                0x0000000000012380                tfm_arch_trigger_pendsv
 .text.tfm_arch_init_context
                0x0000000000012398       0x44 secure_fw/spm/libtfm_spm.a(tfm_arch.o)
                0x0000000000012398                tfm_arch_init_context
 .text.tfm_arch_refresh_hardware_context
                0x00000000000123dc       0x12 secure_fw/spm/libtfm_spm.a(tfm_arch.o)
                0x00000000000123dc                tfm_arch_refresh_hardware_context
 *fill*         0x00000000000123ee        0x2 
 .text.tfm_spm_to_user_handle
                0x00000000000123f0       0x20 secure_fw/spm/libtfm_spm.a(spm_ipc.o)
                0x00000000000123f0                tfm_spm_to_user_handle
 .text.tfm_spm_to_handle_instance
                0x0000000000012410       0x10 secure_fw/spm/libtfm_spm.a(spm_ipc.o)
                0x0000000000012410                tfm_spm_to_handle_instance
 .text.tfm_spm_create_conn_handle
                0x0000000000012420       0x20 secure_fw/spm/libtfm_spm.a(spm_ipc.o)
                0x0000000000012420                tfm_spm_create_conn_handle
 .text.tfm_spm_validate_conn_handle
                0x0000000000012440       0x1c secure_fw/spm/libtfm_spm.a(spm_ipc.o)
                0x0000000000012440                tfm_spm_validate_conn_handle
 .text.tfm_spm_free_conn_handle
                0x000000000001245c       0x1c secure_fw/spm/libtfm_spm.a(spm_ipc.o)
                0x000000000001245c                tfm_spm_free_conn_handle
 .text.spm_get_handle_by_signal
                0x0000000000012478       0x4e secure_fw/spm/libtfm_spm.a(spm_ipc.o)
                0x0000000000012478                spm_get_handle_by_signal
 *fill*         0x00000000000124c6        0x2 
 .text.tfm_spm_get_service_by_sid
                0x00000000000124c8       0x2c secure_fw/spm/libtfm_spm.a(spm_ipc.o)
                0x00000000000124c8                tfm_spm_get_service_by_sid
 .text.tfm_spm_get_partition_by_id
                0x00000000000124f4       0x1c secure_fw/spm/libtfm_spm.a(spm_ipc.o)
                0x00000000000124f4                tfm_spm_get_partition_by_id
 .text.tfm_spm_check_client_version
                0x0000000000012510       0x24 secure_fw/spm/libtfm_spm.a(spm_ipc.o)
                0x0000000000012510                tfm_spm_check_client_version
 .text.tfm_spm_check_authorization
                0x0000000000012534       0x48 secure_fw/spm/libtfm_spm.a(spm_ipc.o)
                0x0000000000012534                tfm_spm_check_authorization
 .text.spm_get_handle_by_client_handle
                0x000000000001257c       0x20 secure_fw/spm/libtfm_spm.a(spm_ipc.o)
                0x000000000001257c                spm_get_handle_by_client_handle
 .text.spm_fill_message
                0x000000000001259c       0x98 secure_fw/spm/libtfm_spm.a(spm_ipc.o)
                0x000000000001259c                spm_fill_message
 .text.tfm_spm_partition_get_running_partition_id
                0x0000000000012634       0x20 secure_fw/spm/libtfm_spm.a(spm_ipc.o)
                0x0000000000012634                tfm_spm_partition_get_running_partition_id
 .text.spm_get_handle_by_msg_handle
                0x0000000000012654       0x28 secure_fw/spm/libtfm_spm.a(spm_ipc.o)
                0x0000000000012654                spm_get_handle_by_msg_handle
 .text.tfm_memory_check
                0x000000000001267c       0x40 secure_fw/spm/libtfm_spm.a(spm_ipc.o)
                0x000000000001267c                tfm_memory_check
 .text.tfm_spm_is_ns_caller
                0x00000000000126bc       0x24 secure_fw/spm/libtfm_spm.a(spm_ipc.o)
                0x00000000000126bc                tfm_spm_is_ns_caller
 .text.tfm_spm_get_client_id
                0x00000000000126e0       0x20 secure_fw/spm/libtfm_spm.a(spm_ipc.o)
                0x00000000000126e0                tfm_spm_get_client_id
 .text.tfm_spm_init
                0x0000000000012700       0x9c secure_fw/spm/libtfm_spm.a(spm_ipc.o)
                0x0000000000012700                tfm_spm_init
 .text.do_schedule
                0x000000000001279c       0x80 secure_fw/spm/libtfm_spm.a(spm_ipc.o)
                0x000000000001279c                do_schedule
 .text.update_caller_outvec_len
                0x000000000001281c       0x28 secure_fw/spm/libtfm_spm.a(spm_ipc.o)
                0x000000000001281c                update_caller_outvec_len
 .text.spm_assert_signal
                0x0000000000012844       0x30 secure_fw/spm/libtfm_spm.a(spm_ipc.o)
                0x0000000000012844                spm_assert_signal
 .text.load_a_partition_assuredly
                0x0000000000012874       0xd8 secure_fw/spm/libtfm_spm.a(static_load.o)
                0x0000000000012874                load_a_partition_assuredly
 .text.load_services_assuredly
                0x000000000001294c       0xd0 secure_fw/spm/libtfm_spm.a(static_load.o)
                0x000000000001294c                load_services_assuredly
 .text.load_irqs_assuredly
                0x0000000000012a1c       0x7e secure_fw/spm/libtfm_spm.a(static_load.o)
                0x0000000000012a1c                load_irqs_assuredly
 *fill*         0x0000000000012a9a        0x2 
 .text.tfm_pool_init
                0x0000000000012a9c       0x5c secure_fw/spm/libtfm_spm.a(tfm_pools.o)
                0x0000000000012a9c                tfm_pool_init
 .text.tfm_pool_alloc
                0x0000000000012af8       0x16 secure_fw/spm/libtfm_spm.a(tfm_pools.o)
                0x0000000000012af8                tfm_pool_alloc
 .text.tfm_pool_free
                0x0000000000012b0e        0xc secure_fw/spm/libtfm_spm.a(tfm_pools.o)
                0x0000000000012b0e                tfm_pool_free
 .text.is_valid_chunk_data_in_pool
                0x0000000000012b1a       0x30 secure_fw/spm/libtfm_spm.a(tfm_pools.o)
                0x0000000000012b1a                is_valid_chunk_data_in_pool
 .text.tfm_nspm_get_current_client_id
                0x0000000000012b4a        0x6 secure_fw/spm/libtfm_spm.a(tfm_spm_ns_ctx.o)
                0x0000000000012b4a                tfm_nspm_get_current_client_id
 .text.tfm_nspm_ctx_init
                0x0000000000012b50        0x2 secure_fw/spm/libtfm_spm.a(tfm_spm_ns_ctx.o)
                0x0000000000012b50                tfm_nspm_ctx_init
 *fill*         0x0000000000012b52        0x2 
 .text.verify_header
                0x0000000000012b54       0x40 secure_fw/partitions/crypto/mbedcrypto/nrf_security_src/libcrypto_service_mbedcrypto.a(memory_buffer_alloc.o)
 .text.verify_chain
                0x0000000000012b94       0x3c secure_fw/partitions/crypto/mbedcrypto/nrf_security_src/libcrypto_service_mbedcrypto.a(memory_buffer_alloc.o)
 .text.buffer_alloc_calloc
                0x0000000000012bd0       0xf4 secure_fw/partitions/crypto/mbedcrypto/nrf_security_src/libcrypto_service_mbedcrypto.a(memory_buffer_alloc.o)
 .text.buffer_alloc_free
                0x0000000000012cc4       0xf4 secure_fw/partitions/crypto/mbedcrypto/nrf_security_src/libcrypto_service_mbedcrypto.a(memory_buffer_alloc.o)
 .text.mbedtls_memory_buffer_alloc_init
                0x0000000000012db8       0x64 secure_fw/partitions/crypto/mbedcrypto/nrf_security_src/libcrypto_service_mbedcrypto.a(memory_buffer_alloc.o)
                0x0000000000012db8                mbedtls_memory_buffer_alloc_init
 .text.psa_remove_key_data_from_memory
                0x0000000000012e1c       0x1c secure_fw/partitions/crypto/mbedcrypto/nrf_security_src/libcrypto_service_mbedcrypto.a(psa_crypto.o)
                0x0000000000012e1c                psa_remove_key_data_from_memory
 .text.psa_wipe_key_slot
                0x0000000000012e38       0x22 secure_fw/partitions/crypto/mbedcrypto/nrf_security_src/libcrypto_service_mbedcrypto.a(psa_crypto.o)
                0x0000000000012e38                psa_wipe_key_slot
 *fill*         0x0000000000012e5a        0x2 
 .text.mbedcrypto__psa_generate_random
                0x0000000000012e5c       0x38 secure_fw/partitions/crypto/mbedcrypto/nrf_security_src/libcrypto_service_mbedcrypto.a(psa_crypto.o)
                0x0000000000012e5c                mbedcrypto__psa_generate_random
 .text.mbedtls_psa_crypto_free
                0x0000000000012e94       0x30 secure_fw/partitions/crypto/mbedcrypto/nrf_security_src/libcrypto_service_mbedcrypto.a(psa_crypto.o)
                0x0000000000012e94                mbedtls_psa_crypto_free
 .text.mbedcrypto__psa_crypto_init
                0x0000000000012ec4       0x48 secure_fw/partitions/crypto/mbedcrypto/nrf_security_src/libcrypto_service_mbedcrypto.a(psa_crypto.o)
                0x0000000000012ec4                mbedcrypto__psa_crypto_init
 .text.psa_initialize_key_slots
                0x0000000000012f0c       0x18 secure_fw/partitions/crypto/mbedcrypto/nrf_security_src/libcrypto_service_mbedcrypto.a(psa_crypto_slot_management.o)
                0x0000000000012f0c                psa_initialize_key_slots
 .text.psa_wipe_all_key_slots
                0x0000000000012f24       0x2c secure_fw/partitions/crypto/mbedcrypto/nrf_security_src/libcrypto_service_mbedcrypto.a(psa_crypto_slot_management.o)
                0x0000000000012f24                psa_wipe_all_key_slots
 .text.psa_driver_wrapper_init
                0x0000000000012f50        0x4 secure_fw/partitions/crypto/mbedcrypto/nrf_security_src/libcrypto_service_mbedcrypto.a(psa_crypto_driver_wrappers.o)
                0x0000000000012f50                psa_driver_wrapper_init
 .text.psa_driver_wrapper_free
                0x0000000000012f54        0x2 secure_fw/partitions/crypto/mbedcrypto/nrf_security_src/libcrypto_service_mbedcrypto.a(psa_crypto_driver_wrappers.o)
                0x0000000000012f54                psa_driver_wrapper_free
 .text.mbedtls_psa_external_get_random
                0x0000000000012f56       0x20 secure_fw/partitions/crypto/mbedcrypto/nrf_security_src/libcrypto_service_mbedcrypto.a(random_ext.o)
                0x0000000000012f56                mbedtls_psa_external_get_random
 .text.tfm_hal_bind_boundaries
                0x0000000000012f76       0x3e platform/libplatform_s.a(tfm_hal_isolation.o)
                0x0000000000012f76                tfm_hal_bind_boundaries
 .text.tfm_hal_update_boundaries
                0x0000000000012fb4       0x1e platform/libplatform_s.a(tfm_hal_isolation.o)
                0x0000000000012fb4                tfm_hal_update_boundaries
 .text.tfm_hal_memory_has_access
                0x0000000000012fd2      0x138 platform/libplatform_s.a(tfm_hal_isolation.o)
                0x0000000000012fd2                tfm_hal_memory_has_access
 *fill*         0x000000000001310a        0x2 
 .text.mpu_init_cfg
                0x000000000001310c      0x11c platform/libplatform_s.a(tfm_hal_isolation.o)
                0x000000000001310c                mpu_init_cfg
 .text.tfm_hal_set_up_static_boundaries
                0x0000000000013228       0x1e platform/libplatform_s.a(tfm_hal_isolation.o)
                0x0000000000013228                tfm_hal_set_up_static_boundaries
 .text.tfm_hal_platform_common_init
                0x0000000000013246       0x28 platform/libplatform_s.a(tfm_hal_platform_common.o)
                0x0000000000013246                tfm_hal_platform_common_init
 *fill*         0x000000000001326e        0x2 
 .text.tfm_hal_get_ns_VTOR
                0x0000000000013270        0xc platform/libplatform_s.a(tfm_hal_platform_common.o)
                0x0000000000013270                tfm_hal_get_ns_VTOR
 .text.tfm_hal_get_ns_MSP
                0x000000000001327c        0xc platform/libplatform_s.a(tfm_hal_platform_common.o)
                0x000000000001327c                tfm_hal_get_ns_MSP
 .text.tfm_hal_get_ns_entry_point
                0x0000000000013288        0xc platform/libplatform_s.a(tfm_hal_platform_common.o)
                0x0000000000013288                tfm_hal_get_ns_entry_point
 .text.tfm_hal_irq_enable
                0x0000000000013294       0x20 platform/libplatform_s.a(tfm_hal_nvic.o)
                0x0000000000013294                tfm_hal_irq_enable
 .text.tfm_hal_irq_disable
                0x00000000000132b4       0x2c platform/libplatform_s.a(tfm_hal_nvic.o)
                0x00000000000132b4                tfm_hal_irq_disable
 .text.enable_fault_handlers
                0x00000000000132e0       0x14 platform/libplatform_s.a(target_cfg.o)
                0x00000000000132e0                enable_fault_handlers
 .text.system_reset_cfg
                0x00000000000132f4       0x18 platform/libplatform_s.a(target_cfg.o)
                0x00000000000132f4                system_reset_cfg
 .text.init_debug
                0x000000000001330c        0x4 platform/libplatform_s.a(target_cfg.o)
                0x000000000001330c                init_debug
 .text.nvic_interrupt_target_state_cfg
                0x0000000000013310       0x30 platform/libplatform_s.a(target_cfg.o)
                0x0000000000013310                nvic_interrupt_target_state_cfg
 .text.nvic_interrupt_enable
                0x0000000000013340       0x18 platform/libplatform_s.a(target_cfg.o)
                0x0000000000013340                nvic_interrupt_enable
 .text.sau_and_idau_cfg
                0x0000000000013358       0x20 platform/libplatform_s.a(target_cfg.o)
                0x0000000000013358                sau_and_idau_cfg
 .text.spu_init_cfg
                0x0000000000013378       0x44 platform/libplatform_s.a(target_cfg.o)
                0x0000000000013378                spu_init_cfg
 .text.spu_periph_init_cfg
                0x00000000000133bc      0x188 platform/libplatform_s.a(target_cfg.o)
                0x00000000000133bc                spu_periph_init_cfg
 .text.tfm_hal_platform_init
                0x0000000000013544       0x30 platform/libplatform_s.a(tfm_hal_platform.o)
                0x0000000000013544                tfm_hal_platform_init
 .text.tfm_plat_otp_init
                0x0000000000013574        0x4 platform/libplatform_s.a(dummy_otp.o)
                0x0000000000013574                tfm_plat_otp_init
 .text.tfm_plat_provisioning_is_required
                0x0000000000013578        0x4 platform/libplatform_s.a(dummy_provisioning.o)
                0x0000000000013578                tfm_plat_provisioning_is_required
 .text.tfm_plat_provisioning_perform
                0x000000000001357c        0x4 platform/libplatform_s.a(dummy_provisioning.o)
                0x000000000001357c                tfm_plat_provisioning_perform
 .text.tfm_plat_provisioning_check_for_dummy_keys
                0x0000000000013580        0x2 platform/libplatform_s.a(dummy_provisioning.o)
                0x0000000000013580                tfm_plat_provisioning_check_for_dummy_keys
 *fill*         0x0000000000013582        0x2 
 .text.tfm_platform_hal_system_reset
                0x0000000000013584       0x24 platform/libplatform_s.a(tfm_platform_system.o)
                0x0000000000013584                tfm_platform_hal_system_reset
 .text.tfm_platform_hal_ioctl
                0x00000000000135a8       0x10 platform/libplatform_s.a(tfm_platform_system.o)
                0x00000000000135a8                tfm_platform_hal_ioctl
 .text.tfm_hal_system_reset
                0x00000000000135b8       0x24 platform/libplatform_s.a(tfm_platform.o)
                0x00000000000135b8                tfm_hal_system_reset
 .text.mpu_armv8m_enable
                0x00000000000135dc       0x30 platform/libplatform_s.a(mpu_armv8m_drv.o)
                0x00000000000135dc                mpu_armv8m_enable
 .text.mpu_armv8m_region_enable
                0x000000000001360c       0x64 platform/libplatform_s.a(mpu_armv8m_drv.o)
                0x000000000001360c                mpu_armv8m_region_enable
 .text.mpu_armv8m_region_disable
                0x0000000000013670       0x14 platform/libplatform_s.a(mpu_armv8m_drv.o)
                0x0000000000013670                mpu_armv8m_region_disable
 .text.mpu_armv8m_clean
                0x0000000000013684       0x1e platform/libplatform_s.a(mpu_armv8m_drv.o)
                0x0000000000013684                mpu_armv8m_clean
 *fill*         0x00000000000136a2        0x2 
 .text.spu_enable_interrupts
                0x00000000000136a4       0x10 platform/libplatform_s.a(spu.o)
                0x00000000000136a4                spu_enable_interrupts
 .text.spu_regions_reset_all_secure
                0x00000000000136b4       0x2c platform/libplatform_s.a(spu.o)
                0x00000000000136b4                spu_regions_reset_all_secure
 .text.spu_regions_flash_config_non_secure
                0x00000000000136e0       0x24 platform/libplatform_s.a(spu.o)
                0x00000000000136e0                spu_regions_flash_config_non_secure
 .text.spu_regions_sram_config_non_secure
                0x0000000000013704       0x2c platform/libplatform_s.a(spu.o)
                0x0000000000013704                spu_regions_sram_config_non_secure
 .text.spu_regions_flash_config_non_secure_callable
                0x0000000000013730       0x30 platform/libplatform_s.a(spu.o)
                0x0000000000013730                spu_regions_flash_config_non_secure_callable
 .text.spu_regions_flash_get_base_address_in_region
                0x0000000000013760        0x4 platform/libplatform_s.a(spu.o)
                0x0000000000013760                spu_regions_flash_get_base_address_in_region
 .text.spu_regions_flash_get_last_address_in_region
                0x0000000000013764        0xa platform/libplatform_s.a(spu.o)
                0x0000000000013764                spu_regions_flash_get_last_address_in_region
 .text.spu_regions_flash_get_start_id
                0x000000000001376e        0x4 platform/libplatform_s.a(spu.o)
                0x000000000001376e                spu_regions_flash_get_start_id
 .text.spu_regions_flash_get_last_id
                0x0000000000013772        0x4 platform/libplatform_s.a(spu.o)
                0x0000000000013772                spu_regions_flash_get_last_id
 .text.spu_regions_flash_get_region_size
                0x0000000000013776        0x6 platform/libplatform_s.a(spu.o)
                0x0000000000013776                spu_regions_flash_get_region_size
 .text.spu_regions_sram_get_base_address_in_region
                0x000000000001377c        0xa platform/libplatform_s.a(spu.o)
                0x000000000001377c                spu_regions_sram_get_base_address_in_region
 *fill*         0x0000000000013786        0x2 
 .text.spu_regions_sram_get_last_address_in_region
                0x0000000000013788        0xc platform/libplatform_s.a(spu.o)
                0x0000000000013788                spu_regions_sram_get_last_address_in_region
 .text.spu_regions_sram_get_start_id
                0x0000000000013794        0x4 platform/libplatform_s.a(spu.o)
                0x0000000000013794                spu_regions_sram_get_start_id
 .text.spu_regions_sram_get_last_id
                0x0000000000013798        0x4 platform/libplatform_s.a(spu.o)
                0x0000000000013798                spu_regions_sram_get_last_id
 .text.spu_regions_sram_get_region_size
                0x000000000001379c        0x6 platform/libplatform_s.a(spu.o)
                0x000000000001379c                spu_regions_sram_get_region_size
 *fill*         0x00000000000137a2        0x2 
 .text.spu_peripheral_config_non_secure
                0x00000000000137a4       0x20 platform/libplatform_s.a(spu.o)
                0x00000000000137a4                spu_peripheral_config_non_secure
 .text.tfm_platform_hal_read_service
                0x00000000000137c4       0x74 platform/libplatform_s.a(tfm_platform_hal_ioctl.o)
                0x00000000000137c4                tfm_platform_hal_read_service
 .text.nrf_cc3xx_platform_init_hmac_drbg
                0x0000000000013838       0x44 /workdir/nrfxlib/crypto/nrf_cc310_platform/lib/cortex-m33/hard-float/no-interrupts/libnrf_cc310_platform_0.9.15.a(nrf_cc3xx_platform.c.obj)
                0x0000000000013838                nrf_cc3xx_platform_init_hmac_drbg
 .text.nrf_cc3xx_platform_hmac_drbg_init
                0x000000000001387c       0x68 /workdir/nrfxlib/crypto/nrf_cc310_platform/lib/cortex-m33/hard-float/no-interrupts/libnrf_cc310_platform_0.9.15.a(nrf_cc3xx_platform_hmac_drbg.c.obj)
                0x000000000001387c                nrf_cc3xx_platform_hmac_drbg_init
 .text.nrf_cc3xx_platform_hmac_drbg_get
                0x00000000000138e4       0x48 /workdir/nrfxlib/crypto/nrf_cc310_platform/lib/cortex-m33/hard-float/no-interrupts/libnrf_cc310_platform_0.9.15.a(nrf_cc3xx_platform_hmac_drbg.c.obj)
                0x00000000000138e4                nrf_cc3xx_platform_hmac_drbg_get
 .text.mbedtls_zeroize_internal
                0x000000000001392c       0x14 /workdir/nrfxlib/crypto/nrf_cc310_platform/lib/cortex-m33/hard-float/no-interrupts/libnrf_cc310_platform_0.9.15.a(mbedtls_common.c.obj)
                0x000000000001392c                mbedtls_zeroize_internal
 .text.mbedtls_platform_zeroize
                0x0000000000013940       0x14 /workdir/nrfxlib/crypto/nrf_cc310_platform/lib/cortex-m33/hard-float/no-interrupts/libnrf_cc310_platform_0.9.15.a(mbedtls_common.c.obj)
                0x0000000000013940                mbedtls_platform_zeroize
 .text.cc_hmac_sha256_starts.constprop.0
                0x0000000000013954      0x108 /workdir/nrfxlib/crypto/nrf_cc310_platform/lib/cortex-m33/hard-float/no-interrupts/libnrf_cc310_platform_0.9.15.a(hmac_drbg_alt.c.obj)
 .text.cc_mbedtls_hmac_drbg_init
                0x0000000000013a5c       0x28 /workdir/nrfxlib/crypto/nrf_cc310_platform/lib/cortex-m33/hard-float/no-interrupts/libnrf_cc310_platform_0.9.15.a(hmac_drbg_alt.c.obj)
                0x0000000000013a5c                cc_mbedtls_hmac_drbg_init
 .text.cc_mbedtls_hmac_drbg_update
                0x0000000000013a84      0x170 /workdir/nrfxlib/crypto/nrf_cc310_platform/lib/cortex-m33/hard-float/no-interrupts/libnrf_cc310_platform_0.9.15.a(hmac_drbg_alt.c.obj)
                0x0000000000013a84                cc_mbedtls_hmac_drbg_update
 .text.cc_hmac_drbg_reseed_core
                0x0000000000013bf4       0xac /workdir/nrfxlib/crypto/nrf_cc310_platform/lib/cortex-m33/hard-float/no-interrupts/libnrf_cc310_platform_0.9.15.a(hmac_drbg_alt.c.obj)
 .text.cc_mbedtls_hmac_drbg_seed
                0x0000000000013ca0       0x54 /workdir/nrfxlib/crypto/nrf_cc310_platform/lib/cortex-m33/hard-float/no-interrupts/libnrf_cc310_platform_0.9.15.a(hmac_drbg_alt.c.obj)
                0x0000000000013ca0                cc_mbedtls_hmac_drbg_seed
 .text.cc_mbedtls_hmac_drbg_random_with_add
                0x0000000000013cf4      0x144 /workdir/nrfxlib/crypto/nrf_cc310_platform/lib/cortex-m33/hard-float/no-interrupts/libnrf_cc310_platform_0.9.15.a(hmac_drbg_alt.c.obj)
                0x0000000000013cf4                cc_mbedtls_hmac_drbg_random_with_add
 .text.entropy_update
                0x0000000000013e38       0x7c /workdir/nrfxlib/crypto/nrf_cc310_platform/lib/cortex-m33/hard-float/no-interrupts/libnrf_cc310_platform_0.9.15.a(entropy.c.obj)
 .text.entropy_gather_internal.part.0
                0x0000000000013eb4       0x88 /workdir/nrfxlib/crypto/nrf_cc310_platform/lib/cortex-m33/hard-float/no-interrupts/libnrf_cc310_platform_0.9.15.a(entropy.c.obj)
 .text.cc_mbedtls_entropy_init
                0x0000000000013f3c       0x7c /workdir/nrfxlib/crypto/nrf_cc310_platform/lib/cortex-m33/hard-float/no-interrupts/libnrf_cc310_platform_0.9.15.a(entropy.c.obj)
                0x0000000000013f3c                cc_mbedtls_entropy_init
 .text.cc_mbedtls_entropy_func
                0x0000000000013fb8      0x10c /workdir/nrfxlib/crypto/nrf_cc310_platform/lib/cortex-m33/hard-float/no-interrupts/libnrf_cc310_platform_0.9.15.a(entropy.c.obj)
                0x0000000000013fb8                cc_mbedtls_entropy_func
 .text.RndStartupTest.constprop.0
                0x00000000000140c4       0x9c /workdir/nrfxlib/crypto/nrf_cc310_platform/lib/cortex-m33/hard-float/no-interrupts/libnrf_cc310_platform_0.9.15.a(cc_lib.c.obj)
 .text.CC_LibInit_HMAC_DRBG
                0x0000000000014160       0xc0 /workdir/nrfxlib/crypto/nrf_cc310_platform/lib/cortex-m33/hard-float/no-interrupts/libnrf_cc310_platform_0.9.15.a(cc_lib.c.obj)
                0x0000000000014160                CC_LibInit_HMAC_DRBG
 .text.CC_HalInit
                0x0000000000014220        0x4 /workdir/nrfxlib/crypto/nrf_cc310_platform/lib/cortex-m33/hard-float/no-interrupts/libnrf_cc310_platform_0.9.15.a(cc_hal.c.obj)
                0x0000000000014220                CC_HalInit
 .text.CC_HalTerminate
                0x0000000000014224        0x4 /workdir/nrfxlib/crypto/nrf_cc310_platform/lib/cortex-m33/hard-float/no-interrupts/libnrf_cc310_platform_0.9.15.a(cc_hal.c.obj)
                0x0000000000014224                CC_HalTerminate
 .text.CC_HalClearInterruptBit
                0x0000000000014228       0x1c /workdir/nrfxlib/crypto/nrf_cc310_platform/lib/cortex-m33/hard-float/no-interrupts/libnrf_cc310_platform_0.9.15.a(cc_hal.c.obj)
                0x0000000000014228                CC_HalClearInterruptBit
 .text.CC_HalMaskInterrupt
                0x0000000000014244        0xc /workdir/nrfxlib/crypto/nrf_cc310_platform/lib/cortex-m33/hard-float/no-interrupts/libnrf_cc310_platform_0.9.15.a(cc_hal.c.obj)
                0x0000000000014244                CC_HalMaskInterrupt
 .text.CC_HalWaitInterrupt
                0x0000000000014250        0xc /workdir/nrfxlib/crypto/nrf_cc310_platform/lib/cortex-m33/hard-float/no-interrupts/libnrf_cc310_platform_0.9.15.a(cc_hal.c.obj)
                0x0000000000014250                CC_HalWaitInterrupt
 .text.CC_HalWaitInterruptRND
                0x000000000001425c        0xc /workdir/nrfxlib/crypto/nrf_cc310_platform/lib/cortex-m33/hard-float/no-interrupts/libnrf_cc310_platform_0.9.15.a(cc_hal.c.obj)
                0x000000000001425c                CC_HalWaitInterruptRND
 .text.CC_PalInit
                0x0000000000014268       0x5c /workdir/nrfxlib/crypto/nrf_cc310_platform/lib/cortex-m33/hard-float/no-interrupts/libnrf_cc310_platform_0.9.15.a(cc_pal.c.obj)
                0x0000000000014268                CC_PalInit
 .text.CC_PalTerminate
                0x00000000000142c4       0x34 /workdir/nrfxlib/crypto/nrf_cc310_platform/lib/cortex-m33/hard-float/no-interrupts/libnrf_cc310_platform_0.9.15.a(cc_pal.c.obj)
                0x00000000000142c4                CC_PalTerminate
 .text.CC_PalDmaInit
                0x00000000000142f8        0x4 /workdir/nrfxlib/crypto/nrf_cc310_platform/lib/cortex-m33/hard-float/no-interrupts/libnrf_cc310_platform_0.9.15.a(cc_pal_dma.c.obj)
                0x00000000000142f8                CC_PalDmaInit
 .text.CC_PalDmaTerminate
                0x00000000000142fc        0x4 /workdir/nrfxlib/crypto/nrf_cc310_platform/lib/cortex-m33/hard-float/no-interrupts/libnrf_cc310_platform_0.9.15.a(cc_pal_dma.c.obj)
                0x00000000000142fc                CC_PalDmaTerminate
 .text.CC_PalWaitInterruptRND
                0x0000000000014300       0x2c /workdir/nrfxlib/crypto/nrf_cc310_platform/lib/cortex-m33/hard-float/no-interrupts/libnrf_cc310_platform_0.9.15.a(cc_pal_interrupt_ctrl.c.obj)
                0x0000000000014300                CC_PalWaitInterruptRND
 .text.CC_PalWaitInterrupt
                0x000000000001432c       0x18 /workdir/nrfxlib/crypto/nrf_cc310_platform/lib/cortex-m33/hard-float/no-interrupts/libnrf_cc310_platform_0.9.15.a(cc_pal_interrupt_ctrl.c.obj)
                0x000000000001432c                CC_PalWaitInterrupt
 .text.CC_PalMemCopyPlat
                0x0000000000014344        0x4 /workdir/nrfxlib/crypto/nrf_cc310_platform/lib/cortex-m33/hard-float/no-interrupts/libnrf_cc310_platform_0.9.15.a(cc_pal_mem.c.obj)
                0x0000000000014344                CC_PalMemCopyPlat
 .text.CC_PalMemSetZeroPlat
                0x0000000000014348        0x8 /workdir/nrfxlib/crypto/nrf_cc310_platform/lib/cortex-m33/hard-float/no-interrupts/libnrf_cc310_platform_0.9.15.a(cc_pal_mem.c.obj)
                0x0000000000014348                CC_PalMemSetZeroPlat
 .text.CC_PalMutexCreate
                0x0000000000014350       0x14 /workdir/nrfxlib/crypto/nrf_cc310_platform/lib/cortex-m33/hard-float/no-interrupts/libnrf_cc310_platform_0.9.15.a(cc_pal_mutex.c.obj)
                0x0000000000014350                CC_PalMutexCreate
 .text.CC_PalMutexDestroy
                0x0000000000014364       0x14 /workdir/nrfxlib/crypto/nrf_cc310_platform/lib/cortex-m33/hard-float/no-interrupts/libnrf_cc310_platform_0.9.15.a(cc_pal_mutex.c.obj)
                0x0000000000014364                CC_PalMutexDestroy
 .text.CC_PalMutexLock
                0x0000000000014378       0x10 /workdir/nrfxlib/crypto/nrf_cc310_platform/lib/cortex-m33/hard-float/no-interrupts/libnrf_cc310_platform_0.9.15.a(cc_pal_mutex.c.obj)
                0x0000000000014378                CC_PalMutexLock
 .text.CC_PalMutexUnlock
                0x0000000000014388       0x14 /workdir/nrfxlib/crypto/nrf_cc310_platform/lib/cortex-m33/hard-float/no-interrupts/libnrf_cc310_platform_0.9.15.a(cc_pal_mutex.c.obj)
                0x0000000000014388                CC_PalMutexUnlock
 .text.CC_PalPowerSaveModeInit
                0x000000000001439c       0x3c /workdir/nrfxlib/crypto/nrf_cc310_platform/lib/cortex-m33/hard-float/no-interrupts/libnrf_cc310_platform_0.9.15.a(cc_pal_pm.c.obj)
                0x000000000001439c                CC_PalPowerSaveModeInit
 .text.CC_PalPowerSaveModeSelect
                0x00000000000143d8       0x84 /workdir/nrfxlib/crypto/nrf_cc310_platform/lib/cortex-m33/hard-float/no-interrupts/libnrf_cc310_platform_0.9.15.a(cc_pal_pm.c.obj)
                0x00000000000143d8                CC_PalPowerSaveModeSelect
 .text.mutex_init
                0x000000000001445c        0xc /workdir/nrfxlib/crypto/nrf_cc310_platform/lib/cortex-m33/hard-float/no-interrupts/libnrf_cc310_platform_0.9.15.a(threading_alt.c.obj)
                0x000000000001445c                mutex_init
 .text.mutex_lock
                0x0000000000014468        0xc /workdir/nrfxlib/crypto/nrf_cc310_platform/lib/cortex-m33/hard-float/no-interrupts/libnrf_cc310_platform_0.9.15.a(threading_alt.c.obj)
                0x0000000000014468                mutex_lock
 .text.mutex_unlock
                0x0000000000014474        0xc /workdir/nrfxlib/crypto/nrf_cc310_platform/lib/cortex-m33/hard-float/no-interrupts/libnrf_cc310_platform_0.9.15.a(threading_alt.c.obj)
                0x0000000000014474                mutex_unlock
 .text.nrf_cc3xx_platform_abort
                0x0000000000014480       0x24 /workdir/nrfxlib/crypto/nrf_cc310_platform/lib/cortex-m33/hard-float/no-interrupts/libnrf_cc310_platform_0.9.15.a(nrf_cc3xx_platform_abort.c.obj)
 .text.CC_PalAbort
                0x00000000000144a4       0x34 /workdir/nrfxlib/crypto/nrf_cc310_platform/lib/cortex-m33/hard-float/no-interrupts/libnrf_cc310_platform_0.9.15.a(nrf_cc3xx_platform_abort.c.obj)
                0x00000000000144a4                CC_PalAbort
 .text.mutex_free
                0x00000000000144d8       0x28 /workdir/nrfxlib/crypto/nrf_cc310_platform/lib/cortex-m33/hard-float/no-interrupts/libnrf_cc310_platform_0.9.15.a(nrf_cc3xx_platform_mutex.c.obj)
 .text.mutex_lock
                0x0000000000014500       0x40 /workdir/nrfxlib/crypto/nrf_cc310_platform/lib/cortex-m33/hard-float/no-interrupts/libnrf_cc310_platform_0.9.15.a(nrf_cc3xx_platform_mutex.c.obj)
 .text.mutex_unlock
                0x0000000000014540       0x30 /workdir/nrfxlib/crypto/nrf_cc310_platform/lib/cortex-m33/hard-float/no-interrupts/libnrf_cc310_platform_0.9.15.a(nrf_cc3xx_platform_mutex.c.obj)
 .text.mutex_init
                0x0000000000014570       0x1c /workdir/nrfxlib/crypto/nrf_cc310_platform/lib/cortex-m33/hard-float/no-interrupts/libnrf_cc310_platform_0.9.15.a(nrf_cc3xx_platform_mutex.c.obj)
 .text.startTrngHW
                0x000000000001458c      0x150 /workdir/nrfxlib/crypto/nrf_cc310_platform/lib/cortex-m33/hard-float/no-interrupts/libnrf_cc310_platform_0.9.15.a(llf_rnd_trng90b.c.obj)
 .text.LLF_RND_RepetitionCounterTest.part.0
                0x00000000000146dc       0x54 /workdir/nrfxlib/crypto/nrf_cc310_platform/lib/cortex-m33/hard-float/no-interrupts/libnrf_cc310_platform_0.9.15.a(llf_rnd_trng90b.c.obj)
 .text.LLF_RND_AdaptiveProportionTest
                0x0000000000014730       0x8c /workdir/nrfxlib/crypto/nrf_cc310_platform/lib/cortex-m33/hard-float/no-interrupts/libnrf_cc310_platform_0.9.15.a(llf_rnd_trng90b.c.obj)
                0x0000000000014730                LLF_RND_AdaptiveProportionTest
 .text.getTrngSource
                0x00000000000147bc      0x2bc /workdir/nrfxlib/crypto/nrf_cc310_platform/lib/cortex-m33/hard-float/no-interrupts/libnrf_cc310_platform_0.9.15.a(llf_rnd_trng90b.c.obj)
 .text.LLF_RND_GetTrngSource
                0x0000000000014a78       0x18 /workdir/nrfxlib/crypto/nrf_cc310_platform/lib/cortex-m33/hard-float/no-interrupts/libnrf_cc310_platform_0.9.15.a(llf_rnd_trng90b.c.obj)
                0x0000000000014a78                LLF_RND_GetTrngSource
 .text.LLF_RND_RunTrngStartupTest
                0x0000000000014a90       0x1c /workdir/nrfxlib/crypto/nrf_cc310_platform/lib/cortex-m33/hard-float/no-interrupts/libnrf_cc310_platform_0.9.15.a(llf_rnd_trng90b.c.obj)
                0x0000000000014a90                LLF_RND_RunTrngStartupTest
 .text.mbedtls_hardware_poll
                0x0000000000014aac      0x104 /workdir/nrfxlib/crypto/nrf_cc310_platform/lib/cortex-m33/hard-float/no-interrupts/libnrf_cc310_platform_0.9.15.a(trng_api.c.obj)
                0x0000000000014aac                mbedtls_hardware_poll
 .text.cc_mbedtls_sha256_init
                0x0000000000014bb0       0x28 /workdir/nrfxlib/crypto/nrf_cc310_platform/lib/cortex-m33/hard-float/no-interrupts/libnrf_cc310_platform_0.9.15.a(sha256_alt.c.obj)
                0x0000000000014bb0                cc_mbedtls_sha256_init
 .text.cc_mbedtls_sha256_free
                0x0000000000014bd8        0xc /workdir/nrfxlib/crypto/nrf_cc310_platform/lib/cortex-m33/hard-float/no-interrupts/libnrf_cc310_platform_0.9.15.a(sha256_alt.c.obj)
                0x0000000000014bd8                cc_mbedtls_sha256_free
 .text.cc_mbedtls_sha256_starts
                0x0000000000014be4       0x28 /workdir/nrfxlib/crypto/nrf_cc310_platform/lib/cortex-m33/hard-float/no-interrupts/libnrf_cc310_platform_0.9.15.a(sha256_alt.c.obj)
                0x0000000000014be4                cc_mbedtls_sha256_starts
 .text.cc_mbedtls_sha256_update
                0x0000000000014c0c       0x54 /workdir/nrfxlib/crypto/nrf_cc310_platform/lib/cortex-m33/hard-float/no-interrupts/libnrf_cc310_platform_0.9.15.a(sha256_alt.c.obj)
                0x0000000000014c0c                cc_mbedtls_sha256_update
 .text.cc_mbedtls_sha256_finish
                0x0000000000014c60       0x48 /workdir/nrfxlib/crypto/nrf_cc310_platform/lib/cortex-m33/hard-float/no-interrupts/libnrf_cc310_platform_0.9.15.a(sha256_alt.c.obj)
                0x0000000000014c60                cc_mbedtls_sha256_finish
 .text.mbedtls_sha_starts_internal
                0x0000000000014ca8       0x28 /workdir/nrfxlib/crypto/nrf_cc310_platform/lib/cortex-m33/hard-float/no-interrupts/libnrf_cc310_platform_0.9.15.a(mbedtls_hash_common.c.obj)
                0x0000000000014ca8                mbedtls_sha_starts_internal
 .text.mbedtls_sha_finish_internal
                0x0000000000014cd0       0x5c /workdir/nrfxlib/crypto/nrf_cc310_platform/lib/cortex-m33/hard-float/no-interrupts/libnrf_cc310_platform_0.9.15.a(mbedtls_hash_common.c.obj)
                0x0000000000014cd0                mbedtls_sha_finish_internal
 .text.mbedtls_sha_update_internal
                0x0000000000014d2c      0x1f0 /workdir/nrfxlib/crypto/nrf_cc310_platform/lib/cortex-m33/hard-float/no-interrupts/libnrf_cc310_platform_0.9.15.a(mbedtls_hash_common.c.obj)
                0x0000000000014d2c                mbedtls_sha_update_internal
 .text.cc_mbedtls_sha256
                0x0000000000014f1c       0x50 /workdir/nrfxlib/crypto/nrf_cc310_platform/lib/cortex-m33/hard-float/no-interrupts/libnrf_cc310_platform_0.9.15.a(sha256.c.obj)
                0x0000000000014f1c                cc_mbedtls_sha256
 .text.RNG_PLAT_SetUserRngParameters
                0x0000000000014f6c       0x7c /workdir/nrfxlib/crypto/nrf_cc310_platform/lib/cortex-m33/hard-float/no-interrupts/libnrf_cc310_platform_0.9.15.a(cc_rng_plat.c.obj)
                0x0000000000014f6c                RNG_PLAT_SetUserRngParameters
 .text.CC_PalTrngParamGet
                0x0000000000014fe8      0x114 /workdir/nrfxlib/crypto/nrf_cc310_platform/lib/cortex-m33/hard-float/no-interrupts/libnrf_cc310_platform_0.9.15.a(cc_pal_trng.c.obj)
                0x0000000000014fe8                CC_PalTrngParamGet
 .text.LLF_RND_WaitRngInterrupt
                0x00000000000150fc       0x20 /workdir/nrfxlib/crypto/nrf_cc310_platform/lib/cortex-m33/hard-float/no-interrupts/libnrf_cc310_platform_0.9.15.a(llf_rnd.c.obj)
                0x00000000000150fc                LLF_RND_WaitRngInterrupt
 .text.LLF_RND_GetRoscSampleCnt
                0x000000000001511c       0x3c /workdir/nrfxlib/crypto/nrf_cc310_platform/lib/cortex-m33/hard-float/no-interrupts/libnrf_cc310_platform_0.9.15.a(llf_rnd.c.obj)
                0x000000000001511c                LLF_RND_GetRoscSampleCnt
 .text.LLF_RND_GetFastestRosc
                0x0000000000015158       0x20 /workdir/nrfxlib/crypto/nrf_cc310_platform/lib/cortex-m33/hard-float/no-interrupts/libnrf_cc310_platform_0.9.15.a(llf_rnd.c.obj)
                0x0000000000015158                LLF_RND_GetFastestRosc
 .text.LLF_RND_TurnOffTrng
                0x0000000000015178       0x18 /workdir/nrfxlib/crypto/nrf_cc310_platform/lib/cortex-m33/hard-float/no-interrupts/libnrf_cc310_platform_0.9.15.a(llf_rnd.c.obj)
                0x0000000000015178                LLF_RND_TurnOffTrng
 .text.SetDataBuffersInfo
                0x0000000000015190       0x68 /workdir/nrfxlib/crypto/nrf_cc310_platform/lib/cortex-m33/hard-float/no-interrupts/libnrf_cc310_platform_0.9.15.a(driver_common.c.obj)
                0x0000000000015190                SetDataBuffersInfo
 .text.InitHashDrv
                0x00000000000151f8       0x54 /workdir/nrfxlib/crypto/nrf_cc310_platform/lib/cortex-m33/hard-float/no-interrupts/libnrf_cc310_platform_0.9.15.a(hash_driver.c.obj)
                0x00000000000151f8                InitHashDrv
 .text.ProcessHashDrv
                0x000000000001524c      0x22c /workdir/nrfxlib/crypto/nrf_cc310_platform/lib/cortex-m33/hard-float/no-interrupts/libnrf_cc310_platform_0.9.15.a(hash_driver.c.obj)
                0x000000000001524c                ProcessHashDrv
 .text.FinishHashDrv
                0x0000000000015478       0x74 /workdir/nrfxlib/crypto/nrf_cc310_platform/lib/cortex-m33/hard-float/no-interrupts/libnrf_cc310_platform_0.9.15.a(hash_driver.c.obj)
                0x0000000000015478                FinishHashDrv
 .text.CC_PalDataBufferAttrGet
                0x00000000000154ec        0x8 /workdir/nrfxlib/crypto/nrf_cc310_platform/lib/cortex-m33/hard-float/no-interrupts/libnrf_cc310_platform_0.9.15.a(cc_pal_buff_attr.c.obj)
                0x00000000000154ec                CC_PalDataBufferAttrGet
 .text.mbedtls_free
                0x00000000000154f4        0xc secure_fw/partitions/crypto/mbedcrypto/nrf_security_src/libmbedcrypto_base.a(platform.o)
                0x00000000000154f4                mbedtls_free
 .text.mbedtls_platform_set_calloc_free
                0x0000000000015500       0x14 secure_fw/partitions/crypto/mbedcrypto/nrf_security_src/libmbedcrypto_base.a(platform.o)
                0x0000000000015500                mbedtls_platform_set_calloc_free
 .text._sbrk    0x0000000000015514       0x20 /workdir/zephyr-sdk/arm-zephyr-eabi/bin/../lib/gcc/arm-zephyr-eabi/10.3.0/../../../../arm-zephyr-eabi/lib/thumb/v8-m.main+fp/hard/libnosys.a(sbrk.o)
                0x0000000000015514                _sbrk
 .text._exit    0x0000000000015534        0x4 /workdir/zephyr-sdk/arm-zephyr-eabi/bin/../lib/gcc/arm-zephyr-eabi/10.3.0/../../../../arm-zephyr-eabi/lib/thumb/v8-m.main+fp/hard/libnosys.a(_exit.o)
                0x0000000000015534                _exit
 *(.init)
 .init          0x0000000000015538        0x4 /workdir/zephyr-sdk/arm-zephyr-eabi/bin/../lib/gcc/arm-zephyr-eabi/10.3.0/thumb/v8-m.main+fp/hard/crti.o
                0x0000000000015538                _init
 .init          0x000000000001553c        0x8 /workdir/zephyr-sdk/arm-zephyr-eabi/bin/../lib/gcc/arm-zephyr-eabi/10.3.0/thumb/v8-m.main+fp/hard/crtn.o
 *(.fini)
 .fini          0x0000000000015544        0x4 /workdir/zephyr-sdk/arm-zephyr-eabi/bin/../lib/gcc/arm-zephyr-eabi/10.3.0/thumb/v8-m.main+fp/hard/crti.o
                0x0000000000015544                _fini
 .fini          0x0000000000015548        0x8 /workdir/zephyr-sdk/arm-zephyr-eabi/bin/../lib/gcc/arm-zephyr-eabi/10.3.0/thumb/v8-m.main+fp/hard/crtn.o
 *crtbegin.o(.ctors)
 *crtbegin?.o(.ctors)
 *(EXCLUDE_FILE(*crtend.o *crtend?.o) .ctors)
 *(SORT_BY_NAME(.ctors.*))
 *(.ctors)
 *crtbegin.o(.dtors)
 *crtbegin?.o(.dtors)
 *(EXCLUDE_FILE(*crtend.o *crtend?.o) .dtors)
 *(SORT_BY_NAME(.dtors.*))
 *(.dtors)

.glue_7         0x0000000000015550        0x0
 .glue_7        0x0000000000015550        0x0 linker stubs

.glue_7t        0x0000000000015550        0x0
 .glue_7t       0x0000000000015550        0x0 linker stubs

.vfp11_veneer   0x0000000000015550        0x0
 .vfp11_veneer  0x0000000000015550        0x0 linker stubs

.v4_bx          0x0000000000015550        0x0
 .v4_bx         0x0000000000015550        0x0 linker stubs

.iplt           0x0000000000015550        0x0
 .iplt          0x0000000000015550        0x0 /workdir/zephyr-sdk/arm-zephyr-eabi/bin/../lib/gcc/arm-zephyr-eabi/10.3.0/thumb/v8-m.main+fp/hard/crtbegin.o

.psa_interface_cross_call
                0x0000000000015550       0xc8
 .psa_interface_cross_call
                0x0000000000015550       0xc8 secure_fw/CMakeFiles/tfm_s.dir/spm/cmsis_psa/psa_interface_cross.o
                0x0000000000015558                psa_framework_version_cross
                0x0000000000015560                psa_version_cross
                0x0000000000015568                tfm_psa_call_pack_cross
                0x0000000000015570                psa_wait_cross
                0x0000000000015578                psa_get_cross
                0x0000000000015580                psa_read_cross
                0x0000000000015588                psa_skip_cross
                0x0000000000015590                psa_write_cross
                0x0000000000015598                psa_reply_cross
                0x00000000000155a0                psa_notify_cross
                0x00000000000155a8                psa_clear_cross
                0x00000000000155b0                psa_panic_cross
                0x00000000000155b8                psa_rot_lifecycle_state_cross
                0x00000000000155c0                psa_connect_cross
                0x00000000000155c8                psa_close_cross
                0x00000000000155d0                psa_set_rhandle_cross

.tfm_rodata     0x0000000000015618      0x21c
 *(.rodata*)
 .rodata.str1.1
                0x0000000000015618        0xb secure_fw/CMakeFiles/tfm_s.dir/__/generated/secure_fw/partitions/crypto/auto_generated/load_info_tfm_crypto.o
 .rodata.str1.1
                0x0000000000015623       0x4e secure_fw/CMakeFiles/tfm_s.dir/__/generated/secure_fw/partitions/platform/auto_generated/load_info_tfm_platform.o
 *fill*         0x0000000000015671        0x3 
 .rodata.backend_instance
                0x0000000000015674       0x18 secure_fw/spm/libtfm_spm.a(backend_ipc.o)
                0x0000000000015674                backend_instance
 .rodata.ldinf_ea
                0x000000000001568c        0x4 secure_fw/spm/libtfm_spm.a(static_load.o)
 .rodata.part_pool_ea
                0x0000000000015690        0x4 secure_fw/spm/libtfm_spm.a(static_load.o)
 .rodata.serv_pool_ea
                0x0000000000015694        0x4 secure_fw/spm/libtfm_spm.a(static_load.o)
 .rodata.memory_regions
                0x0000000000015698       0x24 platform/libplatform_s.a(target_cfg.o)
                0x0000000000015698                memory_regions
 .rodata.CSWTCH.10
                0x00000000000156bc       0x1c /workdir/nrfxlib/crypto/nrf_cc310_platform/lib/cortex-m33/hard-float/no-interrupts/libnrf_cc310_platform_0.9.15.a(nrf_cc3xx_platform.c.obj)
 .rodata.RndStartupTest.constprop.0.str1.4
                0x00000000000156d8       0x6f /workdir/nrfxlib/crypto/nrf_cc310_platform/lib/cortex-m33/hard-float/no-interrupts/libnrf_cc310_platform_0.9.15.a(cc_lib.c.obj)