Archive member included to satisfy reference by file (symbol)

app/libapp.a(main.c.obj)      (--whole-archive)
app/libapp.a(flash_map_extended.c.obj)
                              (--whole-archive)
app/libapp.a(os.c.obj)        (--whole-archive)
app/libapp.a(keys.c.obj)      (--whole-archive)
app/libapp.a(image_validate.c.obj)
                              (--whole-archive)
app/libapp.a(tlv.c.obj)       (--whole-archive)
app/libapp.a(encrypted.c.obj)
                              (--whole-archive)
app/libapp.a(image_rsa.c.obj)
                              (--whole-archive)
app/libapp.a(image_ec256.c.obj)
                              (--whole-archive)
app/libapp.a(image_ed25519.c.obj)
                              (--whole-archive)
app/libapp.a(bootutil_misc.c.obj)
                              (--whole-archive)
app/libapp.a(fault_injection_hardening.c.obj)
                              (--whole-archive)
app/libapp.a(loader.c.obj)    (--whole-archive)
app/libapp.a(swap_misc.c.obj)
                              (--whole-archive)
app/libapp.a(swap_scratch.c.obj)
                              (--whole-archive)
app/libapp.a(swap_move.c.obj)
                              (--whole-archive)
app/libapp.a(caps.c.obj)      (--whole-archive)
app/libapp.a(asn1parse.c.obj)
                              (--whole-archive)
app/libapp.a(platform_util.c.obj)
                              (--whole-archive)
app/libapp.a(cc310_glue.c.obj)
                              (--whole-archive)
app/libapp.a(autogen-pubkey.c.obj)
                              (--whole-archive)
app/libapp.a(arm_cleanup.c.obj)
                              (--whole-archive)
app/libapp.a(nrf_cleanup.c.obj)
                              (--whole-archive)
zephyr/libzephyr.a(cbprintf_packaged.c.obj)
                              (--whole-archive)
zephyr/libzephyr.a(crc32c_sw.c.obj)
                              (--whole-archive)
zephyr/libzephyr.a(crc32_sw.c.obj)
                              (--whole-archive)
zephyr/libzephyr.a(crc16_sw.c.obj)
                              (--whole-archive)
zephyr/libzephyr.a(crc8_sw.c.obj)
                              (--whole-archive)
zephyr/libzephyr.a(crc7_sw.c.obj)
                              (--whole-archive)
zephyr/libzephyr.a(dec.c.obj)
                              (--whole-archive)
zephyr/libzephyr.a(fdtable.c.obj)
                              (--whole-archive)
zephyr/libzephyr.a(hex.c.obj)
                              (--whole-archive)
zephyr/libzephyr.a(notify.c.obj)
                              (--whole-archive)
zephyr/libzephyr.a(printk.c.obj)
                              (--whole-archive)
zephyr/libzephyr.a(onoff.c.obj)
                              (--whole-archive)
zephyr/libzephyr.a(rb.c.obj)  (--whole-archive)
zephyr/libzephyr.a(sem.c.obj)
                              (--whole-archive)
zephyr/libzephyr.a(thread_entry.c.obj)
                              (--whole-archive)
zephyr/libzephyr.a(timeutil.c.obj)
                              (--whole-archive)
zephyr/libzephyr.a(heap.c.obj)
                              (--whole-archive)
zephyr/libzephyr.a(heap-validate.c.obj)
                              (--whole-archive)
zephyr/libzephyr.a(bitarray.c.obj)
                              (--whole-archive)
zephyr/libzephyr.a(multi_heap.c.obj)
                              (--whole-archive)
zephyr/libzephyr.a(cbprintf_nano.c.obj)
                              (--whole-archive)
zephyr/libzephyr.a(cbprintf.c.obj)
                              (--whole-archive)
zephyr/libzephyr.a(assert.c.obj)
                              (--whole-archive)
zephyr/libzephyr.a(reboot.c.obj)
                              (--whole-archive)
zephyr/libzephyr.a(configs.c.obj)
                              (--whole-archive)
zephyr/libzephyr.a(soc.c.obj)
                              (--whole-archive)
zephyr/libzephyr.a(soc_nrf_common.S.obj)
                              (--whole-archive)
zephyr/libzephyr.a(validate_base_addresses.c.obj)
                              (--whole-archive)
zephyr/libzephyr.a(validate_enabled_instances.c.obj)
                              (--whole-archive)
zephyr/libzephyr.a(log_minimal.c.obj)
                              (--whole-archive)
zephyr/libzephyr.a(flash_map.c.obj)
                              (--whole-archive)
zephyr/libzephyr.a(flash_map_layout.c.obj)
                              (--whole-archive)
zephyr/libzephyr.a(tracing_none.c.obj)
                              (--whole-archive)
zephyr/libzephyr.a(flash_map_partition_manager.c.obj)
                              (--whole-archive)
zephyr/libzephyr.a(nrf_cc3xx_platform_abort_zephyr.c.obj)
                              (--whole-archive)
zephyr/libzephyr.a(nrf_cc3xx_platform_no_mutex_zephyr.c.obj)
                              (--whole-archive)
zephyr/arch/common/libarch__common.a(sw_isr_common.c.obj)
                              (--whole-archive)
zephyr/arch/arch/arm/core/aarch32/libarch__arm__core__aarch32.a(cpu_idle.S.obj)
[...]
Memory Configuration

Name             Origin             Length             Attributes
FLASH            0x0000000000000000 0x000000000000c000 xr
SRAM             0x000000002000c4e8 0x0000000000033b18 xw
IDT_LIST         0x00000000fffff7ff 0x0000000000000800 xw
*default*        0x0000000000000000 0xffffffffffffffff

Linker script and memory map

LOAD zephyr/CMakeFiles/zephyr_final.dir/misc/empty_file.c.obj
LOAD zephyr/CMakeFiles/zephyr_final.dir/dev_handles.c.obj
LOAD zephyr/CMakeFiles/zephyr_final.dir/isr_tables.c.obj
LOAD zephyr/CMakeFiles/offsets.dir/./arch/arm/core/offsets/offsets.c.obj
                0x0000000000000004                _region_min_align = 0x4

.rel.plt        0x0000000000000000        0x0
 *(SORT_BY_ALIGNMENT(.rel.plt))
                [!provide]                        PROVIDE (__rel_iplt_start = .)
 *(SORT_BY_ALIGNMENT(.rel.iplt))
 .rel.iplt      0x0000000000000000        0x0 zephyr/CMakeFiles/zephyr_final.dir/isr_tables.c.obj
                [!provide]                        PROVIDE (__rel_iplt_end = .)

.rela.plt       0x0000000000000000        0x0
 *(SORT_BY_ALIGNMENT(.rela.plt))
                [!provide]                        PROVIDE (__rela_iplt_start = .)
 *(SORT_BY_ALIGNMENT(.rela.iplt))
                [!provide]                        PROVIDE (__rela_iplt_end = .)

.rel.dyn
 *(SORT_BY_ALIGNMENT(.rel.*))

.rela.dyn
 *(SORT_BY_ALIGNMENT(.rela.*))

/DISCARD/
 *(SORT_BY_ALIGNMENT(.plt))
 *(SORT_BY_ALIGNMENT(.iplt))
 *(SORT_BY_ALIGNMENT(.got.plt))
 *(SORT_BY_ALIGNMENT(.igot.plt))
 *(SORT_BY_ALIGNMENT(.got))
 *(SORT_BY_ALIGNMENT(.igot))
 *(SORT_BY_ALIGNMENT(.irq_info*))
 *(SORT_BY_ALIGNMENT(.intList*))
 *(SORT_BY_ALIGNMENT(.note.GNU-stack))
                0x0000000000000000                __rom_region_start = 0x0

rom_start       0x0000000000000000      0x144
                0x0000000000000000                . = 0x0
                0x0000000000000000                . = ALIGN (0x4)
                0x0000000000000000                . = ALIGN (0x80)
                0x0000000000000000                . = ALIGN (0x200)
                0x0000000000000000                _vector_start = .
 *(SORT_BY_ALIGNMENT(.exc_vector_table))
 *(SORT_BY_ALIGNMENT(.exc_vector_table.*))
 .exc_vector_table._vector_table_section
                0x0000000000000000       0x40 zephyr/arch/arch/arm/core/aarch32/cortex_m/libarch__arm__core__aarch32__cortex_m.a(vector_table.S.obj)
                0x0000000000000000                _vector_table
 *(SORT_BY_ALIGNMENT(.vectors))
                0x0000000000000144                _vector_end = .
                0x0000000000000040                . = ALIGN (0x4)
 *(SORT_BY_ALIGNMENT(.gnu.linkonce.irq_vector_table*))
 .gnu.linkonce.irq_vector_table
                0x0000000000000040      0x104 zephyr/CMakeFiles/zephyr_final.dir/isr_tables.c.obj
                0x0000000000000040                _irq_vector_table
                0x0000000000000144                _vector_end = .

text            0x0000000000000144     0x67d4
                0x0000000000000144                __text_region_start = .
 *(SORT_BY_ALIGNMENT(.text))
 .text          0x0000000000000144       0x30 /workdir/zephyr-sdk/arm-zephyr-eabi/bin/../lib/gcc/arm-zephyr-eabi/10.3.0/thumb/v8-m.main+fp/hard/libgcc.a(_aeabi_uldivmod.o)
                0x0000000000000144                __aeabi_uldivmod
 .text          0x0000000000000174        0x4 /workdir/zephyr-sdk/arm-zephyr-eabi/bin/../lib/gcc/arm-zephyr-eabi/10.3.0/thumb/v8-m.main+fp/hard/libgcc.a(_dvmd_tls.o)
                0x0000000000000174                __aeabi_ldiv0
                0x0000000000000174                __aeabi_idiv0
 .text          0x0000000000000178      0x2a8 /workdir/zephyr-sdk/arm-zephyr-eabi/bin/../lib/gcc/arm-zephyr-eabi/10.3.0/thumb/v8-m.main+fp/hard/libgcc.a(_udivmoddi4.o)
                0x0000000000000178                __udivmoddi4
 *(SORT_BY_ALIGNMENT(.text.*))
 .text.main     0x0000000000000420       0xe4 app/libapp.a(main.c.obj)
                0x0000000000000420                main
 .text.flash_device_base
                0x0000000000000504       0x20 app/libapp.a(flash_map_extended.c.obj)
                0x0000000000000504                flash_device_base
 .text.bootutil_img_validate
                0x0000000000000524      0x228 app/libapp.a(image_validate.c.obj)
                0x0000000000000524                bootutil_img_validate
 .text.bootutil_verify_sig
                0x000000000000074c       0xf0 app/libapp.a(image_ec256.c.obj)
                0x000000000000074c                bootutil_verify_sig
 .text.boot_read_swap_size
                0x000000000000083c       0x7c app/libapp.a(bootutil_misc.c.obj)
                0x000000000000083c                boot_read_swap_size
 .text.boot_validate_slot.isra.0
                0x00000000000008b8      0x104 app/libapp.a(loader.c.obj)
 .text.boot_swap_image
                0x00000000000009bc       0x7c app/libapp.a(loader.c.obj)
 .text.boot_copy_region
                0x0000000000000a38       0x84 app/libapp.a(loader.c.obj)
                0x0000000000000a38                boot_copy_region
 .text.context_boot_go
                0x0000000000000abc      0x260 app/libapp.a(loader.c.obj)
                0x0000000000000abc                context_boot_go
 .text.boot_go  0x0000000000000d1c       0x20 app/libapp.a(loader.c.obj)
                0x0000000000000d1c                boot_go
 .text.boot_read_image_header
                0x0000000000000d3c       0x9c app/libapp.a(swap_move.c.obj)
                0x0000000000000d3c                boot_read_image_header
 .text.swap_read_status_bytes
                0x0000000000000dd8       0xc8 app/libapp.a(swap_move.c.obj)
                0x0000000000000dd8                swap_read_status_bytes
 .text.boot_slots_compatible
                0x0000000000000ea0       0x6c app/libapp.a(swap_move.c.obj)
                0x0000000000000ea0                boot_slots_compatible
 .text.swap_status_source
                0x0000000000000f0c       0xcc app/libapp.a(swap_move.c.obj)
                0x0000000000000f0c                swap_status_source
 .text.fixup_revert
                0x0000000000000fd8       0x98 app/libapp.a(swap_move.c.obj)
                0x0000000000000fd8                fixup_revert
 .text.swap_run
                0x0000000000001070      0x238 app/libapp.a(swap_move.c.obj)
                0x0000000000001070                swap_run
 .text.cc310_init
                0x00000000000012a8       0x30 app/libapp.a(cc310_glue.c.obj)
                0x00000000000012a8                cc310_init
 .text.cc310_ecdsa_verify_secp256r1
                0x00000000000012d8       0x34 app/libapp.a(cc310_glue.c.obj)
                0x00000000000012d8                cc310_ecdsa_verify_secp256r1
 .text.cleanup_arm_nvic
                0x000000000000130c       0x38 app/libapp.a(arm_cleanup.c.obj)
                0x000000000000130c                cleanup_arm_nvic
 .text.nrf_cleanup_peripheral
                0x0000000000001344       0x8c app/libapp.a(nrf_cleanup.c.obj)
                0x0000000000001344                nrf_cleanup_peripheral
 .text.char_out
                0x00000000000013d0        0xc zephyr/libzephyr.a(printk.c.obj)
 .text.__printk_hook_install
                0x00000000000013dc        0xc zephyr/libzephyr.a(printk.c.obj)
                0x00000000000013dc                __printk_hook_install
 .text.vprintk  0x00000000000013e8       0x1c zephyr/libzephyr.a(printk.c.obj)
                0x00000000000013e8                vprintk
 .text.process_event
                0x0000000000001404      0x1c8 zephyr/libzephyr.a(onoff.c.obj)
 .text.z_cbvprintf_impl
                0x00000000000015cc      0x45c zephyr/libzephyr.a(cbprintf_nano.c.obj)
                0x00000000000015cc                z_cbvprintf_impl
 .text.sys_reboot
                0x0000000000001a28       0x28 zephyr/libzephyr.a(reboot.c.obj)
                0x0000000000001a28                sys_reboot
 .text.nordicsemi_nrf91_init
                0x0000000000001a50       0x28 zephyr/libzephyr.a(soc.c.obj)
 .text.arch_busy_wait
                0x0000000000001a78       0x14 zephyr/libzephyr.a(soc.c.obj)
                0x0000000000001a78                arch_busy_wait
 .text.z_arm_platform_init
                0x0000000000001a8c        0x4 zephyr/libzephyr.a(soc_nrf_common.S.obj)
                0x0000000000001a8c                z_arm_platform_init
 .text.flash_area_open
                0x0000000000001a90       0x50 zephyr/libzephyr.a(flash_map.c.obj)
                0x0000000000001a90                flash_area_open
 .text.flash_area_get_sectors
                0x0000000000001ae0       0x60 zephyr/libzephyr.a(flash_map_layout.c.obj)
                0x0000000000001ae0                flash_area_get_sectors
 .text.nrf_cc3xx_platform_abort_init
                0x0000000000001b40        0xc zephyr/libzephyr.a(nrf_cc3xx_platform_abort_zephyr.c.obj)
                0x0000000000001b40                nrf_cc3xx_platform_abort_init
 .text.z_arm_cpu_idle_init
                0x0000000000001b4c        0xc zephyr/arch/arch/arm/core/aarch32/libarch__arm__core__aarch32.a(cpu_idle.S.obj)
                0x0000000000001b4c                z_arm_cpu_idle_init
 .text.arch_cpu_idle
                0x0000000000001b58       0x1c zephyr/arch/arch/arm/core/aarch32/libarch__arm__core__aarch32.a(cpu_idle.S.obj)
                0x0000000000001b58                arch_cpu_idle
 .text.arch_cpu_atomic_idle
                0x0000000000001b74       0x14 zephyr/arch/arch/arm/core/aarch32/libarch__arm__core__aarch32.a(cpu_idle.S.obj)
                0x0000000000001b74                arch_cpu_atomic_idle
 .text.z_arm_fatal_error
                0x0000000000001b88       0x5c zephyr/arch/arch/arm/core/aarch32/libarch__arm__core__aarch32.a(fatal.c.obj)
                0x0000000000001b88                z_arm_fatal_error
 .text.arch_irq_enable
                0x0000000000001be4       0x20 zephyr/arch/arch/arm/core/aarch32/libarch__arm__core__aarch32.a(irq_manage.c.obj)
                0x0000000000001be4                arch_irq_enable
 .text.arch_irq_is_enabled
                0x0000000000001c04       0x1c zephyr/arch/arch/arm/core/aarch32/libarch__arm__core__aarch32.a(irq_manage.c.obj)
                0x0000000000001c04                arch_irq_is_enabled
 .text.z_arm_irq_priority_set
                0x0000000000001c20       0x2c zephyr/arch/arch/arm/core/aarch32/libarch__arm__core__aarch32.a(irq_manage.c.obj)
                0x0000000000001c20                z_arm_irq_priority_set
 .text.z_SysNmiOnReset
                0x0000000000001c4c        0x8 zephyr/arch/arch/arm/core/aarch32/libarch__arm__core__aarch32.a(nmi_on_reset.S.obj)
                0x0000000000001c4c                z_SysNmiOnReset
 .text.z_arm_prep_c
                0x0000000000001c54       0x5c zephyr/arch/arch/arm/core/aarch32/libarch__arm__core__aarch32.a(prep_c.c.obj)
                0x0000000000001c54                z_arm_prep_c
 .text.z_arm_svc
                0x0000000000001cb0       0x20 zephyr/arch/arch/arm/core/aarch32/libarch__arm__core__aarch32.a(swap_helper.S.obj)
                0x0000000000001cb0                z_arm_svc
 .text.z_arm_switch_to_main_no_multithreading
                0x0000000000001cd0       0x40 zephyr/arch/arch/arm/core/aarch32/libarch__arm__core__aarch32.a(thread.c.obj)
                0x0000000000001cd0                z_arm_switch_to_main_no_multithreading
 .text._isr_wrapper
                0x0000000000001d10       0x28 zephyr/arch/arch/arm/core/aarch32/libarch__arm__core__aarch32.a(isr_wrapper.S.obj)
                0x0000000000001d10                _isr_wrapper
 .text._HandlerModeExit
                0x0000000000001d38        0x4 zephyr/arch/arch/arm/core/aarch32/cortex_m/libarch__arm__core__aarch32__cortex_m.a(exc_exit.S.obj)
                0x0000000000001d38                z_arm_exc_exit
                0x0000000000001d38                z_arm_int_exit
 .text.usage_fault.constprop.0
                0x0000000000001d3c       0xac zephyr/arch/arch/arm/core/aarch32/cortex_m/libarch__arm__core__aarch32__cortex_m.a(fault.c.obj)
 .text.bus_fault.constprop.0
                0x0000000000001de8       0xb4 zephyr/arch/arch/arm/core/aarch32/cortex_m/libarch__arm__core__aarch32__cortex_m.a(fault.c.obj)
 .text.mem_manage_fault.constprop.0
                0x0000000000001e9c       0xbc zephyr/arch/arch/arm/core/aarch32/cortex_m/libarch__arm__core__aarch32__cortex_m.a(fault.c.obj)
 .text.z_arm_fault
                0x0000000000001f58      0x188 zephyr/arch/arch/arm/core/aarch32/cortex_m/libarch__arm__core__aarch32__cortex_m.a(fault.c.obj)
                0x0000000000001f58                z_arm_fault
 .text.z_arm_fault_init
                0x00000000000020e0       0x18 zephyr/arch/arch/arm/core/aarch32/cortex_m/libarch__arm__core__aarch32__cortex_m.a(fault.c.obj)
                0x00000000000020e0                z_arm_fault_init
 .text.__fault  0x00000000000020f8       0x14 zephyr/arch/arch/arm/core/aarch32/cortex_m/libarch__arm__core__aarch32__cortex_m.a(fault_s.S.obj)
                0x00000000000020f8                z_arm_bus_fault
                0x00000000000020f8                z_arm_usage_fault
                0x00000000000020f8                z_arm_mpu_fault
                0x00000000000020f8                z_arm_exc_spurious
                0x00000000000020f8                z_arm_debug_monitor
                0x00000000000020f8                z_arm_hard_fault
 .text.z_arm_interrupt_init
                0x000000000000210c       0x18 zephyr/arch/arch/arm/core/aarch32/cortex_m/libarch__arm__core__aarch32__cortex_m.a(irq_init.c.obj)
                0x000000000000210c                z_arm_interrupt_init
 .text._reset_section
                0x0000000000002124       0x60 zephyr/arch/arch/arm/core/aarch32/cortex_m/libarch__arm__core__aarch32__cortex_m.a(reset.S.obj)
                0x0000000000002124                z_arm_reset
                0x0000000000002124                __start
 .text.sys_arch_reboot
                0x0000000000002184       0x24 zephyr/arch/arch/arm/core/aarch32/cortex_m/libarch__arm__core__aarch32__cortex_m.a(scb.c.obj)
                0x0000000000002184                sys_arch_reboot
 .text.z_arm_clear_arm_mpu_config
                0x00000000000021a8       0x24 zephyr/arch/arch/arm/core/aarch32/cortex_m/libarch__arm__core__aarch32__cortex_m.a(scb.c.obj)
                0x00000000000021a8                z_arm_clear_arm_mpu_config
 .text.z_arm_init_arch_hw_at_boot
                0x00000000000021cc       0x48 zephyr/arch/arch/arm/core/aarch32/cortex_m/libarch__arm__core__aarch32__cortex_m.a(scb.c.obj)
                0x00000000000021cc                z_arm_init_arch_hw_at_boot
 .text.__stdout_hook_install
                0x0000000000002214        0xc zephyr/lib/libc/minimal/liblib__libc__minimal.a(stdout_console.c.obj)
                0x0000000000002214                __stdout_hook_install
 .text.onoff_stop
                0x0000000000002220       0x30 zephyr/drivers/clock_control/libdrivers__clock_control.a(clock_control_nrf.c.obj)
 .text.onoff_start
                0x0000000000002250       0x44 zephyr/drivers/clock_control/libdrivers__clock_control.a(clock_control_nrf.c.obj)
 .text.clk_init
                0x0000000000002294       0x58 zephyr/drivers/clock_control/libdrivers__clock_control.a(clock_control_nrf.c.obj)
 .text.clkstarted_handle.constprop.0
                0x00000000000022ec       0x3c zephyr/drivers/clock_control/libdrivers__clock_control.a(clock_control_nrf.c.obj)
 .text.clock_event_handler
                0x0000000000002328       0x1c zephyr/drivers/clock_control/libdrivers__clock_control.a(clock_control_nrf.c.obj)
 .text.generic_hfclk_start
                0x0000000000002344       0x64 zephyr/drivers/clock_control/libdrivers__clock_control.a(clock_control_nrf.c.obj)
 .text.generic_hfclk_stop
                0x00000000000023a8       0x24 zephyr/drivers/clock_control/libdrivers__clock_control.a(clock_control_nrf.c.obj)
 .text.z_nrf_clock_control_lf_on
                0x00000000000023cc       0xf4 zephyr/drivers/clock_control/libdrivers__clock_control.a(clock_control_nrf.c.obj)
                0x00000000000023cc                z_nrf_clock_control_lf_on
 .text.uart_console_init
                0x00000000000024c0       0x30 zephyr/drivers/console/libdrivers__console.a(uart_console.c.obj)
 .text.console_out
                0x00000000000024f0       0x28 zephyr/drivers/console/libdrivers__console.a(uart_console.c.obj)
 .text.gpio_nrfx_pin_interrupt_configure
                0x0000000000002518       0xc8 zephyr/drivers/gpio/libdrivers__gpio.a(gpio_nrfx.c.obj)
 .text.gpio_nrfx_init
                0x00000000000025e0       0x38 zephyr/drivers/gpio/libdrivers__gpio.a(gpio_nrfx.c.obj)
 .text.nrfx_gpio_handler
                0x0000000000002618       0x34 zephyr/drivers/gpio/libdrivers__gpio.a(gpio_nrfx.c.obj)
 .text.gpio_nrfx_pin_configure
                0x000000000000264c      0x140 zephyr/drivers/gpio/libdrivers__gpio.a(gpio_nrfx.c.obj)
 .text.flash_nrf_pages_layout
                0x000000000000278c       0x10 zephyr/drivers/flash/libdrivers__flash.a(soc_flash_nrf.c.obj)
 .text.flash_nrf_get_parameters
                0x000000000000279c        0x8 zephyr/drivers/flash/libdrivers__flash.a(soc_flash_nrf.c.obj)
 .text.nrf_flash_init
                0x00000000000027a4       0x18 zephyr/drivers/flash/libdrivers__flash.a(soc_flash_nrf.c.obj)
 .text.flash_nrf_erase
                0x00000000000027bc       0x6c zephyr/drivers/flash/libdrivers__flash.a(soc_flash_nrf.c.obj)
 .text.flash_nrf_write
                0x0000000000002828       0x70 zephyr/drivers/flash/libdrivers__flash.a(soc_flash_nrf.c.obj)
 .text.flash_nrf_read
                0x0000000000002898       0x40 zephyr/drivers/flash/libdrivers__flash.a(soc_flash_nrf.c.obj)
 .text.uarte_nrfx_poll_out
                0x00000000000028d8       0xc4 zephyr/drivers/serial/libdrivers__serial.a(uart_nrfx_uarte.c.obj)
 .text.uarte_nrfx_configure
                0x000000000000299c      0x164 zephyr/drivers/serial/libdrivers__serial.a(uart_nrfx_uarte.c.obj)
 .text.uarte_instance_init.constprop.0
                0x0000000000002b00       0xe8 zephyr/drivers/serial/libdrivers__serial.a(uart_nrfx_uarte.c.obj)
 .text.compare_int_lock
                0x0000000000002be8       0x44 zephyr/drivers/timer/libdrivers__timer.a(nrf_rtc_timer.c.obj)
 .text.sys_clock_timeout_handler
                0x0000000000002c2c       0x78 zephyr/drivers/timer/libdrivers__timer.a(nrf_rtc_timer.c.obj)
 .text.compare_int_unlock
                0x0000000000002ca4       0x50 zephyr/drivers/timer/libdrivers__timer.a(nrf_rtc_timer.c.obj)
 .text.z_nrf_rtc_timer_read
                0x0000000000002cf4       0x44 zephyr/drivers/timer/libdrivers__timer.a(nrf_rtc_timer.c.obj)
                0x0000000000002cf4                z_nrf_rtc_timer_read
 .text.compare_set
                0x0000000000002d38      0x148 zephyr/drivers/timer/libdrivers__timer.a(nrf_rtc_timer.c.obj)
 .text.sys_clock_driver_init
                0x0000000000002e80       0x80 zephyr/drivers/timer/libdrivers__timer.a(nrf_rtc_timer.c.obj)
 .text.rtc_nrf_isr
                0x0000000000002f00       0xe8 zephyr/drivers/timer/libdrivers__timer.a(nrf_rtc_timer.c.obj)
                0x0000000000002f00                rtc_nrf_isr
 .text.sys_clock_set_timeout
                0x0000000000002fe8       0x60 zephyr/drivers/timer/libdrivers__timer.a(nrf_rtc_timer.c.obj)
                0x0000000000002fe8                sys_clock_set_timeout
 .text.sys_clock_elapsed
                0x0000000000003048       0x14 zephyr/drivers/timer/libdrivers__timer.a(nrf_rtc_timer.c.obj)
                0x0000000000003048                sys_clock_elapsed
 .text.nrf_gpio_pin_write
                0x000000000000305c       0x1c zephyr/drivers/pinctrl/libdrivers__pinctrl.a(pinctrl_nrf.c.obj)
 .text.nrf_pin_configure
                0x0000000000003078       0x30 zephyr/drivers/pinctrl/libdrivers__pinctrl.a(pinctrl_nrf.c.obj)
 .text.pinctrl_configure_pins
                0x00000000000030a8      0x124 zephyr/drivers/pinctrl/libdrivers__pinctrl.a(pinctrl_nrf.c.obj)
                0x00000000000030a8                pinctrl_configure_pins
 .text.fprotect_area
                0x00000000000031cc       0x3c modules/nrf/lib/fprotect/lib..__nrf__lib__fprotect.a(fprotect_spu.c.obj)
                0x00000000000031cc                fprotect_area
 .text.k_sys_fatal_error_handler
                0x0000000000003208       0x14 modules/nrf/lib/fatal_error/lib..__nrf__lib__fatal_error.a(fatal_error.c.obj)
                0x0000000000003208                k_sys_fatal_error_handler
 .text.boot_write_magic
                0x000000000000321c       0x40 modules/mcuboot/boot/bootutil/zephyr/libmcuboot_util.a(bootutil_public.c.obj)
                0x000000000000321c                boot_write_magic
 .text.boot_read_swap_state
                0x000000000000325c       0xa8 modules/mcuboot/boot/bootutil/zephyr/libmcuboot_util.a(bootutil_public.c.obj)
                0x000000000000325c                boot_read_swap_state
 .text.boot_swap_type_multi
                0x0000000000003304      0x100 modules/mcuboot/boot/bootutil/zephyr/libmcuboot_util.a(bootutil_public.c.obj)
                0x0000000000003304                boot_swap_type_multi
 .text.SystemInit
                0x0000000000003404      0x194 modules/hal_nordic/nrfx/libmodules__hal_nordic__nrfx.a(system_nrf9160.c.obj)
                0x0000000000003404                SystemInit
 .text.nrfx_flag32_alloc
                0x0000000000003598       0x44 modules/hal_nordic/nrfx/libmodules__hal_nordic__nrfx.a(nrfx_flag32_allocator.c.obj)
                0x0000000000003598                nrfx_flag32_alloc
 .text.nrfx_flag32_free
                0x00000000000035dc       0x3c modules/hal_nordic/nrfx/libmodules__hal_nordic__nrfx.a(nrfx_flag32_allocator.c.obj)
                0x00000000000035dc                nrfx_flag32_free
 .text.nrfx_clock_init
                0x0000000000003618       0x20 modules/hal_nordic/nrfx/libmodules__hal_nordic__nrfx.a(nrfx_clock.c.obj)
                0x0000000000003618                nrfx_clock_init
 .text.nrfx_power_clock_irq_handler
                0x0000000000003638       0x68 modules/hal_nordic/nrfx/libmodules__hal_nordic__nrfx.a(nrfx_clock.c.obj)
                0x0000000000003638                nrfx_power_clock_irq_handler
 .text.nrfx_dppi_channel_alloc
                0x00000000000036a0        0xc modules/hal_nordic/nrfx/libmodules__hal_nordic__nrfx.a(nrfx_dppi.c.obj)
                0x00000000000036a0                nrfx_dppi_channel_alloc
 .text.nrf_gpio_cfg_sense_set
                0x00000000000036ac       0x20 modules/hal_nordic/nrfx/libmodules__hal_nordic__nrfx.a(nrfx_gpiote.c.obj)
 .text.pin_in_use_by_te
                0x00000000000036cc       0x14 modules/hal_nordic/nrfx/libmodules__hal_nordic__nrfx.a(nrfx_gpiote.c.obj)
 .text.call_handler
                0x00000000000036e0       0x3c modules/hal_nordic/nrfx/libmodules__hal_nordic__nrfx.a(nrfx_gpiote.c.obj)
 .text.release_handler
                0x000000000000371c       0x58 modules/hal_nordic/nrfx/libmodules__hal_nordic__nrfx.a(nrfx_gpiote.c.obj)
 .text.pin_handler_trigger_uninit
                0x0000000000003774       0x3c modules/hal_nordic/nrfx/libmodules__hal_nordic__nrfx.a(nrfx_gpiote.c.obj)
 .text.nrfx_gpiote_input_configure
                0x00000000000037b0      0x154 modules/hal_nordic/nrfx/libmodules__hal_nordic__nrfx.a(nrfx_gpiote.c.obj)
                0x00000000000037b0                nrfx_gpiote_input_configure
 .text.nrfx_gpiote_output_configure
                0x0000000000003904       0xf4 modules/hal_nordic/nrfx/libmodules__hal_nordic__nrfx.a(nrfx_gpiote.c.obj)
                0x0000000000003904                nrfx_gpiote_output_configure
 .text.nrfx_gpiote_global_callback_set
                0x00000000000039f8        0xc modules/hal_nordic/nrfx/libmodules__hal_nordic__nrfx.a(nrfx_gpiote.c.obj)
                0x00000000000039f8                nrfx_gpiote_global_callback_set
 .text.nrfx_gpiote_channel_get
                0x0000000000003a04       0x2c modules/hal_nordic/nrfx/libmodules__hal_nordic__nrfx.a(nrfx_gpiote.c.obj)
                0x0000000000003a04                nrfx_gpiote_channel_get
 .text.nrfx_gpiote_init
                0x0000000000003a30       0x50 modules/hal_nordic/nrfx/libmodules__hal_nordic__nrfx.a(nrfx_gpiote.c.obj)
                0x0000000000003a30                nrfx_gpiote_init
 .text.nrfx_gpiote_is_init
                0x0000000000003a80       0x14 modules/hal_nordic/nrfx/libmodules__hal_nordic__nrfx.a(nrfx_gpiote.c.obj)
                0x0000000000003a80                nrfx_gpiote_is_init
 .text.nrfx_gpiote_channel_free
                0x0000000000003a94        0xc modules/hal_nordic/nrfx/libmodules__hal_nordic__nrfx.a(nrfx_gpiote.c.obj)
                0x0000000000003a94                nrfx_gpiote_channel_free
 .text.nrfx_gpiote_channel_alloc
                0x0000000000003aa0        0xc modules/hal_nordic/nrfx/libmodules__hal_nordic__nrfx.a(nrfx_gpiote.c.obj)
                0x0000000000003aa0                nrfx_gpiote_channel_alloc
 .text.nrfx_gpiote_trigger_enable
                0x0000000000003aac       0x88 modules/hal_nordic/nrfx/libmodules__hal_nordic__nrfx.a(nrfx_gpiote.c.obj)
                0x0000000000003aac                nrfx_gpiote_trigger_enable
 .text.nrfx_gpiote_trigger_disable
                0x0000000000003b34       0x50 modules/hal_nordic/nrfx/libmodules__hal_nordic__nrfx.a(nrfx_gpiote.c.obj)
                0x0000000000003b34                nrfx_gpiote_trigger_disable
 .text.nrfx_gpiote_pin_uninit
                0x0000000000003b84       0x44 modules/hal_nordic/nrfx/libmodules__hal_nordic__nrfx.a(nrfx_gpiote.c.obj)
                0x0000000000003b84                nrfx_gpiote_pin_uninit
 .text.nrfx_gpiote_irq_handler
                0x0000000000003bc8      0x154 modules/hal_nordic/nrfx/libmodules__hal_nordic__nrfx.a(nrfx_gpiote.c.obj)
                0x0000000000003bc8                nrfx_gpiote_irq_handler
 .text.nvmc_readonly_mode_set
                0x0000000000003d1c       0x14 modules/hal_nordic/nrfx/libmodules__hal_nordic__nrfx.a(nrfx_nvmc.c.obj)
 .text.nvmc_word_write
                0x0000000000003d30       0x18 modules/hal_nordic/nrfx/libmodules__hal_nordic__nrfx.a(nrfx_nvmc.c.obj)
 .text.nrfx_nvmc_page_erase
                0x0000000000003d48       0x3c modules/hal_nordic/nrfx/libmodules__hal_nordic__nrfx.a(nrfx_nvmc.c.obj)
                0x0000000000003d48                nrfx_nvmc_page_erase
 .text.nrfx_nvmc_word_write
                0x0000000000003d84       0x20 modules/hal_nordic/nrfx/libmodules__hal_nordic__nrfx.a(nrfx_nvmc.c.obj)
                0x0000000000003d84                nrfx_nvmc_word_write
 .text.z_sys_init_run_level
                0x0000000000003da4       0x40 zephyr/kernel/libkernel.a(device.c.obj)
                0x0000000000003da4                z_sys_init_run_level
 .text.z_fatal_error
                0x0000000000003de4       0x7c zephyr/kernel/libkernel.a(fatal.c.obj)
                0x0000000000003de4                z_fatal_error
 .text.bg_thread_main
                0x0000000000003e60       0x30 zephyr/kernel/libkernel.a(init.c.obj)
 .text.z_bss_zero
                0x0000000000003e90       0x18 zephyr/kernel/libkernel.a(init.c.obj)
                0x0000000000003e90                z_bss_zero
 .text.z_cstart
                0x0000000000003ea8       0x6c zephyr/kernel/libkernel.a(init.c.obj)
                0x0000000000003ea8                z_cstart
 .text.z_data_copy
                0x0000000000003f14       0x34 zephyr/kernel/libkernel.a(xip.c.obj)
                0x0000000000003f14                z_data_copy
 .text.elapsed  0x0000000000003f48       0x14 zephyr/kernel/libkernel.a(timeout.c.obj)
 .text.next_timeout
                0x0000000000003f5c       0x3c zephyr/kernel/libkernel.a(timeout.c.obj)
 .text.remove_timeout
                0x0000000000003f98       0x34 zephyr/kernel/libkernel.a(timeout.c.obj)
 .text.sys_clock_announce
                0x0000000000003fcc       0xb4 zephyr/kernel/libkernel.a(timeout.c.obj)
                0x0000000000003fcc                sys_clock_announce
 .text.boot_banner
                0x0000000000004080       0x18 zephyr/kernel/libkernel.a(banner.c.obj)
                0x0000000000004080                boot_banner
 .text.nrf_cc3xx_platform_init_no_rng
                0x0000000000004098       0x38 /workdir/nrfxlib/crypto/nrf_cc310_platform/lib/cortex-m33/hard-float/no-interrupts/libnrf_cc310_platform_0.9.15.a(nrf_cc3xx_platform.c.obj)
                0x0000000000004098                nrf_cc3xx_platform_init_no_rng
 .text.nrf_cc3xx_platform_abort
                0x00000000000040d0       0x24 /workdir/nrfxlib/crypto/nrf_cc310_platform/lib/cortex-m33/hard-float/no-interrupts/libnrf_cc310_platform_0.9.15.a(nrf_cc3xx_platform_abort.c.obj)
 .text.CC_PalAbort
                0x00000000000040f4       0x34 /workdir/nrfxlib/crypto/nrf_cc310_platform/lib/cortex-m33/hard-float/no-interrupts/libnrf_cc310_platform_0.9.15.a(nrf_cc3xx_platform_abort.c.obj)
                0x00000000000040f4                CC_PalAbort
 .text.nrf_cc3xx_platform_set_abort
                0x0000000000004128       0x10 /workdir/nrfxlib/crypto/nrf_cc310_platform/lib/cortex-m33/hard-float/no-interrupts/libnrf_cc310_platform_0.9.15.a(nrf_cc3xx_platform_abort.c.obj)
                0x0000000000004128                nrf_cc3xx_platform_set_abort
 .text.mbedtls_platform_zeroize
                0x0000000000004138       0x14 /workdir/nrfxlib/crypto/nrf_cc310_platform/lib/cortex-m33/hard-float/no-interrupts/libnrf_cc310_platform_0.9.15.a(mbedtls_common.c.obj)
                0x0000000000004138                mbedtls_platform_zeroize
 .text.CC_LibInitNoRng
                0x000000000000414c       0x64 /workdir/nrfxlib/crypto/nrf_cc310_platform/lib/cortex-m33/hard-float/no-interrupts/libnrf_cc310_platform_0.9.15.a(cc_lib.c.obj)
                0x000000000000414c                CC_LibInitNoRng
 .text.CC_HalInit
                0x00000000000041b0        0x4 /workdir/nrfxlib/crypto/nrf_cc310_platform/lib/cortex-m33/hard-float/no-interrupts/libnrf_cc310_platform_0.9.15.a(cc_hal.c.obj)
                0x00000000000041b0                CC_HalInit
 .text.CC_HalTerminate
                0x00000000000041b4        0x4 /workdir/nrfxlib/crypto/nrf_cc310_platform/lib/cortex-m33/hard-float/no-interrupts/libnrf_cc310_platform_0.9.15.a(cc_hal.c.obj)
                0x00000000000041b4                CC_HalTerminate
 .text.CC_HalMaskInterrupt
                0x00000000000041b8        0xc /workdir/nrfxlib/crypto/nrf_cc310_platform/lib/cortex-m33/hard-float/no-interrupts/libnrf_cc310_platform_0.9.15.a(cc_hal.c.obj)
                0x00000000000041b8                CC_HalMaskInterrupt
 .text.CC_PalInit
                0x00000000000041c4       0x5c /workdir/nrfxlib/crypto/nrf_cc310_platform/lib/cortex-m33/hard-float/no-interrupts/libnrf_cc310_platform_0.9.15.a(cc_pal.c.obj)
                0x00000000000041c4                CC_PalInit
 .text.CC_PalTerminate
                0x0000000000004220       0x34 /workdir/nrfxlib/crypto/nrf_cc310_platform/lib/cortex-m33/hard-float/no-interrupts/libnrf_cc310_platform_0.9.15.a(cc_pal.c.obj)
                0x0000000000004220                CC_PalTerminate
 .text.CC_PalDmaInit
                0x0000000000004254        0x4 /workdir/nrfxlib/crypto/nrf_cc310_platform/lib/cortex-m33/hard-float/no-interrupts/libnrf_cc310_platform_0.9.15.a(cc_pal_dma.c.obj)
                0x0000000000004254                CC_PalDmaInit
 .text.CC_PalDmaTerminate
                0x0000000000004258        0x4 /workdir/nrfxlib/crypto/nrf_cc310_platform/lib/cortex-m33/hard-float/no-interrupts/libnrf_cc310_platform_0.9.15.a(cc_pal_dma.c.obj)
                0x0000000000004258                CC_PalDmaTerminate
 .text.CC_PalMutexCreate
                0x000000000000425c       0x14 /workdir/nrfxlib/crypto/nrf_cc310_platform/lib/cortex-m33/hard-float/no-interrupts/libnrf_cc310_platform_0.9.15.a(cc_pal_mutex.c.obj)
                0x000000000000425c                CC_PalMutexCreate
 .text.CC_PalMutexDestroy
                0x0000000000004270       0x14 /workdir/nrfxlib/crypto/nrf_cc310_platform/lib/cortex-m33/hard-float/no-interrupts/libnrf_cc310_platform_0.9.15.a(cc_pal_mutex.c.obj)
                0x0000000000004270                CC_PalMutexDestroy
 .text.CC_PalPowerSaveModeInit
                0x0000000000004284       0x3c /workdir/nrfxlib/crypto/nrf_cc310_platform/lib/cortex-m33/hard-float/no-interrupts/libnrf_cc310_platform_0.9.15.a(cc_pal_pm.c.obj)
                0x0000000000004284                CC_PalPowerSaveModeInit
 .text.CC_PalPowerSaveModeSelect
                0x00000000000042c0       0x84 /workdir/nrfxlib/crypto/nrf_cc310_platform/lib/cortex-m33/hard-float/no-interrupts/libnrf_cc310_platform_0.9.15.a(cc_pal_pm.c.obj)
                0x00000000000042c0                CC_PalPowerSaveModeSelect
 .text.mutex_free
                0x0000000000004344       0x28 /workdir/nrfxlib/crypto/nrf_cc310_platform/lib/cortex-m33/hard-float/no-interrupts/libnrf_cc310_platform_0.9.15.a(nrf_cc3xx_platform_mutex.c.obj)
 .text.mutex_lock
                0x000000000000436c       0x40 /workdir/nrfxlib/crypto/nrf_cc310_platform/lib/cortex-m33/hard-float/no-interrupts/libnrf_cc310_platform_0.9.15.a(nrf_cc3xx_platform_mutex.c.obj)
 .text.mutex_unlock
                0x00000000000043ac       0x30 /workdir/nrfxlib/crypto/nrf_cc310_platform/lib/cortex-m33/hard-float/no-interrupts/libnrf_cc310_platform_0.9.15.a(nrf_cc3xx_platform_mutex.c.obj)
 .text.mutex_init
                0x00000000000043dc       0x1c /workdir/nrfxlib/crypto/nrf_cc310_platform/lib/cortex-m33/hard-float/no-interrupts/libnrf_cc310_platform_0.9.15.a(nrf_cc3xx_platform_mutex.c.obj)
 .text.verify_context_ecdsa_verify_secp256r1
                0x00000000000043f8       0x20 /workdir/nrfxlib/crypto/nrf_cc310_bl/lib/cortex-m33/hard-float/no-interrupts/libnrf_cc310_bl_0.9.12.a(nrf_cc310_bl_ecdsa_verify_secp256r1.c.obj)
 .text.nrf_cc310_bl_ecdsa_verify_init_secp256r1
                0x0000000000004418       0x4c /workdir/nrfxlib/crypto/nrf_cc310_bl/lib/cortex-m33/hard-float/no-interrupts/libnrf_cc310_bl_0.9.12.a(nrf_cc310_bl_ecdsa_verify_secp256r1.c.obj)
                0x0000000000004418                nrf_cc310_bl_ecdsa_verify_init_secp256r1
 .text.nrf_cc310_bl_ecdsa_verify_hash_secp256r1
                0x0000000000004464      0x168 /workdir/nrfxlib/crypto/nrf_cc310_bl/lib/cortex-m33/hard-float/no-interrupts/libnrf_cc310_bl_0.9.12.a(nrf_cc310_bl_ecdsa_verify_secp256r1.c.obj)
                0x0000000000004464                nrf_cc310_bl_ecdsa_verify_hash_secp256r1
 .text.set_digest_in_hw_sha256
                0x00000000000045cc       0x38 /workdir/nrfxlib/crypto/nrf_cc310_bl/lib/cortex-m33/hard-float/no-interrupts/libnrf_cc310_bl_0.9.12.a(nrf_cc310_bl_hash_sha256.c.obj)
 .text.read_digest_in_hw_sha256
                0x0000000000004604       0x54 /workdir/nrfxlib/crypto/nrf_cc310_bl/lib/cortex-m33/hard-float/no-interrupts/libnrf_cc310_bl_0.9.12.a(nrf_cc310_bl_hash_sha256.c.obj)
 .text.verify_context_hash_sha256
                0x0000000000004658       0x20 /workdir/nrfxlib/crypto/nrf_cc310_bl/lib/cortex-m33/hard-float/no-interrupts/libnrf_cc310_bl_0.9.12.a(nrf_cc310_bl_hash_sha256.c.obj)
 .text.nrf_cc310_bl_hash_sha256_init
                0x0000000000004678       0x34 /workdir/nrfxlib/crypto/nrf_cc310_bl/lib/cortex-m33/hard-float/no-interrupts/libnrf_cc310_bl_0.9.12.a(nrf_cc310_bl_hash_sha256.c.obj)
                0x0000000000004678                nrf_cc310_bl_hash_sha256_init
 .text.nrf_cc310_bl_hash_sha256_update
                0x00000000000046ac       0xb0 /workdir/nrfxlib/crypto/nrf_cc310_bl/lib/cortex-m33/hard-float/no-interrupts/libnrf_cc310_bl_0.9.12.a(nrf_cc310_bl_hash_sha256.c.obj)
                0x00000000000046ac                nrf_cc310_bl_hash_sha256_update
 .text.nrf_cc310_bl_hash_sha256_finalize
                0x000000000000475c       0x60 /workdir/nrfxlib/crypto/nrf_cc310_bl/lib/cortex-m33/hard-float/no-interrupts/libnrf_cc310_bl_0.9.12.a(nrf_cc310_bl_hash_sha256.c.obj)
                0x000000000000475c                nrf_cc310_bl_hash_sha256_finalize
 .text.nrf_cc310_bl_init
                0x00000000000047bc       0x34 /workdir/nrfxlib/crypto/nrf_cc310_bl/lib/cortex-m33/hard-float/no-interrupts/libnrf_cc310_bl_0.9.12.a(nrf_cc310_bl_init.c.obj)
                0x00000000000047bc                nrf_cc310_bl_init
 .text.PkaSetRegsMapTab
                0x00000000000047f0       0x48 /workdir/nrfxlib/crypto/nrf_cc310_bl/lib/cortex-m33/hard-float/no-interrupts/libnrf_cc310_bl_0.9.12.a(pka.c.obj)
                0x00000000000047f0                PkaSetRegsMapTab
 .text.PkaGetRegEffectiveSizeInBits
                0x0000000000004838       0x8c /workdir/nrfxlib/crypto/nrf_cc310_bl/lib/cortex-m33/hard-float/no-interrupts/libnrf_cc310_bl_0.9.12.a(pka.c.obj)
                0x0000000000004838                PkaGetRegEffectiveSizeInBits
 .text.PkaGetNextMsBit
                0x00000000000048c4       0x7c /workdir/nrfxlib/crypto/nrf_cc310_bl/lib/cortex-m33/hard-float/no-interrupts/libnrf_cc310_bl_0.9.12.a(pka.c.obj)
                0x00000000000048c4                PkaGetNextMsBit
 .text.PkaSetRegsSizesTab
                0x0000000000004940       0x3c /workdir/nrfxlib/crypto/nrf_cc310_bl/lib/cortex-m33/hard-float/no-interrupts/libnrf_cc310_bl_0.9.12.a(pka.c.obj)
                0x0000000000004940                PkaSetRegsSizesTab
 .text.PkaInitPka
                0x000000000000497c       0x74 /workdir/nrfxlib/crypto/nrf_cc310_bl/lib/cortex-m33/hard-float/no-interrupts/libnrf_cc310_bl_0.9.12.a(pka.c.obj)
                0x000000000000497c                PkaInitPka
 .text.PkaClearBlockOfRegs
                0x00000000000049f0      0x134 /workdir/nrfxlib/crypto/nrf_cc310_bl/lib/cortex-m33/hard-float/no-interrupts/libnrf_cc310_bl_0.9.12.a(pka.c.obj)
                0x00000000000049f0                PkaClearBlockOfRegs
 .text.PkaFinishAndMutexUnlock
                0x0000000000004b24       0x24 /workdir/nrfxlib/crypto/nrf_cc310_bl/lib/cortex-m33/hard-float/no-interrupts/libnrf_cc310_bl_0.9.12.a(pka.c.obj)
                0x0000000000004b24                PkaFinishAndMutexUnlock
 .text.PkaCopyDataIntoPkaReg
                0x0000000000004b48       0xb8 /workdir/nrfxlib/crypto/nrf_cc310_bl/lib/cortex-m33/hard-float/no-interrupts/libnrf_cc310_bl_0.9.12.a(pka.c.obj)
                0x0000000000004b48                PkaCopyDataIntoPkaReg
 .text.PkaEcdsaVerify
                0x0000000000004c00      0x284 /workdir/nrfxlib/crypto/nrf_cc310_bl/lib/cortex-m33/hard-float/no-interrupts/libnrf_cc310_bl_0.9.12.a(pka_ec_wrst_dsa_verify.c.obj)
                0x0000000000004c00                PkaEcdsaVerify
 .text.nrf_cc310_bl_hash_update_internal
                0x0000000000004e84       0xf0 /workdir/nrfxlib/crypto/nrf_cc310_bl/lib/cortex-m33/hard-float/no-interrupts/libnrf_cc310_bl_0.9.12.a(nrf_cc310_bl_hash.c.obj)
                0x0000000000004e84                nrf_cc310_bl_hash_update_internal
 .text.PkaDoubleMdf2Mdf
                0x0000000000004f74      0x1ac /workdir/nrfxlib/crypto/nrf_cc310_bl/lib/cortex-m33/hard-float/no-interrupts/libnrf_cc310_bl_0.9.12.a(pka_ec_wrst.c.obj)
                0x0000000000004f74                PkaDoubleMdf2Mdf
 .text.PkaDoubleMdf2Jcb
                0x0000000000005120      0x178 /workdir/nrfxlib/crypto/nrf_cc310_bl/lib/cortex-m33/hard-float/no-interrupts/libnrf_cc310_bl_0.9.12.a(pka_ec_wrst.c.obj)
                0x0000000000005120                PkaDoubleMdf2Jcb
 .text.PkaAddJcbAfn2Mdf
                0x0000000000005298      0x194 /workdir/nrfxlib/crypto/nrf_cc310_bl/lib/cortex-m33/hard-float/no-interrupts/libnrf_cc310_bl_0.9.12.a(pka_ec_wrst.c.obj)
                0x0000000000005298                PkaAddJcbAfn2Mdf
 .text.PkaJcb2Afn
                0x000000000000542c       0xb0 /workdir/nrfxlib/crypto/nrf_cc310_bl/lib/cortex-m33/hard-float/no-interrupts/libnrf_cc310_bl_0.9.12.a(pka_ec_wrst.c.obj)
                0x000000000000542c                PkaJcb2Afn
 .text.PkaAddAff
                0x00000000000054dc      0x114 /workdir/nrfxlib/crypto/nrf_cc310_bl/lib/cortex-m33/hard-float/no-interrupts/libnrf_cc310_bl_0.9.12.a(pka_ec_wrst.c.obj)
                0x00000000000054dc                PkaAddAff
 .text.PkaSum2ScalarMullt
                0x00000000000055f0      0x1e4 /workdir/nrfxlib/crypto/nrf_cc310_bl/lib/cortex-m33/hard-float/no-interrupts/libnrf_cc310_bl_0.9.12.a(pka_ec_wrst.c.obj)
                0x00000000000055f0                PkaSum2ScalarMullt
 .text.SaSi_HalClearInterruptBit
                0x00000000000057d4        0xc /workdir/nrfxlib/crypto/nrf_cc310_bl/lib/cortex-m33/hard-float/no-interrupts/libnrf_cc310_bl_0.9.12.a(ssi_hal.c.obj)
                0x00000000000057d4                SaSi_HalClearInterruptBit
 .text.SaSi_HalMaskInterrupt
                0x00000000000057e0        0xc /workdir/nrfxlib/crypto/nrf_cc310_bl/lib/cortex-m33/hard-float/no-interrupts/libnrf_cc310_bl_0.9.12.a(ssi_hal.c.obj)
                0x00000000000057e0                SaSi_HalMaskInterrupt
 .text.SaSi_HalWaitInterrupt
                0x00000000000057ec       0x18 /workdir/nrfxlib/crypto/nrf_cc310_bl/lib/cortex-m33/hard-float/no-interrupts/libnrf_cc310_bl_0.9.12.a(ssi_hal.c.obj)
                0x00000000000057ec                SaSi_HalWaitInterrupt
 .text._OffsetAbsSyms
                0x0000000000005804        0x2 zephyr/CMakeFiles/offsets.dir/./arch/arm/core/offsets/offsets.c.obj
                0x0000000000005804                _OffsetAbsSyms
 .text.flash_area_id_from_multi_image_slot
                0x0000000000005806       0x12 app/libapp.a(flash_map_extended.c.obj)
                0x0000000000005806                flash_area_id_from_multi_image_slot
 .text.flash_area_get_device_id
                0x0000000000005818        0x4 app/libapp.a(flash_map_extended.c.obj)
                0x0000000000005818                flash_area_get_device_id
 .text.os_heap_init
                0x000000000000581c        0x2 app/libapp.a(os.c.obj)
                0x000000000000581c                os_heap_init
 .text.bootutil_tlv_iter_begin
                0x000000000000581e       0x98 app/libapp.a(tlv.c.obj)
                0x000000000000581e                bootutil_tlv_iter_begin
 .text.bootutil_tlv_iter_next
                0x00000000000058b6       0x96 app/libapp.a(tlv.c.obj)
                0x00000000000058b6                bootutil_tlv_iter_next
 .text.bootutil_read_bigint
                0x000000000000594c       0x58 app/libapp.a(image_ec256.c.obj)
 .text.boot_fih_memequal
                0x00000000000059a4        0x4 app/libapp.a(bootutil_misc.c.obj)
                0x00000000000059a4                boot_fih_memequal
 .text.boot_trailer_sz
                0x00000000000059a8        0xa app/libapp.a(bootutil_misc.c.obj)
                0x00000000000059a8                boot_trailer_sz
 .text.boot_status_entries
                0x00000000000059b2       0x1a app/libapp.a(bootutil_misc.c.obj)
                0x00000000000059b2                boot_status_entries
 .text.boot_status_off
                0x00000000000059cc       0x16 app/libapp.a(bootutil_misc.c.obj)
                0x00000000000059cc                boot_status_off
 .text.boot_write_copy_done
                0x00000000000059e2       0x10 app/libapp.a(bootutil_misc.c.obj)
                0x00000000000059e2                boot_write_copy_done
 .text.boot_write_swap_size
                0x00000000000059f2       0x1e app/libapp.a(bootutil_misc.c.obj)
                0x00000000000059f2                boot_write_swap_size
 .text.boot_read_image_headers
                0x0000000000005a10       0x32 app/libapp.a(loader.c.obj)
 .text.boot_read_image_size.isra.0
                0x0000000000005a42       0x82 app/libapp.a(loader.c.obj)
 .text.boot_read_sectors
                0x0000000000005ac4       0x42 app/libapp.a(loader.c.obj)
 .text.boot_status_reset
                0x0000000000005b06       0x12 app/libapp.a(loader.c.obj)
                0x0000000000005b06                boot_status_reset
 .text.boot_status_is_reset
                0x0000000000005b18       0x1a app/libapp.a(loader.c.obj)
                0x0000000000005b18                boot_status_is_reset
 .text.boot_write_status
                0x0000000000005b32       0x64 app/libapp.a(loader.c.obj)
                0x0000000000005b32                boot_write_status
 .text.boot_erase_region
                0x0000000000005b96        0x4 app/libapp.a(loader.c.obj)
                0x0000000000005b96                boot_erase_region
 .text.swap_erase_trailer_sectors
                0x0000000000005b9a       0x6c app/libapp.a(swap_misc.c.obj)
                0x0000000000005b9a                swap_erase_trailer_sectors
 .text.swap_status_init
                0x0000000000005c06       0x3e app/libapp.a(swap_misc.c.obj)
                0x0000000000005c06                swap_status_init
 .text.swap_read_status
                0x0000000000005c44       0x7a app/libapp.a(swap_misc.c.obj)
                0x0000000000005c44                swap_read_status
 .text.swap_set_copy_done
                0x0000000000005cbe       0x24 app/libapp.a(swap_misc.c.obj)
                0x0000000000005cbe                swap_set_copy_done
 .text.swap_set_image_ok
                0x0000000000005ce2       0x3c app/libapp.a(swap_misc.c.obj)
                0x0000000000005ce2                swap_set_image_ok
 .text.boot_status_internal_off
                0x0000000000005d1e       0x2e app/libapp.a(swap_move.c.obj)
                0x0000000000005d1e                boot_status_internal_off
 .text.mbedtls_asn1_get_len
                0x0000000000005d4c       0x90 app/libapp.a(asn1parse.c.obj)
                0x0000000000005d4c                mbedtls_asn1_get_len
 .text.mbedtls_asn1_get_tag
                0x0000000000005ddc       0x28 app/libapp.a(asn1parse.c.obj)
                0x0000000000005ddc                mbedtls_asn1_get_tag
 .text.mbedtls_asn1_get_bitstring_null
                0x0000000000005e04       0x28 app/libapp.a(asn1parse.c.obj)
                0x0000000000005e04                mbedtls_asn1_get_bitstring_null
 .text.mbedtls_asn1_get_alg
                0x0000000000005e2c       0x96 app/libapp.a(asn1parse.c.obj)
                0x0000000000005e2c                mbedtls_asn1_get_alg
 .text.cc310_sha256_update
                0x0000000000005ec2       0x36 app/libapp.a(cc310_glue.c.obj)
                0x0000000000005ec2                cc310_sha256_update
 .text.sys_notify_validate
                0x0000000000005ef8       0x22 zephyr/libzephyr.a(notify.c.obj)
                0x0000000000005ef8                sys_notify_validate
 .text.sys_notify_finalize
                0x0000000000005f1a       0x18 zephyr/libzephyr.a(notify.c.obj)
                0x0000000000005f1a                sys_notify_finalize
 .text.arch_printk_char_out
                0x0000000000005f32        0x4 zephyr/libzephyr.a(printk.c.obj)
                0x0000000000005f32                arch_printk_char_out
 .text.printk   0x0000000000005f36       0x1a zephyr/libzephyr.a(printk.c.obj)
                0x0000000000005f36                printk
 .text.process_recheck
                0x0000000000005f50       0x38 zephyr/libzephyr.a(onoff.c.obj)
 .text.notify_one
                0x0000000000005f88       0x2c zephyr/libzephyr.a(onoff.c.obj)
 .text.transition_complete
                0x0000000000005fb4       0x1e zephyr/libzephyr.a(onoff.c.obj)
 .text.validate_args
                0x0000000000005fd2       0x1e zephyr/libzephyr.a(onoff.c.obj)
 .text.onoff_manager_init
                0x0000000000005ff0       0x26 zephyr/libzephyr.a(onoff.c.obj)
                0x0000000000005ff0                onoff_manager_init
 .text.onoff_request
                0x0000000000006016       0x92 zephyr/libzephyr.a(onoff.c.obj)
                0x0000000000006016                onoff_request
 .text._ConfigAbsSyms
                0x00000000000060a8        0x2 zephyr/libzephyr.a(configs.c.obj)
                0x00000000000060a8                _ConfigAbsSyms
 .text.z_log_minimal_printk
                0x00000000000060aa       0x1a zephyr/libzephyr.a(log_minimal.c.obj)
                0x00000000000060aa                z_log_minimal_printk
 .text.flash_area_close
                0x00000000000060c4        0x2 zephyr/libzephyr.a(flash_map.c.obj)
                0x00000000000060c4                flash_area_close
 .text.flash_area_read
                0x00000000000060c6       0x2a zephyr/libzephyr.a(flash_map.c.obj)
                0x00000000000060c6                flash_area_read
 .text.flash_area_write
                0x00000000000060f0       0x2a zephyr/libzephyr.a(flash_map.c.obj)
                0x00000000000060f0                flash_area_write
 .text.flash_area_erase
                0x000000000000611a       0x2e zephyr/libzephyr.a(flash_map.c.obj)
                0x000000000000611a                flash_area_erase
 .text.flash_area_align
                0x0000000000006148        0xe zephyr/libzephyr.a(flash_map.c.obj)
                0x0000000000006148                flash_area_align
 .text.flash_area_erased_val
                0x0000000000006156        0xe zephyr/libzephyr.a(flash_map.c.obj)
                0x0000000000006156                flash_area_erased_val
 .text.get_sectors_cb
                0x0000000000006164       0x3c zephyr/libzephyr.a(flash_map_layout.c.obj)
 .text.abort_function
                0x00000000000061a0        0x8 zephyr/libzephyr.a(nrf_cc3xx_platform_abort_zephyr.c.obj)
 .text.nrf_cc3xx_platform_mutex_init
                0x00000000000061a8        0x2 zephyr/libzephyr.a(nrf_cc3xx_platform_no_mutex_zephyr.c.obj)
                0x00000000000061a8                nrf_cc3xx_platform_mutex_init
 .text.z_do_kernel_oops
                0x00000000000061aa        0x8 zephyr/arch/arch/arm/core/aarch32/libarch__arm__core__aarch32.a(fatal.c.obj)
                0x00000000000061aa                z_do_kernel_oops
 .text.z_irq_spurious
                0x00000000000061b2        0x8 zephyr/arch/arch/arm/core/aarch32/libarch__arm__core__aarch32.a(irq_manage.c.obj)
                0x00000000000061b2                z_irq_spurious
 .text.z_arm_nmi
                0x00000000000061ba        0xe zephyr/arch/arch/arm/core/aarch32/libarch__arm__core__aarch32.a(nmi.c.obj)
                0x00000000000061ba                z_arm_nmi
 .text.strlen   0x00000000000061c8        0xe zephyr/lib/libc/minimal/liblib__libc__minimal.a(string.c.obj)
                0x00000000000061c8                strlen
 .text.memcmp   0x00000000000061d6       0x22 zephyr/lib/libc/minimal/liblib__libc__minimal.a(string.c.obj)
                0x00000000000061d6                memcmp
 .text.memcpy   0x00000000000061f8       0x16 zephyr/lib/libc/minimal/liblib__libc__minimal.a(string.c.obj)
                0x00000000000061f8                memcpy
 .text.memset   0x000000000000620e       0x12 zephyr/lib/libc/minimal/liblib__libc__minimal.a(string.c.obj)
                0x000000000000620e                memset
 .text._stdout_hook_default
                0x0000000000006220        0x6 zephyr/lib/libc/minimal/liblib__libc__minimal.a(stdout_console.c.obj)
 .text.get_status
                0x0000000000006226       0x12 zephyr/drivers/clock_control/libdrivers__clock_control.a(clock_control_nrf.c.obj)
 .text.set_on_state
                0x0000000000006238       0x26 zephyr/drivers/clock_control/libdrivers__clock_control.a(clock_control_nrf.c.obj)
 .text.stop     0x000000000000625e       0x54 zephyr/drivers/clock_control/libdrivers__clock_control.a(clock_control_nrf.c.obj)
 .text.api_stop
                0x00000000000062b2        0x6 zephyr/drivers/clock_control/libdrivers__clock_control.a(clock_control_nrf.c.obj)
 .text.async_start
                0x00000000000062b8       0x5e zephyr/drivers/clock_control/libdrivers__clock_control.a(clock_control_nrf.c.obj)
 .text.api_start
                0x0000000000006316        0xe zephyr/drivers/clock_control/libdrivers__clock_control.a(clock_control_nrf.c.obj)
 .text.api_blocking_start
                0x0000000000006324        0x6 zephyr/drivers/clock_control/libdrivers__clock_control.a(clock_control_nrf.c.obj)
 .text.onoff_started_callback
                0x000000000000632a       0x14 zephyr/drivers/clock_control/libdrivers__clock_control.a(clock_control_nrf.c.obj)
 .text.lfclk_start
                0x000000000000633e        0x6 zephyr/drivers/clock_control/libdrivers__clock_control.a(clock_control_nrf.c.obj)
 .text.lfclk_stop
                0x0000000000006344        0x6 zephyr/drivers/clock_control/libdrivers__clock_control.a(clock_control_nrf.c.obj)
 .text.gpio_nrfx_port_get_raw
                0x000000000000634a        0xc zephyr/drivers/gpio/libdrivers__gpio.a(gpio_nrfx.c.obj)
 .text.gpio_nrfx_port_set_masked_raw
                0x0000000000006356       0x14 zephyr/drivers/gpio/libdrivers__gpio.a(gpio_nrfx.c.obj)
 .text.gpio_nrfx_port_set_bits_raw
                0x000000000000636a        0xa zephyr/drivers/gpio/libdrivers__gpio.a(gpio_nrfx.c.obj)
 .text.gpio_nrfx_port_clear_bits_raw
                0x0000000000006374        0xa zephyr/drivers/gpio/libdrivers__gpio.a(gpio_nrfx.c.obj)
 .text.gpio_nrfx_port_toggle_bits
                0x000000000000637e       0x14 zephyr/drivers/gpio/libdrivers__gpio.a(gpio_nrfx.c.obj)
 .text.gpio_nrfx_manage_callback
                0x0000000000006392       0x54 zephyr/drivers/gpio/libdrivers__gpio.a(gpio_nrfx.c.obj)
 .text.is_regular_addr_valid
                0x00000000000063e6       0x22 zephyr/drivers/flash/libdrivers__flash.a(soc_flash_nrf.c.obj)
 .text.flash_page_foreach
                0x0000000000006408       0x58 zephyr/drivers/flash/libdrivers__flash.a(flash_page_layout.c.obj)
                0x0000000000006408                flash_page_foreach
 .text.uarte_nrfx_config_get
                0x0000000000006460       0x10 zephyr/drivers/serial/libdrivers__serial.a(uart_nrfx_uarte.c.obj)
 .text.uarte_nrfx_err_check
                0x0000000000006470        0xe zephyr/drivers/serial/libdrivers__serial.a(uart_nrfx_uarte.c.obj)
 .text.uarte_nrfx_poll_in
                0x000000000000647e       0x28 zephyr/drivers/serial/libdrivers__serial.a(uart_nrfx_uarte.c.obj)
 .text.is_tx_ready.isra.0
                0x00000000000064a6       0x22 zephyr/drivers/serial/libdrivers__serial.a(uart_nrfx_uarte.c.obj)
 .text.uarte_nrfx_isr_int
                0x00000000000064c8       0x72 zephyr/drivers/serial/libdrivers__serial.a(uart_nrfx_uarte.c.obj)
 .text.uarte_1_init
                0x000000000000653a       0x1e zephyr/drivers/serial/libdrivers__serial.a(uart_nrfx_uarte.c.obj)
 .text.uarte_0_init
                0x0000000000006558       0x1e zephyr/drivers/serial/libdrivers__serial.a(uart_nrfx_uarte.c.obj)
 .text.pinctrl_lookup_state
                0x0000000000006576       0x30 zephyr/drivers/pinctrl/libdrivers__pinctrl.a(common.c.obj)
                0x0000000000006576                pinctrl_lookup_state
 .text.hw_cc3xx_init_internal
                0x00000000000065a6        0x4 modules/nrf/drivers/hw_cc310/lib..__nrf__drivers__hw_cc310.a(hw_cc310.c.obj)
 .text.hw_cc3xx_init
                0x00000000000065aa       0x12 modules/nrf/drivers/hw_cc310/lib..__nrf__drivers__hw_cc310.a(hw_cc310.c.obj)
 .text.bootutil_buffer_is_erased.part.0
                0x00000000000065bc       0x22 modules/mcuboot/boot/bootutil/zephyr/libmcuboot_util.a(bootutil_public.c.obj)
 .text.boot_swap_info_off
                0x00000000000065de        0xc modules/mcuboot/boot/bootutil/zephyr/libmcuboot_util.a(bootutil_public.c.obj)
                0x00000000000065de                boot_swap_info_off
 .text.boot_magic_compatible_check
                0x00000000000065ea       0x1c modules/mcuboot/boot/bootutil/zephyr/libmcuboot_util.a(bootutil_public.c.obj)
                0x00000000000065ea                boot_magic_compatible_check
 .text.bootutil_buffer_is_erased
                0x0000000000006606        0xc modules/mcuboot/boot/bootutil/zephyr/libmcuboot_util.a(bootutil_public.c.obj)
                0x0000000000006606                bootutil_buffer_is_erased
 .text.boot_read_flag
                0x0000000000006612       0x3a modules/mcuboot/boot/bootutil/zephyr/libmcuboot_util.a(bootutil_public.c.obj)
 .text.boot_write_trailer
                0x000000000000664c       0x58 modules/mcuboot/boot/bootutil/zephyr/libmcuboot_util.a(bootutil_public.c.obj)
                0x000000000000664c                boot_write_trailer
 .text.boot_write_trailer_flag
                0x00000000000066a4       0x14 modules/mcuboot/boot/bootutil/zephyr/libmcuboot_util.a(bootutil_public.c.obj)
                0x00000000000066a4                boot_write_trailer_flag
 .text.boot_write_image_ok
                0x00000000000066b8        0xe modules/mcuboot/boot/bootutil/zephyr/libmcuboot_util.a(bootutil_public.c.obj)
                0x00000000000066b8                boot_write_image_ok
 .text.boot_read_image_ok
                0x00000000000066c6        0xc modules/mcuboot/boot/bootutil/zephyr/libmcuboot_util.a(bootutil_public.c.obj)
                0x00000000000066c6                boot_read_image_ok
 .text.boot_read_swap_state_by_id
                0x00000000000066d2       0x28 modules/mcuboot/boot/bootutil/zephyr/libmcuboot_util.a(bootutil_public.c.obj)
                0x00000000000066d2                boot_read_swap_state_by_id
 .text.boot_write_swap_info
                0x00000000000066fa       0x22 modules/mcuboot/boot/bootutil/zephyr/libmcuboot_util.a(bootutil_public.c.obj)
                0x00000000000066fa                boot_write_swap_info
 .text.nrf91_errata_14
                0x000000000000671c       0x20 modules/hal_nordic/nrfx/libmodules__hal_nordic__nrfx.a(system_nrf9160.c.obj)
 .text.nrfx_isr
                0x000000000000673c        0x2 modules/hal_nordic/nrfx/libmodules__hal_nordic__nrfx.a(nrfx_glue.c.obj)
                0x000000000000673c                nrfx_isr
 .text.nrfx_busy_wait
                0x000000000000673e        0x4 modules/hal_nordic/nrfx/libmodules__hal_nordic__nrfx.a(nrfx_glue.c.obj)
                0x000000000000673e                nrfx_busy_wait
 .text.clock_stop
                0x0000000000006742       0x98 modules/hal_nordic/nrfx/libmodules__hal_nordic__nrfx.a(nrfx_clock.c.obj)
 .text.nrfx_clock_enable
                0x00000000000067da       0x1c modules/hal_nordic/nrfx/libmodules__hal_nordic__nrfx.a(nrfx_clock.c.obj)
                0x00000000000067da                nrfx_clock_enable
 .text.nrfx_clock_start
                0x00000000000067f6       0x82 modules/hal_nordic/nrfx/libmodules__hal_nordic__nrfx.a(nrfx_clock.c.obj)
                0x00000000000067f6                nrfx_clock_start
 .text.nrfx_clock_stop
                0x0000000000006878        0x4 modules/hal_nordic/nrfx/libmodules__hal_nordic__nrfx.a(nrfx_clock.c.obj)
                0x0000000000006878                nrfx_clock_stop
 .text.nrfx_nvmc_flash_size_get
                0x000000000000687c        0x6 modules/hal_nordic/nrfx/libmodules__hal_nordic__nrfx.a(nrfx_nvmc.c.obj)
                0x000000000000687c                nrfx_nvmc_flash_size_get
 .text.nrfx_nvmc_flash_page_size_get
                0x0000000000006882        0x6 modules/hal_nordic/nrfx/libmodules__hal_nordic__nrfx.a(nrfx_nvmc.c.obj)
                0x0000000000006882                nrfx_nvmc_flash_page_size_get
 .text.nrfx_nvmc_flash_page_count_get
                0x0000000000006888        0x6 modules/hal_nordic/nrfx/libmodules__hal_nordic__nrfx.a(nrfx_nvmc.c.obj)
                0x0000000000006888                nrfx_nvmc_flash_page_count_get
 .text.z_device_state_init
                0x000000000000688e        0x2 zephyr/kernel/libkernel.a(device.c.obj)
                0x000000000000688e                z_device_state_init
 .text.z_device_is_ready
                0x0000000000006890       0x14 zephyr/kernel/libkernel.a(device.c.obj)
                0x0000000000006890                z_device_is_ready
 .text.z_early_memset
                0x00000000000068a4        0x4 zephyr/kernel/libkernel.a(init.c.obj)
                0x00000000000068a4                z_early_memset
 .text.z_early_memcpy
                0x00000000000068a8        0x4 zephyr/kernel/libkernel.a(init.c.obj)
                0x00000000000068a8                z_early_memcpy
 .text.k_is_in_isr
                0x00000000000068ac        0xc zephyr/kernel/libkernel.a(thread.c.obj)
                0x00000000000068ac                k_is_in_isr
 .text.z_impl_k_busy_wait
                0x00000000000068b8        0x8 zephyr/kernel/libkernel.a(timeout.c.obj)
                0x00000000000068b8                z_impl_k_busy_wait
 .text.nrf_cc310_bl_ecdsa_verify_secp256r1
                0x00000000000068c0       0x26 /workdir/nrfxlib/crypto/nrf_cc310_bl/lib/cortex-m33/hard-float/no-interrupts/libnrf_cc310_bl_0.9.12.a(nrf_cc310_bl_ecdsa_verify_secp256r1.c.obj)
                0x00000000000068c0                nrf_cc310_bl_ecdsa_verify_secp256r1
 .text.PkaInitAndMutexLock
                0x00000000000068e6        0x8 /workdir/nrfxlib/crypto/nrf_cc310_bl/lib/cortex-m33/hard-float/no-interrupts/libnrf_cc310_bl_0.9.12.a(pka.c.obj)
                0x00000000000068e6                PkaInitAndMutexLock
 .text.SaSi_PalMemCopy
                0x00000000000068ee        0x4 /workdir/nrfxlib/crypto/nrf_cc310_bl/lib/cortex-m33/hard-float/no-interrupts/libnrf_cc310_bl_0.9.12.a(ssi_pal_mem.c.obj)
                0x00000000000068ee                SaSi_PalMemCopy
 .text.SaSi_PalMemSet
                0x00000000000068f2        0x4 /workdir/nrfxlib/crypto/nrf_cc310_bl/lib/cortex-m33/hard-float/no-interrupts/libnrf_cc310_bl_0.9.12.a(ssi_pal_mem.c.obj)
                0x00000000000068f2                SaSi_PalMemSet
 .text.SaSi_PalMemSetZero
                0x00000000000068f6        0x8 /workdir/nrfxlib/crypto/nrf_cc310_bl/lib/cortex-m33/hard-float/no-interrupts/libnrf_cc310_bl_0.9.12.a(ssi_pal_mem.c.obj)
                0x00000000000068f6                SaSi_PalMemSetZero
 .text.CRYS_COMMON_ReverseMemcpy32
                0x00000000000068fe       0x1a /workdir/nrfxlib/crypto/nrf_cc310_bl/lib/cortex-m33/hard-float/no-interrupts/libnrf_cc310_bl_0.9.12.a(crys_common_conv_endian.c.obj)
                0x00000000000068fe                CRYS_COMMON_ReverseMemcpy32
 *(SORT_BY_ALIGNMENT(.TEXT.*))
 *(SORT_BY_ALIGNMENT(.gnu.linkonce.t.*))
 *(SORT_BY_ALIGNMENT(.glue_7t))
 .glue_7t       0x0000000000006918        0x0 linker stubs
 *(SORT_BY_ALIGNMENT(.glue_7))
 .glue_7        0x0000000000006918        0x0 linker stubs
 *(SORT_BY_ALIGNMENT(.vfp11_veneer))
 .vfp11_veneer  0x0000000000006918        0x0 linker stubs
 *(SORT_BY_ALIGNMENT(.v4_bx))
 .v4_bx         0x0000000000006918        0x0 linker stubs
                0x0000000000006918                __text_region_end = .

.ARM.exidx      0x0000000000006918        0x8
                0x0000000000006918                __exidx_start = .
 *(SORT_BY_ALIGNMENT(.ARM.exidx*) SORT_BY_ALIGNMENT(gnu.linkonce.armexidx.*))
 .ARM.exidx     0x0000000000006918        0x8 /workdir/zephyr-sdk/arm-zephyr-eabi/bin/../lib/gcc/arm-zephyr-eabi/10.3.0/thumb/v8-m.main+fp/hard/libgcc.a(_udivmoddi4.o)
                0x0000000000006920                __exidx_end = .
                0x0000000000006920                __rodata_region_start = .

initlevel       0x0000000000006920       0x50
                0x0000000000006920                __init_start = .
                0x0000000000006920                __init_PRE_KERNEL_1_start = .
 *(SORT_BY_NAME(SORT_BY_ALIGNMENT(.z_init_PRE_KERNEL_1[0-9]_*)))
 .z_init_PRE_KERNEL_10_
                0x0000000000006920        0x8 zephyr/libzephyr.a(soc.c.obj)
 *(SORT_BY_NAME(SORT_BY_ALIGNMENT(.z_init_PRE_KERNEL_1[1-9][0-9]_*)))
 .z_init_PRE_KERNEL_130_
                0x0000000000006928        0x8 zephyr/drivers/clock_control/libdrivers__clock_control.a(clock_control_nrf.c.obj)
 .z_init_PRE_KERNEL_140_
                0x0000000000006930        0x8 zephyr/drivers/gpio/libdrivers__gpio.a(gpio_nrfx.c.obj)
 .z_init_PRE_KERNEL_140_
                0x0000000000006938        0x8 modules/nrf/drivers/hw_cc310/lib..__nrf__drivers__hw_cc310.a(hw_cc310.c.obj)
 .z_init_PRE_KERNEL_155_
                0x0000000000006940       0x10 zephyr/drivers/serial/libdrivers__serial.a(uart_nrfx_uarte.c.obj)
 .z_init_PRE_KERNEL_160_
                0x0000000000006950        0x8 zephyr/drivers/console/libdrivers__console.a(uart_console.c.obj)
                0x0000000000006958                __init_PRE_KERNEL_2_start = .
 *(SORT_BY_NAME(SORT_BY_ALIGNMENT(.z_init_PRE_KERNEL_2[0-9]_*)))
 .z_init_PRE_KERNEL_20_
                0x0000000000006958        0x8 zephyr/drivers/timer/libdrivers__timer.a(nrf_rtc_timer.c.obj)
 *(SORT_BY_NAME(SORT_BY_ALIGNMENT(.z_init_PRE_KERNEL_2[1-9][0-9]_*)))
                0x0000000000006960                __init_POST_KERNEL_start = .
 *(SORT_BY_NAME(SORT_BY_ALIGNMENT(.z_init_POST_KERNEL[0-9]_*)))
 *(SORT_BY_NAME(SORT_BY_ALIGNMENT(.z_init_POST_KERNEL[1-9][0-9]_*)))
 .z_init_POST_KERNEL40_
                0x0000000000006960        0x8 modules/nrf/drivers/hw_cc310/lib..__nrf__drivers__hw_cc310.a(hw_cc310.c.obj)
 .z_init_POST_KERNEL50_
                0x0000000000006968        0x8 zephyr/drivers/flash/libdrivers__flash.a(soc_flash_nrf.c.obj)
                0x0000000000006970                __init_APPLICATION_start = .
 *(SORT_BY_NAME(SORT_BY_ALIGNMENT(.z_init_APPLICATION[0-9]_*)))
 *(SORT_BY_NAME(SORT_BY_ALIGNMENT(.z_init_APPLICATION[1-9][0-9]_*)))
                0x0000000000006970                __init_SMP_start = .
 *(SORT_BY_NAME(SORT_BY_ALIGNMENT(.z_init_SMP[0-9]_*)))
 *(SORT_BY_NAME(SORT_BY_ALIGNMENT(.z_init_SMP[1-9][0-9]_*)))
                0x0000000000006970                __init_end = .

devices         0x0000000000006970       0x78
                0x0000000000006970                __device_start = .
                0x0000000000006970                __device_PRE_KERNEL_1_start = .
 *(SORT_BY_NAME(SORT_BY_ALIGNMENT(.z_device_PRE_KERNEL_1[0-9]_*)))
 *(SORT_BY_NAME(SORT_BY_ALIGNMENT(.z_device_PRE_KERNEL_1[1-9][0-9]_*)))
 .z_device_PRE_KERNEL_130_
                0x0000000000006970       0x18 zephyr/drivers/clock_control/libdrivers__clock_control.a(clock_control_nrf.c.obj)
                0x0000000000006970                __device_dts_ord_69
 .z_device_PRE_KERNEL_140_
                0x0000000000006988       0x18 zephyr/drivers/gpio/libdrivers__gpio.a(gpio_nrfx.c.obj)
                0x0000000000006988                __device_dts_ord_9
 .z_device_PRE_KERNEL_155_
                0x00000000000069a0       0x30 zephyr/drivers/serial/libdrivers__serial.a(uart_nrfx_uarte.c.obj)
                0x00000000000069a0                __device_dts_ord_100
                0x00000000000069b8                __device_dts_ord_99
                0x00000000000069d0                __device_PRE_KERNEL_2_start = .
 *(SORT_BY_NAME(SORT_BY_ALIGNMENT(.z_device_PRE_KERNEL_2[0-9]_*)))
 *(SORT_BY_NAME(SORT_BY_ALIGNMENT(.z_device_PRE_KERNEL_2[1-9][0-9]_*)))
                0x00000000000069d0                __device_POST_KERNEL_start = .
 *(SORT_BY_NAME(SORT_BY_ALIGNMENT(.z_device_POST_KERNEL[0-9]_*)))
 *(SORT_BY_NAME(SORT_BY_ALIGNMENT(.z_device_POST_KERNEL[1-9][0-9]_*)))
 .z_device_POST_KERNEL50_
                0x00000000000069d0       0x18 zephyr/drivers/flash/libdrivers__flash.a(soc_flash_nrf.c.obj)
                0x00000000000069d0                __device_dts_ord_105
                0x00000000000069e8                __device_APPLICATION_start = .
 *(SORT_BY_NAME(SORT_BY_ALIGNMENT(.z_device_APPLICATION[0-9]_*)))
 *(SORT_BY_NAME(SORT_BY_ALIGNMENT(.z_device_APPLICATION[1-9][0-9]_*)))
                0x00000000000069e8                __device_SMP_start = .
 *(SORT_BY_NAME(SORT_BY_ALIGNMENT(.z_device_SMP[0-9]_*)))
 *(SORT_BY_NAME(SORT_BY_ALIGNMENT(.z_device_SMP[1-9][0-9]_*)))
                0x00000000000069e8                __device_end = .

sw_isr_table    0x00000000000069e8      0x208
                0x00000000000069e8                . = ALIGN (0x4)
 *(SORT_BY_ALIGNMENT(.gnu.linkonce.sw_isr_table*))
 .gnu.linkonce.sw_isr_table
                0x00000000000069e8      0x208 zephyr/CMakeFiles/zephyr_final.dir/isr_tables.c.obj
                0x00000000000069e8                _sw_isr_table

initlevel_error
                0x0000000000006920        0x0
 *(SORT_BY_NAME(SORT_BY_ALIGNMENT(.z_init_[_A-Z0-9]*)))
                0x0000000000000001                ASSERT ((SIZEOF (initlevel_error) == 0x0), Undefined initialization levels used.)

app_shmem_regions
                0x0000000000006bf0        0x0
                0x0000000000006bf0                __app_shmem_regions_start = .
 *(SORT_BY_NAME(SORT_BY_ALIGNMENT(.app_regions.*)))
                0x0000000000006bf0                __app_shmem_regions_end = .

k_p4wq_initparam_area
                0x0000000000006bf0        0x0
                0x0000000000006bf0                _k_p4wq_initparam_list_start = .
 *(SORT_BY_NAME(SORT_BY_ALIGNMENT(._k_p4wq_initparam.static.*)))
                0x0000000000006bf0                _k_p4wq_initparam_list_end = .

device_handles  0x0000000000006bf0       0x1e
                0x0000000000006bf0                __device_handles_start = .
 *(SORT_BY_NAME(SORT_BY_ALIGNMENT(.__device_handles_pass2*)))
 .__device_handles_pass2
                0x0000000000006bf0       0x1e zephyr/CMakeFiles/zephyr_final.dir/dev_handles.c.obj
                0x0000000000006bf0                __devicehdl_DT_N_S_soc_S_peripheral_50000000_S_flash_controller_39000
                0x0000000000006bf6                __devicehdl_DT_N_S_soc_S_peripheral_50000000_S_uart_8000
                0x0000000000006bfc                __devicehdl_DT_N_S_soc_S_peripheral_50000000_S_uart_9000
                0x0000000000006c02                __devicehdl_DT_N_S_soc_S_peripheral_50000000_S_gpio_842500
                0x0000000000006c08                __devicehdl_DT_N_S_soc_S_peripheral_50000000_S_clock_5000
                0x0000000000006c0e                __device_handles_end = .

ztest           0x0000000000006c0e        0x0
                0x0000000000006c0e                _ztest_suite_node_list_start = .
 *(SORT_BY_NAME(SORT_BY_ALIGNMENT(._ztest_suite_node.static.*)))
                0x0000000000006c0e                _ztest_suite_node_list_end = .
                0x0000000000006c0e                _ztest_unit_test_list_start = .
 *(SORT_BY_NAME(SORT_BY_ALIGNMENT(._ztest_unit_test.static.*)))
                0x0000000000006c0e                _ztest_unit_test_list_end = .
                0x0000000000006c0e                _ztest_test_rule_list_start = .
 *(SORT_BY_NAME(SORT_BY_ALIGNMENT(._ztest_test_rule.static.*)))
                0x0000000000006c0e                _ztest_test_rule_list_end = .

bt_l2cap_fixed_chan_area
                0x0000000000006c0e        0x0
                0x0000000000006c0e                _bt_l2cap_fixed_chan_list_start = .
 *(SORT_BY_NAME(SORT_BY_ALIGNMENT(._bt_l2cap_fixed_chan.static.*)))
                0x0000000000006c0e                _bt_l2cap_fixed_chan_list_end = .

bt_gatt_service_static_area
                0x0000000000006c0e        0x0
                0x0000000000006c0e                _bt_gatt_service_static_list_start = .
 *(SORT_BY_NAME(SORT_BY_ALIGNMENT(._bt_gatt_service_static.static.*)))
                0x0000000000006c0e                _bt_gatt_service_static_list_end = .

log_strings_sections
                0x0000000000006c0e        0x0
                0x0000000000006c0e                __log_strings_start = .
 *(SORT_BY_NAME(SORT_BY_ALIGNMENT(.log_strings*)))
                0x0000000000006c0e                __log_strings_end = .

log_const_sections
                0x0000000000006c10       0x38
                0x0000000000006c10                __log_const_start = .
 *(SORT_BY_NAME(SORT_BY_ALIGNMENT(.log_const_*)))
 .log_const_clock_control
                0x0000000000006c10        0x8 zephyr/drivers/clock_control/libdrivers__clock_control.a(clock_control_nrf.c.obj)
                0x0000000000006c10                log_const_clock_control
 .log_const_fatal_error
                0x0000000000006c18        0x8 modules/nrf/lib/fatal_error/lib..__nrf__lib__fatal_error.a(fatal_error.c.obj)
                0x0000000000006c18                log_const_fatal_error
 .log_const_flash_nrf
                0x0000000000006c20        0x8 zephyr/drivers/flash/libdrivers__flash.a(soc_flash_nrf.c.obj)
                0x0000000000006c20                log_const_flash_nrf
 .log_const_mcuboot
                0x0000000000006c28        0x8 app/libapp.a(main.c.obj)
                0x0000000000006c28                log_const_mcuboot
 .log_const_os  0x0000000000006c30        0x8 zephyr/kernel/libkernel.a(init.c.obj)
                0x0000000000006c30                log_const_os
 .log_const_soc
                0x0000000000006c38        0x8 zephyr/libzephyr.a(soc.c.obj)
                0x0000000000006c38                log_const_soc
 .log_const_uart_nrfx_uarte
                0x0000000000006c40        0x8 zephyr/drivers/serial/libdrivers__serial.a(uart_nrfx_uarte.c.obj)
                0x0000000000006c40                log_const_uart_nrfx_uarte
                0x0000000000006c48                __log_const_end = .

log_backends_sections
                0x0000000000006c48        0x0
                0x0000000000006c48                __log_backends_start = .
 *(SORT_BY_ALIGNMENT(._log_backend.*))
                0x0000000000006c48                __log_backends_end = .

tracing_backend_area
                0x0000000000006c48        0x0
                0x0000000000006c48                _tracing_backend_list_start = .
 *(SORT_BY_NAME(SORT_BY_ALIGNMENT(._tracing_backend.static.*)))
                0x0000000000006c48                _tracing_backend_list_end = .

zephyr_dbg_info
 *(SORT_BY_ALIGNMENT(.dbg_thread_info))

symbol_to_keep  0x0000000000006c48        0x0
                0x0000000000006c48                __symbol_to_keep_start = .
 *(SORT_BY_NAME(SORT_BY_ALIGNMENT(.symbol_to_keep*)))
                0x0000000000006c48                __symbol_to_keep_end = .

shell_area      0x0000000000006c48        0x0
                0x0000000000006c48                _shell_list_start = .
 *(SORT_BY_NAME(SORT_BY_ALIGNMENT(._shell.static.*)))
                0x0000000000006c48                _shell_list_end = .

shell_root_cmds_sections
                0x0000000000006c48        0x0
                0x0000000000006c48                __shell_root_cmds_start = .
 *(SORT_BY_NAME(SORT_BY_ALIGNMENT(.shell_root_cmd_*)))
                0x0000000000006c48                __shell_root_cmds_end = .

shell_subcmds_sections
                0x0000000000006c48        0x0
                0x0000000000006c48                __shell_subcmds_start = .
 *(SORT_BY_NAME(SORT_BY_ALIGNMENT(.shell_subcmd_*)))
                0x0000000000006c48                __shell_subcmds_end = .

shell_dynamic_subcmds_sections
                0x0000000000006c48        0x0
                0x0000000000006c48                __shell_dynamic_subcmds_start = .
 *(SORT_BY_NAME(SORT_BY_ALIGNMENT(.shell_dynamic_subcmd_*)))
                0x0000000000006c48                __shell_dynamic_subcmds_end = .

font_entry_sections
                0x0000000000006c48        0x0
                0x0000000000006c48                __font_entry_start = .
 *(SORT_BY_NAME(SORT_BY_ALIGNMENT(._cfb_font.*)))
                0x0000000000006c48                __font_entry_end = .

rodata          0x0000000000006c50      0xff0
 *(SORT_BY_ALIGNMENT(.rodata))
 .rodata        0x0000000000006c50       0x10 /workdir/nrfxlib/crypto/nrf_cc310_bl/lib/cortex-m33/hard-float/no-interrupts/libnrf_cc310_bl_0.9.12.a(nrf_cc310_bl_hash_sha256.c.obj)
 *(SORT_BY_ALIGNMENT(.rodata.*))
 .rodata.delay_machine_code.0
                0x0000000000006c60        0x6 zephyr/libzephyr.a(soc.c.obj)
 *fill*         0x0000000000006c66        0x2 
 .rodata.bootutil_key_cnt
                0x0000000000006c68        0x4 app/libapp.a(keys.c.obj)
                0x0000000000006c68                bootutil_key_cnt
 .rodata.bootutil_keys
                0x0000000000006c6c        0x8 app/libapp.a(keys.c.obj)
                0x0000000000006c6c                bootutil_keys
 .rodata.ecdsa_pub_key_len
                0x0000000000006c74        0x4 app/libapp.a(autogen-pubkey.c.obj)
                0x0000000000006c74                ecdsa_pub_key_len
 .rodata.default_flash_map
                0x0000000000006c78       0xe0 zephyr/libzephyr.a(flash_map_partition_manager.c.obj)
                0x0000000000006c78                default_flash_map
 .rodata.flash_map_entries
                0x0000000000006d58        0x4 zephyr/libzephyr.a(flash_map_partition_manager.c.obj)
                0x0000000000006d58                flash_map_entries
 .rodata.apis   0x0000000000006d5c        0x8 zephyr/libzephyr.a(nrf_cc3xx_platform_abort_zephyr.c.obj)
 .rodata.clock_control_api
                0x0000000000006d64       0x1c zephyr/drivers/clock_control/libdrivers__clock_control.a(clock_control_nrf.c.obj)
 .rodata.config
                0x0000000000006d80       0x18 zephyr/drivers/clock_control/libdrivers__clock_control.a(clock_control_nrf.c.obj)
 .rodata.transitions.0
                0x0000000000006d98        0xc zephyr/drivers/clock_control/libdrivers__clock_control.a(clock_control_nrf.c.obj)
 .rodata.gpio_nrfx_drv_api_funcs
                0x0000000000006da4       0x24 zephyr/drivers/gpio/libdrivers__gpio.a(gpio_nrfx.c.obj)
 .rodata.gpio_nrfx_p0_cfg
                0x0000000000006dc8       0x10 zephyr/drivers/gpio/libdrivers__gpio.a(gpio_nrfx.c.obj)
 .rodata.flash_nrf_api
                0x0000000000006dd8       0x14 zephyr/drivers/flash/libdrivers__flash.a(soc_flash_nrf.c.obj)
 .rodata.flash_nrf_parameters
                0x0000000000006dec        0x8 zephyr/drivers/flash/libdrivers__flash.a(soc_flash_nrf.c.obj)
 .rodata.__pinctrl_dev_config__device_dts_ord_100
                0x0000000000006df4        0xc zephyr/drivers/serial/libdrivers__serial.a(uart_nrfx_uarte.c.obj)
 .rodata.__pinctrl_dev_config__device_dts_ord_99
                0x0000000000006e00        0xc zephyr/drivers/serial/libdrivers__serial.a(uart_nrfx_uarte.c.obj)
 .rodata.__pinctrl_state_pins_0__device_dts_ord_100
                0x0000000000006e0c       0x10 zephyr/drivers/serial/libdrivers__serial.a(uart_nrfx_uarte.c.obj)
 .rodata.__pinctrl_state_pins_0__device_dts_ord_99
                0x0000000000006e1c       0x10 zephyr/drivers/serial/libdrivers__serial.a(uart_nrfx_uarte.c.obj)
 .rodata.__pinctrl_states__device_dts_ord_100
                0x0000000000006e2c        0x8 zephyr/drivers/serial/libdrivers__serial.a(uart_nrfx_uarte.c.obj)
 .rodata.__pinctrl_states__device_dts_ord_99
                0x0000000000006e34        0x8 zephyr/drivers/serial/libdrivers__serial.a(uart_nrfx_uarte.c.obj)
 .rodata.uart_nrfx_uarte_driver_api
                0x0000000000006e3c       0x14 zephyr/drivers/serial/libdrivers__serial.a(uart_nrfx_uarte.c.obj)
 .rodata.uarte_0z_config
                0x0000000000006e50       0x10 zephyr/drivers/serial/libdrivers__serial.a(uart_nrfx_uarte.c.obj)
 .rodata.uarte_1z_config
                0x0000000000006e60       0x10 zephyr/drivers/serial/libdrivers__serial.a(uart_nrfx_uarte.c.obj)
 .rodata.levels.0
                0x0000000000006e70       0x14 zephyr/kernel/libkernel.a(device.c.obj)
 .rodata.CSWTCH.439
                0x0000000000006e84       0x14 zephyr/kernel/libkernel.a(fatal.c.obj)
 .rodata.CSWTCH.10
                0x0000000000006e98       0x1c /workdir/nrfxlib/crypto/nrf_cc310_platform/lib/cortex-m33/hard-float/no-interrupts/libnrf_cc310_platform_0.9.15.a(nrf_cc3xx_platform.c.obj)
 .rodata.CC_PalPowerSaveModeInit.str1.4
                0x0000000000006eb4       0x20 /workdir/nrfxlib/crypto/nrf_cc310_platform/lib/cortex-m33/hard-float/no-interrupts/libnrf_cc310_platform_0.9.15.a(cc_pal_pm.c.obj)
 .rodata.mutex_free.str1.4
                0x0000000000006ed4       0x26 /workdir/nrfxlib/crypto/nrf_cc310_platform/lib/cortex-m33/hard-float/no-interrupts/libnrf_cc310_platform_0.9.15.a(nrf_cc3xx_platform_mutex.c.obj)
 *fill*         0x0000000000006efa        0x2 
 .rodata.mutex_init.str1.4
                0x0000000000006efc       0x23 /workdir/nrfxlib/crypto/nrf_cc310_platform/lib/cortex-m33/hard-float/no-interrupts/libnrf_cc310_platform_0.9.15.a(nrf_cc3xx_platform_mutex.c.obj)
 *fill*         0x0000000000006f1f        0x1 
 .rodata.domain_secp256r1
                0x0000000000006f20       0xcc /workdir/nrfxlib/crypto/nrf_cc310_bl/lib/cortex-m33/hard-float/no-interrupts/libnrf_cc310_bl_0.9.12.a(nrf_cc310_bl_ecdsa_verify_secp256r1.c.obj)
                0x0000000000006f20                domain_secp256r1
 .rodata.NRF_CC310_BL_HASH_LARVAL_SHA256
                0x0000000000006fec       0x20 /workdir/nrfxlib/crypto/nrf_cc310_bl/lib/cortex-m33/hard-float/no-interrupts/libnrf_cc310_bl_0.9.12.a(nrf_cc310_bl_hash_sha256.c.obj)
                0x0000000000006fec                NRF_CC310_BL_HASH_LARVAL_SHA256
 .rodata.boot_img_magic
                0x000000000000700c       0x10 modules/mcuboot/boot/bootutil/zephyr/libmcuboot_util.a(bootutil_public.c.obj)
                0x000000000000700c                boot_img_magic
 .rodata.main.str1.1
                0x000000000000701c       0xde app/libapp.a(main.c.obj)
 .rodata.str1.1
                0x00000000000070fa        0x8 app/libapp.a(main.c.obj)
 .rodata.flash_device_base.str1.1
                0x0000000000007102       0x26 app/libapp.a(flash_map_extended.c.obj)
 .rodata.ec_pubkey_oid
                0x0000000000007128        0x8 app/libapp.a(image_ec256.c.obj)
 .rodata.ec_secp256r1_oid
                0x0000000000007130        0x9 app/libapp.a(image_ec256.c.obj)
 .rodata.boot_validate_slot.isra.0.str1.1
                0x0000000000007139       0x3a app/libapp.a(loader.c.obj)
 .rodata.boot_swap_image.str1.1
                0x0000000000007173       0x2f app/libapp.a(loader.c.obj)
 .rodata.context_boot_go.str1.1
                0x00000000000071a2       0xa4 app/libapp.a(loader.c.obj)
 .rodata.swap_read_status_bytes.str1.1
                0x0000000000007246       0x23 app/libapp.a(swap_move.c.obj)
 .rodata.boot_slots_compatible.str1.1
                0x0000000000007269       0x93 app/libapp.a(swap_move.c.obj)
 .rodata.swap_status_source.str1.1
                0x00000000000072fc       0xa4 app/libapp.a(swap_move.c.obj)
 .rodata.swap_run.str1.1
                0x00000000000073a0       0x89 app/libapp.a(swap_move.c.obj)
 .rodata.ecdsa_pub_key
                0x0000000000007429       0x5b app/libapp.a(autogen-pubkey.c.obj)
                0x0000000000007429                ecdsa_pub_key
 .rodata.z_cbvprintf_impl.str1.1
                0x0000000000007484       0x10 zephyr/libzephyr.a(cbprintf_nano.c.obj)
                                         0x13 (size before relaxing)
 .rodata.sys_reboot.str1.1
                0x0000000000007494       0x29 zephyr/libzephyr.a(reboot.c.obj)
 .rodata.str1.1
                0x00000000000074bd        0x4 zephyr/libzephyr.a(soc.c.obj)
 .rodata.z_arm_fatal_error.str1.1
                0x00000000000074c1       0xaf zephyr/arch/arch/arm/core/aarch32/libarch__arm__core__aarch32.a(fatal.c.obj)
 .rodata.usage_fault.constprop.0.str1.1
                0x0000000000007570      0x11f zephyr/arch/arch/arm/core/aarch32/cortex_m/libarch__arm__core__aarch32__cortex_m.a(fault.c.obj)
 .rodata.bus_fault.constprop.0.str1.1
                0x000000000000768f       0xf2 zephyr/arch/arch/arm/core/aarch32/cortex_m/libarch__arm__core__aarch32__cortex_m.a(fault.c.obj)
 .rodata.mem_manage_fault.constprop.0.str1.1
                0x0000000000007781       0xaf zephyr/arch/arch/arm/core/aarch32/cortex_m/libarch__arm__core__aarch32__cortex_m.a(fault.c.obj)
 .rodata.z_arm_fault.str1.1
                0x0000000000007830      0x139 zephyr/arch/arch/arm/core/aarch32/cortex_m/libarch__arm__core__aarch32__cortex_m.a(fault.c.obj)
 .rodata.str1.1
                0x0000000000007969       0x25 zephyr/drivers/clock_control/libdrivers__clock_control.a(clock_control_nrf.c.obj)
 .rodata.str1.1
                0x000000000000798e        0xc zephyr/drivers/gpio/libdrivers__gpio.a(gpio_nrfx.c.obj)
 .rodata.flash_nrf_erase.str1.1
                0x000000000000799a       0x46 zephyr/drivers/flash/libdrivers__flash.a(soc_flash_nrf.c.obj)
 .rodata.flash_nrf_write.str1.1
                0x00000000000079e0       0x23 zephyr/drivers/flash/libdrivers__flash.a(soc_flash_nrf.c.obj)
 .rodata.str1.1
                0x0000000000007a03       0x21 zephyr/drivers/flash/libdrivers__flash.a(soc_flash_nrf.c.obj)
 .rodata.uarte_instance_init.constprop.0.str1.1
                0x0000000000007a24       0x24 zephyr/drivers/serial/libdrivers__serial.a(uart_nrfx_uarte.c.obj)
 .rodata.str1.1
                0x0000000000007a48       0x24 zephyr/drivers/serial/libdrivers__serial.a(uart_nrfx_uarte.c.obj)
 .rodata.k_sys_fatal_error_handler.str1.1
                0x0000000000007a6c       0x16 modules/nrf/lib/fatal_error/lib..__nrf__lib__fatal_error.a(fatal_error.c.obj)
 .rodata.str1.1
                0x0000000000007a82        0xc modules/nrf/lib/fatal_error/lib..__nrf__lib__fatal_error.a(fatal_error.c.obj)
 .rodata.boot_swap_type_multi.str1.1
                0x0000000000007a8e       0x96 modules/mcuboot/boot/bootutil/zephyr/libmcuboot_util.a(bootutil_public.c.obj)
 .rodata.boot_swap_tables
                0x0000000000007b24       0x12 modules/mcuboot/boot/bootutil/zephyr/libmcuboot_util.a(bootutil_public.c.obj)
 .rodata.z_fatal_error.str1.1
                0x0000000000007b36       0x86 zephyr/kernel/libkernel.a(fatal.c.obj)
 .rodata.str1.1
                0x0000000000007bbc       0x4a zephyr/kernel/libkernel.a(fatal.c.obj)
 .rodata.str1.1
                0x0000000000007c06        0x3 zephyr/kernel/libkernel.a(init.c.obj)
 .rodata.boot_banner.str1.1
                0x0000000000007c09       0x34 zephyr/kernel/libkernel.a(banner.c.obj)
                                         0x35 (size before relaxing)
 *(SORT_BY_ALIGNMENT(.gnu.linkonce.r.*))
                0x0000000000007c40                . = ALIGN (0x4)
 *fill*         0x0000000000007c3d        0x3 
                0x0000000000007c40                __rodata_region_end = .
                0x0000000000007c40                . = ALIGN (_region_min_align)
                0x0000000000007c40                __rom_region_end = .
                0x000000002000c4e8                . = 0x2000c4e8
                0x000000002000c4e8                . = ALIGN (_region_min_align)
                0x000000002000c4e8                _image_ram_start = .

.ramfunc        0x000000002000c4e8        0x0 load address 0x0000000000007c40
                0x000000002000c4e8                . = ALIGN (_region_min_align)
                0x000000002000c4e8                __ramfunc_start = .
 *(SORT_BY_ALIGNMENT(.ramfunc))
 *(SORT_BY_ALIGNMENT(.ramfunc.*))
                0x000000002000c4e8                . = ALIGN (_region_min_align)
                0x000000002000c4e8                __ramfunc_end = .
                0x0000000000000000                __ramfunc_size = (__ramfunc_end - __ramfunc_start)
                0x0000000000007c40                __ramfunc_load_start = LOADADDR (.ramfunc)

datas           0x000000002000c4e8      0x118 load address 0x0000000000007c40
                0x000000002000c4e8                __data_region_start = .
                0x000000002000c4e8                __data_start = .
 *(SORT_BY_ALIGNMENT(.data))
 *(SORT_BY_ALIGNMENT(.data.*))
 .data.FIH_FAILURE
                0x000000002000c4e8        0x4 app/libapp.a(fault_injection_hardening.c.obj)
                0x000000002000c4e8                FIH_FAILURE
 .data.g_last_idx
                0x000000002000c4ec        0x4 app/libapp.a(swap_move.c.obj)
 .data._char_out
                0x000000002000c4f0        0x4 zephyr/libzephyr.a(printk.c.obj)
                0x000000002000c4f0                _char_out
 .data.flash_map
                0x000000002000c4f4        0x4 zephyr/libzephyr.a(flash_map_partition_manager.c.obj)
                0x000000002000c4f4                flash_map
 .data._stdout_hook
                0x000000002000c4f8        0x4 zephyr/lib/libc/minimal/liblib__libc__minimal.a(stdout_console.c.obj)
 .data.uarte_0_data
                0x000000002000c4fc       0x1c zephyr/drivers/serial/libdrivers__serial.a(uart_nrfx_uarte.c.obj)
 .data.uarte_1_data
                0x000000002000c518       0x1c zephyr/drivers/serial/libdrivers__serial.a(uart_nrfx_uarte.c.obj)
 .data.SystemCoreClock
                0x000000002000c534        0x4 modules/hal_nordic/nrfx/libmodules__hal_nordic__nrfx.a(system_nrf9160.c.obj)
                0x000000002000c534                SystemCoreClock
 .data.m_allocated_channels
                0x000000002000c538        0x4 modules/hal_nordic/nrfx/libmodules__hal_nordic__nrfx.a(nrfx_dppi.c.obj)
 .data.m_cb     0x000000002000c53c       0x5c modules/hal_nordic/nrfx/libmodules__hal_nordic__nrfx.a(nrfx_gpiote.c.obj)
 .data.timeout_list
                0x000000002000c598        0x8 zephyr/kernel/libkernel.a(timeout.c.obj)
 .data.platform_abort_apis
                0x000000002000c5a0        0x8 /workdir/nrfxlib/crypto/nrf_cc310_platform/lib/cortex-m33/hard-float/no-interrupts/libnrf_cc310_platform_0.9.15.a(nrf_cc3xx_platform_abort.c.obj)
                0x000000002000c5a0                platform_abort_apis
 .data.CCAsymCryptoMutex
                0x000000002000c5a8        0x4 /workdir/nrfxlib/crypto/nrf_cc310_platform/lib/cortex-m33/hard-float/no-interrupts/libnrf_cc310_platform_0.9.15.a(cc_pal.c.obj)
                0x000000002000c5a8                CCAsymCryptoMutex
 .data.CCPowerMutex
                0x000000002000c5ac        0x4 /workdir/nrfxlib/crypto/nrf_cc310_platform/lib/cortex-m33/hard-float/no-interrupts/libnrf_cc310_platform_0.9.15.a(cc_pal.c.obj)
                0x000000002000c5ac                CCPowerMutex
 .data.CCRndCryptoMutex
                0x000000002000c5b0        0x4 /workdir/nrfxlib/crypto/nrf_cc310_platform/lib/cortex-m33/hard-float/no-interrupts/libnrf_cc310_platform_0.9.15.a(cc_pal.c.obj)
                0x000000002000c5b0                CCRndCryptoMutex
 .data.CCSymCryptoMutex
                0x000000002000c5b4        0x4 /workdir/nrfxlib/crypto/nrf_cc310_platform/lib/cortex-m33/hard-float/no-interrupts/libnrf_cc310_platform_0.9.15.a(cc_pal.c.obj)
                0x000000002000c5b4                CCSymCryptoMutex
 .data.pCCRndCryptoMutex
                0x000000002000c5b8        0x4 /workdir/nrfxlib/crypto/nrf_cc310_platform/lib/cortex-m33/hard-float/no-interrupts/libnrf_cc310_platform_0.9.15.a(cc_pal.c.obj)
                0x000000002000c5b8                pCCRndCryptoMutex
 .data.asym_mutex
                0x000000002000c5bc        0x8 /workdir/nrfxlib/crypto/nrf_cc310_platform/lib/cortex-m33/hard-float/no-interrupts/libnrf_cc310_platform_0.9.15.a(nrf_cc3xx_platform_mutex.c.obj)
 .data.platform_mutex_apis
                0x000000002000c5c4       0x10 /workdir/nrfxlib/crypto/nrf_cc310_platform/lib/cortex-m33/hard-float/no-interrupts/libnrf_cc310_platform_0.9.15.a(nrf_cc3xx_platform_mutex.c.obj)
                0x000000002000c5c4                platform_mutex_apis
 .data.platform_mutexes
                0x000000002000c5d4       0x14 /workdir/nrfxlib/crypto/nrf_cc310_platform/lib/cortex-m33/hard-float/no-interrupts/libnrf_cc310_platform_0.9.15.a(nrf_cc3xx_platform_mutex.c.obj)
                0x000000002000c5d4                platform_mutexes
 .data.power_mutex
                0x000000002000c5e8        0x8 /workdir/nrfxlib/crypto/nrf_cc310_platform/lib/cortex-m33/hard-float/no-interrupts/libnrf_cc310_platform_0.9.15.a(nrf_cc3xx_platform_mutex.c.obj)
 .data.rng_mutex
                0x000000002000c5f0        0x8 /workdir/nrfxlib/crypto/nrf_cc310_platform/lib/cortex-m33/hard-float/no-interrupts/libnrf_cc310_platform_0.9.15.a(nrf_cc3xx_platform_mutex.c.obj)
 .data.sym_mutex
                0x000000002000c5f8        0x8 /workdir/nrfxlib/crypto/nrf_cc310_platform/lib/cortex-m33/hard-float/no-interrupts/libnrf_cc310_platform_0.9.15.a(nrf_cc3xx_platform_mutex.c.obj)
 *(SORT_BY_ALIGNMENT(.kernel.*))
                0x000000002000c600                __data_end = .
                0x0000000000000118                __data_size = (__data_end - __data_start)
                0x0000000000007c40                __data_load_start = LOADADDR (datas)
                0x0000000000007c40                __data_region_load_start = LOADADDR (datas)

device_states   0x000000002000c600       0x14 load address 0x0000000000007d58
                0x000000002000c600                __device_states_start = .
 *(SORT_BY_ALIGNMENT(.z_devstate))
 .z_devstate    0x000000002000c600        0x4 zephyr/drivers/clock_control/libdrivers__clock_control.a(clock_control_nrf.c.obj)
 .z_devstate    0x000000002000c604        0x4 zephyr/drivers/gpio/libdrivers__gpio.a(gpio_nrfx.c.obj)
 .z_devstate    0x000000002000c608        0x4 zephyr/drivers/flash/libdrivers__flash.a(soc_flash_nrf.c.obj)
 .z_devstate    0x000000002000c60c        0x8 zephyr/drivers/serial/libdrivers__serial.a(uart_nrfx_uarte.c.obj)
 *(SORT_BY_ALIGNMENT(.z_devstate.*))
                0x000000002000c614                __device_states_end = .

initshell       0x000000002000c614        0x0 load address 0x0000000000007d6c
                0x000000002000c614                __shell_module_start = .
 *(SORT_BY_ALIGNMENT(.shell_module_*))
                0x000000002000c614                __shell_module_end = .
                0x000000002000c614                __shell_cmd_start = .
 *(SORT_BY_ALIGNMENT(.shell_cmd_*))
                0x000000002000c614                __shell_cmd_end = .

log_dynamic_sections
                0x000000002000c614        0x0 load address 0x0000000000007d6c
                0x000000002000c614                __log_dynamic_start = .
 *(SORT_BY_NAME(SORT_BY_ALIGNMENT(.log_dynamic_*)))
                0x000000002000c614                __log_dynamic_end = .

_static_thread_data_area
                0x000000002000c614        0x0 load address 0x0000000000007d6c
                0x000000002000c614                __static_thread_data_list_start = .
 *(SORT_BY_NAME(SORT_BY_ALIGNMENT(.__static_thread_data.static.*)))
                0x000000002000c614                __static_thread_data_list_end = .

k_timer_area    0x000000002000c614        0x0 load address 0x0000000000007d6c
                0x000000002000c614                _k_timer_list_start = .
 *(SORT_BY_NAME(SORT_BY_ALIGNMENT(._k_timer.static.*)))
                0x000000002000c614                _k_timer_list_end = .

k_mem_slab_area
                0x000000002000c614        0x0 load address 0x0000000000007d6c
                0x000000002000c614                _k_mem_slab_list_start = .