Archive member included to satisfy reference by file (symbol)

app/libapp.a(main.c.obj)      (--whole-archive)
app/libapp.a(flash_map_extended.c.obj)
                              (--whole-archive)
app/libapp.a(os.c.obj)        (--whole-archive)
app/libapp.a(keys.c.obj)      (--whole-archive)
app/libapp.a(image_validate.c.obj)
                              (--whole-archive)
app/libapp.a(tlv.c.obj)       (--whole-archive)
app/libapp.a(encrypted.c.obj)
                              (--whole-archive)
app/libapp.a(image_rsa.c.obj)
                              (--whole-archive)
app/libapp.a(image_ec256.c.obj)
                              (--whole-archive)
app/libapp.a(image_ed25519.c.obj)
                              (--whole-archive)
app/libapp.a(bootutil_misc.c.obj)
                              (--whole-archive)
app/libapp.a(fault_injection_hardening.c.obj)
                              (--whole-archive)
app/libapp.a(loader.c.obj)    (--whole-archive)
app/libapp.a(swap_misc.c.obj)
                              (--whole-archive)
app/libapp.a(swap_scratch.c.obj)
                              (--whole-archive)
app/libapp.a(swap_move.c.obj)
                              (--whole-archive)
app/libapp.a(caps.c.obj)      (--whole-archive)
app/libapp.a(asn1parse.c.obj)
                              (--whole-archive)
app/libapp.a(platform_util.c.obj)
                              (--whole-archive)
app/libapp.a(cc310_glue.c.obj)
                              (--whole-archive)
app/libapp.a(autogen-pubkey.c.obj)
                              (--whole-archive)
app/libapp.a(arm_cleanup.c.obj)
                              (--whole-archive)
app/libapp.a(nrf_cleanup.c.obj)
                              (--whole-archive)
zephyr/libzephyr.a(base64.c.obj)
                              (--whole-archive)
zephyr/libzephyr.a(cbprintf_packaged.c.obj)
                              (--whole-archive)
zephyr/libzephyr.a(crc32c_sw.c.obj)
                              (--whole-archive)
zephyr/libzephyr.a(crc32_sw.c.obj)
                              (--whole-archive)
zephyr/libzephyr.a(crc16_sw.c.obj)
                              (--whole-archive)
zephyr/libzephyr.a(crc8_sw.c.obj)
                              (--whole-archive)
zephyr/libzephyr.a(crc7_sw.c.obj)
                              (--whole-archive)
zephyr/libzephyr.a(dec.c.obj)
                              (--whole-archive)
zephyr/libzephyr.a(fdtable.c.obj)
                              (--whole-archive)
zephyr/libzephyr.a(hex.c.obj)
                              (--whole-archive)
zephyr/libzephyr.a(notify.c.obj)
                              (--whole-archive)
zephyr/libzephyr.a(printk.c.obj)
                              (--whole-archive)
zephyr/libzephyr.a(onoff.c.obj)
                              (--whole-archive)
zephyr/libzephyr.a(rb.c.obj)  (--whole-archive)
zephyr/libzephyr.a(sem.c.obj)
                              (--whole-archive)
zephyr/libzephyr.a(thread_entry.c.obj)
                              (--whole-archive)
zephyr/libzephyr.a(timeutil.c.obj)
                              (--whole-archive)
zephyr/libzephyr.a(heap.c.obj)
                              (--whole-archive)
zephyr/libzephyr.a(heap-validate.c.obj)
                              (--whole-archive)
zephyr/libzephyr.a(bitarray.c.obj)
                              (--whole-archive)
zephyr/libzephyr.a(multi_heap.c.obj)
                              (--whole-archive)
zephyr/libzephyr.a(cbprintf_nano.c.obj)
                              (--whole-archive)
zephyr/libzephyr.a(cbprintf.c.obj)
                              (--whole-archive)
zephyr/libzephyr.a(assert.c.obj)
                              (--whole-archive)
zephyr/libzephyr.a(reboot.c.obj)
                              (--whole-archive)
zephyr/libzephyr.a(configs.c.obj)
                              (--whole-archive)
zephyr/libzephyr.a(soc.c.obj)
                              (--whole-archive)
zephyr/libzephyr.a(soc_nrf_common.S.obj)
                              (--whole-archive)
zephyr/libzephyr.a(validate_base_addresses.c.obj)
                              (--whole-archive)
zephyr/libzephyr.a(validate_enabled_instances.c.obj)
                              (--whole-archive)
zephyr/libzephyr.a(log_minimal.c.obj)
                              (--whole-archive)
zephyr/libzephyr.a(flash_map.c.obj)
                              (--whole-archive)
zephyr/libzephyr.a(flash_map_layout.c.obj)
                              (--whole-archive)
zephyr/libzephyr.a(tracing_none.c.obj)
                              (--whole-archive)
zephyr/libzephyr.a(flash_map_partition_manager.c.obj)
                              (--whole-archive)
zephyr/libzephyr.a(nrf_cc3xx_platform_abort_zephyr.c.obj)
                              (--whole-archive)
zephyr/libzephyr.a(nrf_cc3xx_platform_mutex_zephyr.c.obj)
                              (--whole-archive)
zephyr/libzephyr.a(serial_adapter.c.obj)
                              (--whole-archive)
[...]
Memory Configuration

Name             Origin             Length             Attributes
FLASH            0x0000000000000000 0x000000000000c000 xr
SRAM             0x000000002000c4e8 0x0000000000033b18 xw
IDT_LIST         0x00000000fffff7ff 0x0000000000000800 xw
*default*        0x0000000000000000 0xffffffffffffffff

Linker script and memory map

LOAD zephyr/CMakeFiles/zephyr_pre1.dir/misc/empty_file.c.obj
LOAD zephyr/CMakeFiles/zephyr_pre1.dir/dev_handles.c.obj
LOAD zephyr/CMakeFiles/offsets.dir/./arch/arm/core/offsets/offsets.c.obj
                0x0000000000000004                _region_min_align = 0x4

.rel.plt        0x0000000000000000        0x0
 *(SORT_BY_ALIGNMENT(.rel.plt))
                [!provide]                        PROVIDE (__rel_iplt_start = .)
 *(SORT_BY_ALIGNMENT(.rel.iplt))
 .rel.iplt      0x0000000000000000        0x0 app/libapp.a(main.c.obj)
                [!provide]                        PROVIDE (__rel_iplt_end = .)

.rela.plt       0x0000000000000000        0x0
 *(SORT_BY_ALIGNMENT(.rela.plt))
                [!provide]                        PROVIDE (__rela_iplt_start = .)
 *(SORT_BY_ALIGNMENT(.rela.iplt))
                [!provide]                        PROVIDE (__rela_iplt_end = .)

.rel.dyn
 *(SORT_BY_ALIGNMENT(.rel.*))

.rela.dyn
 *(SORT_BY_ALIGNMENT(.rela.*))

/DISCARD/
 *(SORT_BY_ALIGNMENT(.plt))
 *(SORT_BY_ALIGNMENT(.iplt))
 *(SORT_BY_ALIGNMENT(.got.plt))
 *(SORT_BY_ALIGNMENT(.igot.plt))
 *(SORT_BY_ALIGNMENT(.got))
 *(SORT_BY_ALIGNMENT(.igot))
 *(SORT_BY_ALIGNMENT(.note.GNU-stack))
                0x0000000000000000                __rom_region_start = 0x0

rom_start       0x0000000000000000      0x144
                0x0000000000000000                . = 0x0
                0x0000000000000000                . = ALIGN (0x4)
                0x0000000000000000                . = ALIGN (0x80)
                0x0000000000000000                . = ALIGN (0x200)
                0x0000000000000000                _vector_start = .
 *(SORT_BY_ALIGNMENT(.exc_vector_table))
 *(SORT_BY_ALIGNMENT(.exc_vector_table.*))
 .exc_vector_table._vector_table_section
                0x0000000000000000       0x40 zephyr/arch/arch/arm/core/aarch32/cortex_m/libarch__arm__core__aarch32__cortex_m.a(vector_table.S.obj)
                0x0000000000000000                _vector_table
 *(SORT_BY_ALIGNMENT(.vectors))
                0x0000000000000144                _vector_end = .
                0x0000000000000040                . = ALIGN (0x4)
 *(SORT_BY_ALIGNMENT(.gnu.linkonce.irq_vector_table*))
 .gnu.linkonce.irq_vector_table
                0x0000000000000040      0x104 zephyr/arch/common/libisr_tables.a(isr_tables.c.obj)
                0x0000000000000040                _irq_vector_table
                0x0000000000000144                _vector_end = .

text            0x0000000000000144     0x92b2
                0x0000000000000144                __text_region_start = .
 *(SORT_BY_ALIGNMENT(.text))
 .text          0x0000000000000144       0x30 /workdir/zephyr-sdk/arm-zephyr-eabi/bin/../lib/gcc/arm-zephyr-eabi/10.3.0/thumb/v8-m.main+fp/hard/libgcc.a(_aeabi_uldivmod.o)
                0x0000000000000144                __aeabi_uldivmod
 .text          0x0000000000000174        0x4 /workdir/zephyr-sdk/arm-zephyr-eabi/bin/../lib/gcc/arm-zephyr-eabi/10.3.0/thumb/v8-m.main+fp/hard/libgcc.a(_dvmd_tls.o)
                0x0000000000000174                __aeabi_ldiv0
                0x0000000000000174                __aeabi_idiv0
 .text          0x0000000000000178      0x2a8 /workdir/zephyr-sdk/arm-zephyr-eabi/bin/../lib/gcc/arm-zephyr-eabi/10.3.0/thumb/v8-m.main+fp/hard/libgcc.a(_udivmoddi4.o)
                0x0000000000000178                __udivmoddi4
 *(SORT_BY_ALIGNMENT(.text.*))
 .text.led_init
                0x0000000000000420       0x3c app/libapp.a(main.c.obj)
                0x0000000000000420                led_init
 .text.main     0x000000000000045c      0x1a0 app/libapp.a(main.c.obj)
                0x000000000000045c                main
 .text.flash_device_base
                0x00000000000005fc       0x20 app/libapp.a(flash_map_extended.c.obj)
                0x00000000000005fc                flash_device_base
 .text.flash_area_sector_from_off
                0x000000000000061c       0x20 app/libapp.a(flash_map_extended.c.obj)
                0x000000000000061c                flash_area_sector_from_off
 .text.bootutil_img_validate
                0x000000000000063c      0x228 app/libapp.a(image_validate.c.obj)
                0x000000000000063c                bootutil_img_validate
 .text.bootutil_verify_sig
                0x0000000000000864       0xf0 app/libapp.a(image_ec256.c.obj)
                0x0000000000000864                bootutil_verify_sig
 .text.boot_read_swap_size
                0x0000000000000954       0x7c app/libapp.a(bootutil_misc.c.obj)
                0x0000000000000954                boot_read_swap_size
 .text.boot_validate_slot.isra.0
                0x00000000000009d0      0x104 app/libapp.a(loader.c.obj)
 .text.boot_swap_image
                0x0000000000000ad4       0x7c app/libapp.a(loader.c.obj)
 .text.boot_copy_region
                0x0000000000000b50       0x84 app/libapp.a(loader.c.obj)
                0x0000000000000b50                boot_copy_region
 .text.context_boot_go
                0x0000000000000bd4      0x264 app/libapp.a(loader.c.obj)
                0x0000000000000bd4                context_boot_go
 .text.boot_go  0x0000000000000e38       0x20 app/libapp.a(loader.c.obj)
                0x0000000000000e38                boot_go
 .text.boot_read_image_header
                0x0000000000000e58       0x9c app/libapp.a(swap_move.c.obj)
                0x0000000000000e58                boot_read_image_header
 .text.swap_read_status_bytes
                0x0000000000000ef4       0xcc app/libapp.a(swap_move.c.obj)
                0x0000000000000ef4                swap_read_status_bytes
 .text.boot_slots_compatible
                0x0000000000000fc0       0x70 app/libapp.a(swap_move.c.obj)
                0x0000000000000fc0                boot_slots_compatible
 .text.swap_status_source
                0x0000000000001030       0xcc app/libapp.a(swap_move.c.obj)
                0x0000000000001030                swap_status_source
 .text.fixup_revert
                0x00000000000010fc       0x98 app/libapp.a(swap_move.c.obj)
                0x00000000000010fc                fixup_revert
 .text.swap_run
                0x0000000000001194      0x238 app/libapp.a(swap_move.c.obj)
                0x0000000000001194                swap_run
 .text.cc310_init
                0x00000000000013cc       0x30 app/libapp.a(cc310_glue.c.obj)
                0x00000000000013cc                cc310_init
 .text.cc310_ecdsa_verify_secp256r1
                0x00000000000013fc       0x34 app/libapp.a(cc310_glue.c.obj)
                0x00000000000013fc                cc310_ecdsa_verify_secp256r1
 .text.cleanup_arm_nvic
                0x0000000000001430       0x38 app/libapp.a(arm_cleanup.c.obj)
                0x0000000000001430                cleanup_arm_nvic
 .text.nrf_cleanup_peripheral
                0x0000000000001468       0x8c app/libapp.a(nrf_cleanup.c.obj)
                0x0000000000001468                nrf_cleanup_peripheral
 .text.base64_encode
                0x00000000000014f4      0x100 zephyr/libzephyr.a(base64.c.obj)
                0x00000000000014f4                base64_encode
 .text.base64_decode
                0x00000000000015f4      0x13c zephyr/libzephyr.a(base64.c.obj)
                0x00000000000015f4                base64_decode
 .text.char_out
                0x0000000000001730        0xc zephyr/libzephyr.a(printk.c.obj)
 .text.vprintk  0x000000000000173c       0x1c zephyr/libzephyr.a(printk.c.obj)
                0x000000000000173c                vprintk
 .text.process_event
                0x0000000000001758      0x1c8 zephyr/libzephyr.a(onoff.c.obj)
 .text.z_cbvprintf_impl
                0x0000000000001920      0x45c zephyr/libzephyr.a(cbprintf_nano.c.obj)
                0x0000000000001920                z_cbvprintf_impl
 .text.sys_reboot
                0x0000000000001d7c       0x28 zephyr/libzephyr.a(reboot.c.obj)
                0x0000000000001d7c                sys_reboot
 .text.nordicsemi_nrf91_init
                0x0000000000001da4       0x28 zephyr/libzephyr.a(soc.c.obj)
 .text.arch_busy_wait
                0x0000000000001dcc       0x14 zephyr/libzephyr.a(soc.c.obj)
                0x0000000000001dcc                arch_busy_wait
 .text.z_arm_platform_init
                0x0000000000001de0        0x4 zephyr/libzephyr.a(soc_nrf_common.S.obj)
                0x0000000000001de0                z_arm_platform_init
 .text.flash_area_open
                0x0000000000001de4       0x50 zephyr/libzephyr.a(flash_map.c.obj)
                0x0000000000001de4                flash_area_open
 .text.flash_area_get_sectors
                0x0000000000001e34       0x60 zephyr/libzephyr.a(flash_map_layout.c.obj)
                0x0000000000001e34                flash_area_get_sectors
 .text.nrf_cc3xx_platform_abort_init
                0x0000000000001e94        0xc zephyr/libzephyr.a(nrf_cc3xx_platform_abort_zephyr.c.obj)
                0x0000000000001e94                nrf_cc3xx_platform_abort_init
 .text.mutex_free_platform
                0x0000000000001ea0       0x48 zephyr/libzephyr.a(nrf_cc3xx_platform_mutex_zephyr.c.obj)
 .text.mutex_lock_platform
                0x0000000000001ee8       0x50 zephyr/libzephyr.a(nrf_cc3xx_platform_mutex_zephyr.c.obj)
 .text.mutex_unlock_platform
                0x0000000000001f38       0x44 zephyr/libzephyr.a(nrf_cc3xx_platform_mutex_zephyr.c.obj)
 .text.mutex_init_platform
                0x0000000000001f7c       0x70 zephyr/libzephyr.a(nrf_cc3xx_platform_mutex_zephyr.c.obj)
 .text.nrf_cc3xx_platform_mutex_init
                0x0000000000001fec       0x2c zephyr/libzephyr.a(nrf_cc3xx_platform_mutex_zephyr.c.obj)
                0x0000000000001fec                nrf_cc3xx_platform_mutex_init
 .text.boot_uart_fifo_callback
                0x0000000000002018       0xac zephyr/libzephyr.a(serial_adapter.c.obj)
 .text.console_out
                0x00000000000020c4       0x18 zephyr/libzephyr.a(serial_adapter.c.obj)
                0x00000000000020c4                console_out
 .text.console_read
                0x00000000000020dc       0x88 zephyr/libzephyr.a(serial_adapter.c.obj)
                0x00000000000020dc                console_read
 .text.boot_console_init
                0x0000000000002164       0x94 zephyr/libzephyr.a(serial_adapter.c.obj)
                0x0000000000002164                boot_console_init
 .text.boot_serial_output
                0x00000000000021f8      0x110 zephyr/libzephyr.a(boot_serial.c.obj)
 .text.erase_range
                0x0000000000002308       0x5c zephyr/libzephyr.a(boot_serial.c.obj)
 .text.boot_serial_in_dec.constprop.0
                0x0000000000002364       0x68 zephyr/libzephyr.a(boot_serial.c.obj)
 .text.zcbor_tstr_encode_ptr.constprop.0.isra.0
                0x00000000000023cc       0x18 zephyr/libzephyr.a(boot_serial.c.obj)
 .text.bs_rc_rsp
                0x00000000000023e4       0x38 zephyr/libzephyr.a(boot_serial.c.obj)
 .text.reset_cbor_state
                0x000000000000241c       0x24 zephyr/libzephyr.a(boot_serial.c.obj)
                0x000000000000241c                reset_cbor_state
 .text.boot_serial_input
                0x0000000000002440      0x37c zephyr/libzephyr.a(boot_serial.c.obj)
                0x0000000000002440                boot_serial_input
 .text.boot_serial_start
                0x00000000000027bc       0xc4 zephyr/libzephyr.a(boot_serial.c.obj)
                0x00000000000027bc                boot_serial_start
 .text.decode_repeated_Upload_members
                0x0000000000002880      0x100 zephyr/libzephyr.a(serial_recovery_cbor.c.obj)
 .text.cbor_decode_Upload
                0x0000000000002980       0x80 zephyr/libzephyr.a(serial_recovery_cbor.c.obj)
                0x0000000000002980                cbor_decode_Upload
 .text.get_result_len
                0x0000000000002a00       0x2c zephyr/libzephyr.a(zcbor_encode.c.obj)
 .text.value_encode
                0x0000000000002a2c       0x80 zephyr/libzephyr.a(zcbor_encode.c.obj)
 .text.z_arm_cpu_idle_init
                0x0000000000002aac        0xc zephyr/arch/arch/arm/core/aarch32/libarch__arm__core__aarch32.a(cpu_idle.S.obj)
                0x0000000000002aac                z_arm_cpu_idle_init
 .text.arch_cpu_idle
                0x0000000000002ab8       0x1c zephyr/arch/arch/arm/core/aarch32/libarch__arm__core__aarch32.a(cpu_idle.S.obj)
                0x0000000000002ab8                arch_cpu_idle
 .text.arch_cpu_atomic_idle
                0x0000000000002ad4       0x14 zephyr/arch/arch/arm/core/aarch32/libarch__arm__core__aarch32.a(cpu_idle.S.obj)
                0x0000000000002ad4                arch_cpu_atomic_idle
 .text.z_arm_fatal_error
                0x0000000000002ae8       0xcc zephyr/arch/arch/arm/core/aarch32/libarch__arm__core__aarch32.a(fatal.c.obj)
                0x0000000000002ae8                z_arm_fatal_error
 .text.arch_irq_enable
                0x0000000000002bb4       0x20 zephyr/arch/arch/arm/core/aarch32/libarch__arm__core__aarch32.a(irq_manage.c.obj)
                0x0000000000002bb4                arch_irq_enable
 .text.arch_irq_is_enabled
                0x0000000000002bd4       0x1c zephyr/arch/arch/arm/core/aarch32/libarch__arm__core__aarch32.a(irq_manage.c.obj)
                0x0000000000002bd4                arch_irq_is_enabled
 .text.z_arm_irq_priority_set
                0x0000000000002bf0       0x2c zephyr/arch/arch/arm/core/aarch32/libarch__arm__core__aarch32.a(irq_manage.c.obj)
                0x0000000000002bf0                z_arm_irq_priority_set
 .text.z_SysNmiOnReset
                0x0000000000002c1c        0x8 zephyr/arch/arch/arm/core/aarch32/libarch__arm__core__aarch32.a(nmi_on_reset.S.obj)
                0x0000000000002c1c                z_SysNmiOnReset
 .text.z_arm_prep_c
                0x0000000000002c24       0x5c zephyr/arch/arch/arm/core/aarch32/libarch__arm__core__aarch32.a(prep_c.c.obj)
                0x0000000000002c24                z_arm_prep_c
 .text.arch_swap
                0x0000000000002c80       0x34 zephyr/arch/arch/arm/core/aarch32/libarch__arm__core__aarch32.a(swap.c.obj)
                0x0000000000002c80                arch_swap
 .text.z_arm_pendsv
                0x0000000000002cb4       0x94 zephyr/arch/arch/arm/core/aarch32/libarch__arm__core__aarch32.a(swap_helper.S.obj)
                0x0000000000002cb4                z_arm_pendsv
 .text.z_arm_svc
                0x0000000000002d48       0x20 zephyr/arch/arch/arm/core/aarch32/libarch__arm__core__aarch32.a(swap_helper.S.obj)
                0x0000000000002d48                z_arm_svc
 .text.arch_new_thread
                0x0000000000002d68       0x40 zephyr/arch/arch/arm/core/aarch32/libarch__arm__core__aarch32.a(thread.c.obj)
                0x0000000000002d68                arch_new_thread
 .text.arch_switch_to_main_thread
                0x0000000000002da8       0x44 zephyr/arch/arch/arm/core/aarch32/libarch__arm__core__aarch32.a(thread.c.obj)
                0x0000000000002da8                arch_switch_to_main_thread
 .text._isr_wrapper
                0x0000000000002dec       0x28 zephyr/arch/arch/arm/core/aarch32/libarch__arm__core__aarch32.a(isr_wrapper.S.obj)
                0x0000000000002dec                _isr_wrapper
 .text._HandlerModeExit
                0x0000000000002e14       0x1c zephyr/arch/arch/arm/core/aarch32/cortex_m/libarch__arm__core__aarch32__cortex_m.a(exc_exit.S.obj)
                0x0000000000002e14                z_arm_exc_exit
                0x0000000000002e14                z_arm_int_exit
 .text.usage_fault.constprop.0
                0x0000000000002e30       0xac zephyr/arch/arch/arm/core/aarch32/cortex_m/libarch__arm__core__aarch32__cortex_m.a(fault.c.obj)
 .text.bus_fault.constprop.0
                0x0000000000002edc       0xb4 zephyr/arch/arch/arm/core/aarch32/cortex_m/libarch__arm__core__aarch32__cortex_m.a(fault.c.obj)
 .text.mem_manage_fault.constprop.0
                0x0000000000002f90       0xbc zephyr/arch/arch/arm/core/aarch32/cortex_m/libarch__arm__core__aarch32__cortex_m.a(fault.c.obj)
 .text.z_arm_fault
                0x000000000000304c      0x188 zephyr/arch/arch/arm/core/aarch32/cortex_m/libarch__arm__core__aarch32__cortex_m.a(fault.c.obj)
                0x000000000000304c                z_arm_fault
 .text.z_arm_fault_init
                0x00000000000031d4       0x18 zephyr/arch/arch/arm/core/aarch32/cortex_m/libarch__arm__core__aarch32__cortex_m.a(fault.c.obj)
                0x00000000000031d4                z_arm_fault_init
 .text.__fault  0x00000000000031ec       0x14 zephyr/arch/arch/arm/core/aarch32/cortex_m/libarch__arm__core__aarch32__cortex_m.a(fault_s.S.obj)
                0x00000000000031ec                z_arm_bus_fault
                0x00000000000031ec                z_arm_usage_fault
                0x00000000000031ec                z_arm_mpu_fault
                0x00000000000031ec                z_arm_exc_spurious
                0x00000000000031ec                z_arm_debug_monitor
                0x00000000000031ec                z_arm_hard_fault
 .text.z_arm_interrupt_init
                0x0000000000003200       0x18 zephyr/arch/arch/arm/core/aarch32/cortex_m/libarch__arm__core__aarch32__cortex_m.a(irq_init.c.obj)
                0x0000000000003200                z_arm_interrupt_init
 .text._reset_section
                0x0000000000003218       0x60 zephyr/arch/arch/arm/core/aarch32/cortex_m/libarch__arm__core__aarch32__cortex_m.a(reset.S.obj)
                0x0000000000003218                z_arm_reset
                0x0000000000003218                __start
 .text.sys_arch_reboot
                0x0000000000003278       0x24 zephyr/arch/arch/arm/core/aarch32/cortex_m/libarch__arm__core__aarch32__cortex_m.a(scb.c.obj)
                0x0000000000003278                sys_arch_reboot
 .text.z_arm_clear_arm_mpu_config
                0x000000000000329c       0x24 zephyr/arch/arch/arm/core/aarch32/cortex_m/libarch__arm__core__aarch32__cortex_m.a(scb.c.obj)
                0x000000000000329c                z_arm_clear_arm_mpu_config
 .text.z_arm_init_arch_hw_at_boot
                0x00000000000032c0       0x48 zephyr/arch/arch/arm/core/aarch32/cortex_m/libarch__arm__core__aarch32__cortex_m.a(scb.c.obj)
                0x00000000000032c0                z_arm_init_arch_hw_at_boot
 .text.z_impl_k_thread_abort
                0x0000000000003308       0x2c zephyr/arch/arch/arm/core/aarch32/cortex_m/libarch__arm__core__aarch32__cortex_m.a(thread_abort.c.obj)
                0x0000000000003308                z_impl_k_thread_abort
 .text.snprintf
                0x0000000000003334       0x34 zephyr/lib/libc/minimal/liblib__libc__minimal.a(sprintf.c.obj)
                0x0000000000003334                snprintf
 .text.onoff_stop
                0x0000000000003368       0x30 zephyr/drivers/clock_control/libdrivers__clock_control.a(clock_control_nrf.c.obj)
 .text.onoff_start
                0x0000000000003398       0x44 zephyr/drivers/clock_control/libdrivers__clock_control.a(clock_control_nrf.c.obj)
 .text.clk_init
                0x00000000000033dc       0x58 zephyr/drivers/clock_control/libdrivers__clock_control.a(clock_control_nrf.c.obj)
 .text.clkstarted_handle.constprop.0
                0x0000000000003434       0x3c zephyr/drivers/clock_control/libdrivers__clock_control.a(clock_control_nrf.c.obj)
 .text.clock_event_handler
                0x0000000000003470       0x1c zephyr/drivers/clock_control/libdrivers__clock_control.a(clock_control_nrf.c.obj)
 .text.generic_hfclk_start
                0x000000000000348c       0x64 zephyr/drivers/clock_control/libdrivers__clock_control.a(clock_control_nrf.c.obj)
 .text.api_blocking_start
                0x00000000000034f0       0x34 zephyr/drivers/clock_control/libdrivers__clock_control.a(clock_control_nrf.c.obj)
 .text.generic_hfclk_stop
                0x0000000000003524       0x24 zephyr/drivers/clock_control/libdrivers__clock_control.a(clock_control_nrf.c.obj)
 .text.z_nrf_clock_control_lf_on
                0x0000000000003548       0xfc zephyr/drivers/clock_control/libdrivers__clock_control.a(clock_control_nrf.c.obj)
                0x0000000000003548                z_nrf_clock_control_lf_on
 .text.gpio_nrfx_pin_interrupt_configure
                0x0000000000003644       0xc8 zephyr/drivers/gpio/libdrivers__gpio.a(gpio_nrfx.c.obj)
 .text.gpio_nrfx_init
                0x000000000000370c       0x38 zephyr/drivers/gpio/libdrivers__gpio.a(gpio_nrfx.c.obj)
 .text.nrfx_gpio_handler
                0x0000000000003744       0x34 zephyr/drivers/gpio/libdrivers__gpio.a(gpio_nrfx.c.obj)
 .text.gpio_nrfx_pin_configure
                0x0000000000003778      0x140 zephyr/drivers/gpio/libdrivers__gpio.a(gpio_nrfx.c.obj)
 .text.regulator_fixed_init_sync
                0x00000000000038b8       0x90 zephyr/drivers/regulator/libdrivers__regulator.a(regulator_fixed.c.obj)
 .text.flash_nrf_pages_layout
                0x0000000000003948       0x10 zephyr/drivers/flash/libdrivers__flash.a(soc_flash_nrf.c.obj)
 .text.flash_nrf_get_parameters
                0x0000000000003958        0x8 zephyr/drivers/flash/libdrivers__flash.a(soc_flash_nrf.c.obj)
 .text.flash_nrf_read
                0x0000000000003960       0x40 zephyr/drivers/flash/libdrivers__flash.a(soc_flash_nrf.c.obj)
 .text.nrf_flash_init
                0x00000000000039a0       0x28 zephyr/drivers/flash/libdrivers__flash.a(soc_flash_nrf.c.obj)
 .text.flash_nrf_erase
                0x00000000000039c8       0x84 zephyr/drivers/flash/libdrivers__flash.a(soc_flash_nrf.c.obj)
 .text.flash_nrf_write
                0x0000000000003a4c       0x88 zephyr/drivers/flash/libdrivers__flash.a(soc_flash_nrf.c.obj)
 .text.uarte_nrfx_configure
                0x0000000000003ad4      0x164 zephyr/drivers/serial/libdrivers__serial.a(uart_nrfx_uarte.c.obj)
 .text.uarte_0_init
                0x0000000000003c38       0xf8 zephyr/drivers/serial/libdrivers__serial.a(uart_nrfx_uarte.c.obj)
 .text.uarte_nrfx_poll_out
                0x0000000000003d30       0x9c zephyr/drivers/serial/libdrivers__serial.a(uart_nrfx_uarte.c.obj)
 .text.compare_int_lock
                0x0000000000003dcc       0x44 zephyr/drivers/timer/libdrivers__timer.a(nrf_rtc_timer.c.obj)
 .text.sys_clock_timeout_handler
                0x0000000000003e10       0x78 zephyr/drivers/timer/libdrivers__timer.a(nrf_rtc_timer.c.obj)
 .text.compare_int_unlock
                0x0000000000003e88       0x50 zephyr/drivers/timer/libdrivers__timer.a(nrf_rtc_timer.c.obj)
 .text.z_nrf_rtc_timer_read
                0x0000000000003ed8       0x44 zephyr/drivers/timer/libdrivers__timer.a(nrf_rtc_timer.c.obj)
                0x0000000000003ed8                z_nrf_rtc_timer_read
 .text.compare_set
                0x0000000000003f1c      0x148 zephyr/drivers/timer/libdrivers__timer.a(nrf_rtc_timer.c.obj)
 .text.sys_clock_driver_init
                0x0000000000004064       0x80 zephyr/drivers/timer/libdrivers__timer.a(nrf_rtc_timer.c.obj)
 .text.rtc_nrf_isr
                0x00000000000040e4       0xe8 zephyr/drivers/timer/libdrivers__timer.a(nrf_rtc_timer.c.obj)
                0x00000000000040e4                rtc_nrf_isr
 .text.sys_clock_set_timeout
                0x00000000000041cc       0x60 zephyr/drivers/timer/libdrivers__timer.a(nrf_rtc_timer.c.obj)
                0x00000000000041cc                sys_clock_set_timeout
 .text.sys_clock_elapsed
                0x000000000000422c       0x14 zephyr/drivers/timer/libdrivers__timer.a(nrf_rtc_timer.c.obj)
                0x000000000000422c                sys_clock_elapsed
 .text.nrf_gpio_pin_write
                0x0000000000004240       0x1c zephyr/drivers/pinctrl/libdrivers__pinctrl.a(pinctrl_nrf.c.obj)
 .text.nrf_pin_configure
                0x000000000000425c       0x30 zephyr/drivers/pinctrl/libdrivers__pinctrl.a(pinctrl_nrf.c.obj)
 .text.pinctrl_configure_pins
                0x000000000000428c      0x124 zephyr/drivers/pinctrl/libdrivers__pinctrl.a(pinctrl_nrf.c.obj)
                0x000000000000428c                pinctrl_configure_pins
 .text.fprotect_area
                0x00000000000043b0       0x3c modules/nrf/lib/fprotect/lib..__nrf__lib__fprotect.a(fprotect_spu.c.obj)
                0x00000000000043b0                fprotect_area
 .text.k_sys_fatal_error_handler
                0x00000000000043ec       0x14 modules/nrf/lib/fatal_error/lib..__nrf__lib__fatal_error.a(fatal_error.c.obj)
                0x00000000000043ec                k_sys_fatal_error_handler
 .text.boot_write_magic
                0x0000000000004400       0x40 modules/mcuboot/boot/bootutil/zephyr/libmcuboot_util.a(bootutil_public.c.obj)
                0x0000000000004400                boot_write_magic
 .text.boot_read_swap_state
                0x0000000000004440       0xa8 modules/mcuboot/boot/bootutil/zephyr/libmcuboot_util.a(bootutil_public.c.obj)
                0x0000000000004440                boot_read_swap_state
 .text.boot_swap_type_multi
                0x00000000000044e8      0x100 modules/mcuboot/boot/bootutil/zephyr/libmcuboot_util.a(bootutil_public.c.obj)
                0x00000000000044e8                boot_swap_type_multi
 .text.SystemInit
                0x00000000000045e8      0x194 modules/hal_nordic/nrfx/libmodules__hal_nordic__nrfx.a(system_nrf9160.c.obj)
                0x00000000000045e8                SystemInit
 .text.nrfx_flag32_alloc
                0x000000000000477c       0x44 modules/hal_nordic/nrfx/libmodules__hal_nordic__nrfx.a(nrfx_flag32_allocator.c.obj)
                0x000000000000477c                nrfx_flag32_alloc
 .text.nrfx_flag32_free
                0x00000000000047c0       0x3c modules/hal_nordic/nrfx/libmodules__hal_nordic__nrfx.a(nrfx_flag32_allocator.c.obj)
                0x00000000000047c0                nrfx_flag32_free
 .text.nrfx_clock_init
                0x00000000000047fc       0x20 modules/hal_nordic/nrfx/libmodules__hal_nordic__nrfx.a(nrfx_clock.c.obj)
                0x00000000000047fc                nrfx_clock_init
 .text.nrfx_power_clock_irq_handler
                0x000000000000481c       0x68 modules/hal_nordic/nrfx/libmodules__hal_nordic__nrfx.a(nrfx_clock.c.obj)
                0x000000000000481c                nrfx_power_clock_irq_handler
 .text.nrfx_dppi_channel_alloc
                0x0000000000004884        0xc modules/hal_nordic/nrfx/libmodules__hal_nordic__nrfx.a(nrfx_dppi.c.obj)
                0x0000000000004884                nrfx_dppi_channel_alloc
 .text.nrf_gpio_cfg_sense_set
                0x0000000000004890       0x20 modules/hal_nordic/nrfx/libmodules__hal_nordic__nrfx.a(nrfx_gpiote.c.obj)
 .text.pin_in_use_by_te
                0x00000000000048b0       0x14 modules/hal_nordic/nrfx/libmodules__hal_nordic__nrfx.a(nrfx_gpiote.c.obj)
 .text.call_handler
                0x00000000000048c4       0x3c modules/hal_nordic/nrfx/libmodules__hal_nordic__nrfx.a(nrfx_gpiote.c.obj)
 .text.release_handler
                0x0000000000004900       0x58 modules/hal_nordic/nrfx/libmodules__hal_nordic__nrfx.a(nrfx_gpiote.c.obj)
 .text.pin_handler_trigger_uninit
                0x0000000000004958       0x3c modules/hal_nordic/nrfx/libmodules__hal_nordic__nrfx.a(nrfx_gpiote.c.obj)
 .text.nrfx_gpiote_input_configure
                0x0000000000004994      0x154 modules/hal_nordic/nrfx/libmodules__hal_nordic__nrfx.a(nrfx_gpiote.c.obj)
                0x0000000000004994                nrfx_gpiote_input_configure
 .text.nrfx_gpiote_output_configure
                0x0000000000004ae8       0xf4 modules/hal_nordic/nrfx/libmodules__hal_nordic__nrfx.a(nrfx_gpiote.c.obj)
                0x0000000000004ae8                nrfx_gpiote_output_configure
 .text.nrfx_gpiote_global_callback_set
                0x0000000000004bdc        0xc modules/hal_nordic/nrfx/libmodules__hal_nordic__nrfx.a(nrfx_gpiote.c.obj)
                0x0000000000004bdc                nrfx_gpiote_global_callback_set
 .text.nrfx_gpiote_channel_get
                0x0000000000004be8       0x2c modules/hal_nordic/nrfx/libmodules__hal_nordic__nrfx.a(nrfx_gpiote.c.obj)
                0x0000000000004be8                nrfx_gpiote_channel_get
 .text.nrfx_gpiote_init
                0x0000000000004c14       0x50 modules/hal_nordic/nrfx/libmodules__hal_nordic__nrfx.a(nrfx_gpiote.c.obj)
                0x0000000000004c14                nrfx_gpiote_init
 .text.nrfx_gpiote_is_init
                0x0000000000004c64       0x14 modules/hal_nordic/nrfx/libmodules__hal_nordic__nrfx.a(nrfx_gpiote.c.obj)
                0x0000000000004c64                nrfx_gpiote_is_init
 .text.nrfx_gpiote_channel_free
                0x0000000000004c78        0xc modules/hal_nordic/nrfx/libmodules__hal_nordic__nrfx.a(nrfx_gpiote.c.obj)
                0x0000000000004c78                nrfx_gpiote_channel_free
 .text.nrfx_gpiote_channel_alloc
                0x0000000000004c84        0xc modules/hal_nordic/nrfx/libmodules__hal_nordic__nrfx.a(nrfx_gpiote.c.obj)
                0x0000000000004c84                nrfx_gpiote_channel_alloc
 .text.nrfx_gpiote_trigger_enable
                0x0000000000004c90       0x88 modules/hal_nordic/nrfx/libmodules__hal_nordic__nrfx.a(nrfx_gpiote.c.obj)
                0x0000000000004c90                nrfx_gpiote_trigger_enable
 .text.nrfx_gpiote_trigger_disable
                0x0000000000004d18       0x50 modules/hal_nordic/nrfx/libmodules__hal_nordic__nrfx.a(nrfx_gpiote.c.obj)
                0x0000000000004d18                nrfx_gpiote_trigger_disable
 .text.nrfx_gpiote_pin_uninit
                0x0000000000004d68       0x44 modules/hal_nordic/nrfx/libmodules__hal_nordic__nrfx.a(nrfx_gpiote.c.obj)
                0x0000000000004d68                nrfx_gpiote_pin_uninit
 .text.nrfx_gpiote_irq_handler
                0x0000000000004dac      0x154 modules/hal_nordic/nrfx/libmodules__hal_nordic__nrfx.a(nrfx_gpiote.c.obj)
                0x0000000000004dac                nrfx_gpiote_irq_handler
 .text.nvmc_readonly_mode_set
                0x0000000000004f00       0x14 modules/hal_nordic/nrfx/libmodules__hal_nordic__nrfx.a(nrfx_nvmc.c.obj)
 .text.nvmc_word_write
                0x0000000000004f14       0x18 modules/hal_nordic/nrfx/libmodules__hal_nordic__nrfx.a(nrfx_nvmc.c.obj)
 .text.nrfx_nvmc_page_erase
                0x0000000000004f2c       0x3c modules/hal_nordic/nrfx/libmodules__hal_nordic__nrfx.a(nrfx_nvmc.c.obj)
                0x0000000000004f2c                nrfx_nvmc_page_erase
 .text.nrfx_nvmc_word_write
                0x0000000000004f68       0x20 modules/hal_nordic/nrfx/libmodules__hal_nordic__nrfx.a(nrfx_nvmc.c.obj)
                0x0000000000004f68                nrfx_nvmc_word_write
 .text.z_sys_init_run_level
                0x0000000000004f88       0x40 zephyr/kernel/libkernel.a(device.c.obj)
                0x0000000000004f88                z_sys_init_run_level
 .text.z_fatal_error
                0x0000000000004fc8       0x9c zephyr/kernel/libkernel.a(fatal.c.obj)
                0x0000000000004fc8                z_fatal_error
 .text.bg_thread_main
                0x0000000000005064       0x34 zephyr/kernel/libkernel.a(init.c.obj)
 .text.z_bss_zero
                0x0000000000005098       0x18 zephyr/kernel/libkernel.a(init.c.obj)
                0x0000000000005098                z_bss_zero
 .text.z_init_cpu
                0x00000000000050b0       0x68 zephyr/kernel/libkernel.a(init.c.obj)
                0x00000000000050b0                z_init_cpu
 .text.z_cstart
                0x0000000000005118       0xcc zephyr/kernel/libkernel.a(init.c.obj)
                0x0000000000005118                z_cstart
 .text.init_mem_slab_module
                0x00000000000051e4       0x44 zephyr/kernel/libkernel.a(mem_slab.c.obj)
 .text.k_mem_slab_alloc
                0x0000000000005228       0x5c zephyr/kernel/libkernel.a(mem_slab.c.obj)
                0x0000000000005228                k_mem_slab_alloc
 .text.z_setup_new_thread
                0x0000000000005284       0x60 zephyr/kernel/libkernel.a(thread.c.obj)
                0x0000000000005284                z_setup_new_thread
 .text.z_init_static_threads
                0x00000000000052e4       0xb8 zephyr/kernel/libkernel.a(thread.c.obj)
                0x00000000000052e4                z_init_static_threads
 .text.z_impl_k_mutex_lock
                0x000000000000539c       0xf0 zephyr/kernel/libkernel.a(mutex.c.obj)
                0x000000000000539c                z_impl_k_mutex_lock
 .text.z_impl_k_mutex_unlock
                0x000000000000548c       0x78 zephyr/kernel/libkernel.a(mutex.c.obj)
                0x000000000000548c                z_impl_k_mutex_unlock
 .text.z_impl_k_sem_give
                0x0000000000005504       0x40 zephyr/kernel/libkernel.a(sem.c.obj)
                0x0000000000005504                z_impl_k_sem_give
 .text.z_impl_k_sem_take
                0x0000000000005544       0x50 zephyr/kernel/libkernel.a(sem.c.obj)
                0x0000000000005544                z_impl_k_sem_take
 .text.z_reset_time_slice
                0x0000000000005594       0x28 zephyr/kernel/libkernel.a(sched.c.obj)
                0x0000000000005594                z_reset_time_slice
 .text.k_sched_time_slice_set
                0x00000000000055bc       0x64 zephyr/kernel/libkernel.a(sched.c.obj)
                0x00000000000055bc                k_sched_time_slice_set
 .text.z_reschedule
                0x0000000000005620       0x24 zephyr/kernel/libkernel.a(sched.c.obj)
                0x0000000000005620                z_reschedule
 .text.k_sched_lock
                0x0000000000005644       0x28 zephyr/kernel/libkernel.a(sched.c.obj)
                0x0000000000005644                k_sched_lock
 .text.update_cache
                0x000000000000566c       0x40 zephyr/kernel/libkernel.a(sched.c.obj)
 .text.move_thread_to_end_of_prio_q
                0x00000000000056ac       0x74 zephyr/kernel/libkernel.a(sched.c.obj)
 .text.z_time_slice
                0x0000000000005720       0x84 zephyr/kernel/libkernel.a(sched.c.obj)
                0x0000000000005720                z_time_slice
 .text.ready_thread
                0x00000000000057a4       0x6c zephyr/kernel/libkernel.a(sched.c.obj)
 .text.z_sched_start
                0x0000000000005810       0x3c zephyr/kernel/libkernel.a(sched.c.obj)
                0x0000000000005810                z_sched_start
 .text.unready_thread
                0x000000000000584c       0x30 zephyr/kernel/libkernel.a(sched.c.obj)
 .text.pend     0x000000000000587c       0x4c zephyr/kernel/libkernel.a(sched.c.obj)
 .text.z_pend_curr
                0x00000000000058c8       0x28 zephyr/kernel/libkernel.a(sched.c.obj)
                0x00000000000058c8                z_pend_curr
 .text.z_set_prio
                0x00000000000058f0       0x90 zephyr/kernel/libkernel.a(sched.c.obj)
                0x00000000000058f0                z_set_prio
 .text.z_impl_k_thread_suspend
                0x0000000000005980       0x64 zephyr/kernel/libkernel.a(sched.c.obj)
                0x0000000000005980                z_impl_k_thread_suspend
 .text.k_sched_unlock
                0x00000000000059e4       0x38 zephyr/kernel/libkernel.a(sched.c.obj)
                0x00000000000059e4                k_sched_unlock
 .text.z_sched_init
                0x0000000000005a1c       0x18 zephyr/kernel/libkernel.a(sched.c.obj)
                0x0000000000005a1c                z_sched_init
 .text.z_impl_k_yield
                0x0000000000005a34       0x80 zephyr/kernel/libkernel.a(sched.c.obj)
                0x0000000000005a34                z_impl_k_yield
 .text.z_tick_sleep
                0x0000000000005ab4       0x90 zephyr/kernel/libkernel.a(sched.c.obj)
 .text.z_impl_k_sleep
                0x0000000000005b44       0x34 zephyr/kernel/libkernel.a(sched.c.obj)
                0x0000000000005b44                z_impl_k_sleep
 .text.z_impl_z_current_get
                0x0000000000005b78        0xc zephyr/kernel/libkernel.a(sched.c.obj)
                0x0000000000005b78                z_impl_z_current_get
 .text.z_thread_abort
                0x0000000000005b84       0xc0 zephyr/kernel/libkernel.a(sched.c.obj)
                0x0000000000005b84                z_thread_abort
 .text.z_data_copy
                0x0000000000005c44       0x34 zephyr/kernel/libkernel.a(xip.c.obj)
                0x0000000000005c44                z_data_copy
 .text.elapsed  0x0000000000005c78       0x14 zephyr/kernel/libkernel.a(timeout.c.obj)
 .text.next_timeout
                0x0000000000005c8c       0x4c zephyr/kernel/libkernel.a(timeout.c.obj)
 .text.remove_timeout
                0x0000000000005cd8       0x34 zephyr/kernel/libkernel.a(timeout.c.obj)
 .text.z_add_timeout
                0x0000000000005d0c       0xf0 zephyr/kernel/libkernel.a(timeout.c.obj)
                0x0000000000005d0c                z_add_timeout
 .text.sys_clock_announce
                0x0000000000005dfc       0xb8 zephyr/kernel/libkernel.a(timeout.c.obj)
                0x0000000000005dfc                sys_clock_announce
 .text.sys_clock_tick_get
                0x0000000000005eb4       0x34 zephyr/kernel/libkernel.a(timeout.c.obj)
                0x0000000000005eb4                sys_clock_tick_get
 .text.boot_banner
                0x0000000000005ee8       0x18 zephyr/kernel/libkernel.a(banner.c.obj)
                0x0000000000005ee8                boot_banner
 .text.nrf_cc3xx_platform_init_no_rng
                0x0000000000005f00       0x38 /workdir/nrfxlib/crypto/nrf_cc310_platform/lib/cortex-m33/hard-float/no-interrupts/libnrf_cc310_platform_0.9.15.a(nrf_cc3xx_platform.c.obj)
                0x0000000000005f00                nrf_cc3xx_platform_init_no_rng
 .text.nrf_cc3xx_platform_abort
                0x0000000000005f38       0x24 /workdir/nrfxlib/crypto/nrf_cc310_platform/lib/cortex-m33/hard-float/no-interrupts/libnrf_cc310_platform_0.9.15.a(nrf_cc3xx_platform_abort.c.obj)
 .text.CC_PalAbort
                0x0000000000005f5c       0x34 /workdir/nrfxlib/crypto/nrf_cc310_platform/lib/cortex-m33/hard-float/no-interrupts/libnrf_cc310_platform_0.9.15.a(nrf_cc3xx_platform_abort.c.obj)
                0x0000000000005f5c                CC_PalAbort
 .text.nrf_cc3xx_platform_set_abort
                0x0000000000005f90       0x10 /workdir/nrfxlib/crypto/nrf_cc310_platform/lib/cortex-m33/hard-float/no-interrupts/libnrf_cc310_platform_0.9.15.a(nrf_cc3xx_platform_abort.c.obj)
                0x0000000000005f90                nrf_cc3xx_platform_set_abort
 .text.mutex_free
                0x0000000000005fa0       0x28 /workdir/nrfxlib/crypto/nrf_cc310_platform/lib/cortex-m33/hard-float/no-interrupts/libnrf_cc310_platform_0.9.15.a(nrf_cc3xx_platform_mutex.c.obj)
 .text.mutex_lock
                0x0000000000005fc8       0x40 /workdir/nrfxlib/crypto/nrf_cc310_platform/lib/cortex-m33/hard-float/no-interrupts/libnrf_cc310_platform_0.9.15.a(nrf_cc3xx_platform_mutex.c.obj)
 .text.mutex_unlock
                0x0000000000006008       0x30 /workdir/nrfxlib/crypto/nrf_cc310_platform/lib/cortex-m33/hard-float/no-interrupts/libnrf_cc310_platform_0.9.15.a(nrf_cc3xx_platform_mutex.c.obj)
 .text.mutex_init
                0x0000000000006038       0x1c /workdir/nrfxlib/crypto/nrf_cc310_platform/lib/cortex-m33/hard-float/no-interrupts/libnrf_cc310_platform_0.9.15.a(nrf_cc3xx_platform_mutex.c.obj)
 .text.nrf_cc3xx_platform_set_mutexes
                0x0000000000006054       0x64 /workdir/nrfxlib/crypto/nrf_cc310_platform/lib/cortex-m33/hard-float/no-interrupts/libnrf_cc310_platform_0.9.15.a(nrf_cc3xx_platform_mutex.c.obj)
                0x0000000000006054                nrf_cc3xx_platform_set_mutexes
 .text.mbedtls_platform_zeroize
                0x00000000000060b8       0x14 /workdir/nrfxlib/crypto/nrf_cc310_platform/lib/cortex-m33/hard-float/no-interrupts/libnrf_cc310_platform_0.9.15.a(mbedtls_common.c.obj)
                0x00000000000060b8                mbedtls_platform_zeroize
 .text.CC_LibInitNoRng
                0x00000000000060cc       0x64 /workdir/nrfxlib/crypto/nrf_cc310_platform/lib/cortex-m33/hard-float/no-interrupts/libnrf_cc310_platform_0.9.15.a(cc_lib.c.obj)
                0x00000000000060cc                CC_LibInitNoRng
 .text.CC_HalInit
                0x0000000000006130        0x4 /workdir/nrfxlib/crypto/nrf_cc310_platform/lib/cortex-m33/hard-float/no-interrupts/libnrf_cc310_platform_0.9.15.a(cc_hal.c.obj)
                0x0000000000006130                CC_HalInit
 .text.CC_HalTerminate
                0x0000000000006134        0x4 /workdir/nrfxlib/crypto/nrf_cc310_platform/lib/cortex-m33/hard-float/no-interrupts/libnrf_cc310_platform_0.9.15.a(cc_hal.c.obj)
                0x0000000000006134                CC_HalTerminate
 .text.CC_HalMaskInterrupt
                0x0000000000006138        0xc /workdir/nrfxlib/crypto/nrf_cc310_platform/lib/cortex-m33/hard-float/no-interrupts/libnrf_cc310_platform_0.9.15.a(cc_hal.c.obj)
                0x0000000000006138                CC_HalMaskInterrupt
 .text.CC_PalInit
                0x0000000000006144       0x5c /workdir/nrfxlib/crypto/nrf_cc310_platform/lib/cortex-m33/hard-float/no-interrupts/libnrf_cc310_platform_0.9.15.a(cc_pal.c.obj)
                0x0000000000006144                CC_PalInit
 .text.CC_PalTerminate
                0x00000000000061a0       0x34 /workdir/nrfxlib/crypto/nrf_cc310_platform/lib/cortex-m33/hard-float/no-interrupts/libnrf_cc310_platform_0.9.15.a(cc_pal.c.obj)
                0x00000000000061a0                CC_PalTerminate
 .text.CC_PalDmaInit
                0x00000000000061d4        0x4 /workdir/nrfxlib/crypto/nrf_cc310_platform/lib/cortex-m33/hard-float/no-interrupts/libnrf_cc310_platform_0.9.15.a(cc_pal_dma.c.obj)
                0x00000000000061d4                CC_PalDmaInit
 .text.CC_PalDmaTerminate
                0x00000000000061d8        0x4 /workdir/nrfxlib/crypto/nrf_cc310_platform/lib/cortex-m33/hard-float/no-interrupts/libnrf_cc310_platform_0.9.15.a(cc_pal_dma.c.obj)
                0x00000000000061d8                CC_PalDmaTerminate
 .text.CC_PalMutexCreate
                0x00000000000061dc       0x14 /workdir/nrfxlib/crypto/nrf_cc310_platform/lib/cortex-m33/hard-float/no-interrupts/libnrf_cc310_platform_0.9.15.a(cc_pal_mutex.c.obj)
                0x00000000000061dc                CC_PalMutexCreate
 .text.CC_PalMutexDestroy
                0x00000000000061f0       0x14 /workdir/nrfxlib/crypto/nrf_cc310_platform/lib/cortex-m33/hard-float/no-interrupts/libnrf_cc310_platform_0.9.15.a(cc_pal_mutex.c.obj)
                0x00000000000061f0                CC_PalMutexDestroy
 .text.CC_PalPowerSaveModeInit
                0x0000000000006204       0x3c /workdir/nrfxlib/crypto/nrf_cc310_platform/lib/cortex-m33/hard-float/no-interrupts/libnrf_cc310_platform_0.9.15.a(cc_pal_pm.c.obj)
                0x0000000000006204                CC_PalPowerSaveModeInit
 .text.CC_PalPowerSaveModeSelect
                0x0000000000006240       0x84 /workdir/nrfxlib/crypto/nrf_cc310_platform/lib/cortex-m33/hard-float/no-interrupts/libnrf_cc310_platform_0.9.15.a(cc_pal_pm.c.obj)
                0x0000000000006240                CC_PalPowerSaveModeSelect
 .text.verify_context_ecdsa_verify_secp256r1
                0x00000000000062c4       0x20 /workdir/nrfxlib/crypto/nrf_cc310_bl/lib/cortex-m33/hard-float/no-interrupts/libnrf_cc310_bl_0.9.12.a(nrf_cc310_bl_ecdsa_verify_secp256r1.c.obj)
 .text.nrf_cc310_bl_ecdsa_verify_init_secp256r1
                0x00000000000062e4       0x4c /workdir/nrfxlib/crypto/nrf_cc310_bl/lib/cortex-m33/hard-float/no-interrupts/libnrf_cc310_bl_0.9.12.a(nrf_cc310_bl_ecdsa_verify_secp256r1.c.obj)
                0x00000000000062e4                nrf_cc310_bl_ecdsa_verify_init_secp256r1
 .text.nrf_cc310_bl_ecdsa_verify_hash_secp256r1
                0x0000000000006330      0x168 /workdir/nrfxlib/crypto/nrf_cc310_bl/lib/cortex-m33/hard-float/no-interrupts/libnrf_cc310_bl_0.9.12.a(nrf_cc310_bl_ecdsa_verify_secp256r1.c.obj)
                0x0000000000006330                nrf_cc310_bl_ecdsa_verify_hash_secp256r1
 .text.set_digest_in_hw_sha256
                0x0000000000006498       0x38 /workdir/nrfxlib/crypto/nrf_cc310_bl/lib/cortex-m33/hard-float/no-interrupts/libnrf_cc310_bl_0.9.12.a(nrf_cc310_bl_hash_sha256.c.obj)
 .text.read_digest_in_hw_sha256
                0x00000000000064d0       0x54 /workdir/nrfxlib/crypto/nrf_cc310_bl/lib/cortex-m33/hard-float/no-interrupts/libnrf_cc310_bl_0.9.12.a(nrf_cc310_bl_hash_sha256.c.obj)
 .text.verify_context_hash_sha256
                0x0000000000006524       0x20 /workdir/nrfxlib/crypto/nrf_cc310_bl/lib/cortex-m33/hard-float/no-interrupts/libnrf_cc310_bl_0.9.12.a(nrf_cc310_bl_hash_sha256.c.obj)
 .text.nrf_cc310_bl_hash_sha256_init
                0x0000000000006544       0x34 /workdir/nrfxlib/crypto/nrf_cc310_bl/lib/cortex-m33/hard-float/no-interrupts/libnrf_cc310_bl_0.9.12.a(nrf_cc310_bl_hash_sha256.c.obj)
                0x0000000000006544                nrf_cc310_bl_hash_sha256_init
 .text.nrf_cc310_bl_hash_sha256_update
                0x0000000000006578       0xb0 /workdir/nrfxlib/crypto/nrf_cc310_bl/lib/cortex-m33/hard-float/no-interrupts/libnrf_cc310_bl_0.9.12.a(nrf_cc310_bl_hash_sha256.c.obj)
                0x0000000000006578                nrf_cc310_bl_hash_sha256_update
 .text.nrf_cc310_bl_hash_sha256_finalize
                0x0000000000006628       0x60 /workdir/nrfxlib/crypto/nrf_cc310_bl/lib/cortex-m33/hard-float/no-interrupts/libnrf_cc310_bl_0.9.12.a(nrf_cc310_bl_hash_sha256.c.obj)
                0x0000000000006628                nrf_cc310_bl_hash_sha256_finalize
 .text.nrf_cc310_bl_init
                0x0000000000006688       0x34 /workdir/nrfxlib/crypto/nrf_cc310_bl/lib/cortex-m33/hard-float/no-interrupts/libnrf_cc310_bl_0.9.12.a(nrf_cc310_bl_init.c.obj)
                0x0000000000006688                nrf_cc310_bl_init
 .text.PkaSetRegsMapTab
                0x00000000000066bc       0x48 /workdir/nrfxlib/crypto/nrf_cc310_bl/lib/cortex-m33/hard-float/no-interrupts/libnrf_cc310_bl_0.9.12.a(pka.c.obj)
                0x00000000000066bc                PkaSetRegsMapTab
 .text.PkaGetRegEffectiveSizeInBits
                0x0000000000006704       0x8c /workdir/nrfxlib/crypto/nrf_cc310_bl/lib/cortex-m33/hard-float/no-interrupts/libnrf_cc310_bl_0.9.12.a(pka.c.obj)
                0x0000000000006704                PkaGetRegEffectiveSizeInBits
 .text.PkaGetNextMsBit
                0x0000000000006790       0x7c /workdir/nrfxlib/crypto/nrf_cc310_bl/lib/cortex-m33/hard-float/no-interrupts/libnrf_cc310_bl_0.9.12.a(pka.c.obj)
                0x0000000000006790                PkaGetNextMsBit
 .text.PkaSetRegsSizesTab
                0x000000000000680c       0x3c /workdir/nrfxlib/crypto/nrf_cc310_bl/lib/cortex-m33/hard-float/no-interrupts/libnrf_cc310_bl_0.9.12.a(pka.c.obj)
                0x000000000000680c                PkaSetRegsSizesTab
 .text.PkaInitPka
                0x0000000000006848       0x74 /workdir/nrfxlib/crypto/nrf_cc310_bl/lib/cortex-m33/hard-float/no-interrupts/libnrf_cc310_bl_0.9.12.a(pka.c.obj)
                0x0000000000006848                PkaInitPka
 .text.PkaClearBlockOfRegs
                0x00000000000068bc      0x134 /workdir/nrfxlib/crypto/nrf_cc310_bl/lib/cortex-m33/hard-float/no-interrupts/libnrf_cc310_bl_0.9.12.a(pka.c.obj)
                0x00000000000068bc                PkaClearBlockOfRegs
 .text.PkaFinishAndMutexUnlock
                0x00000000000069f0       0x24 /workdir/nrfxlib/crypto/nrf_cc310_bl/lib/cortex-m33/hard-float/no-interrupts/libnrf_cc310_bl_0.9.12.a(pka.c.obj)
                0x00000000000069f0                PkaFinishAndMutexUnlock
 .text.PkaCopyDataIntoPkaReg
                0x0000000000006a14       0xb8 /workdir/nrfxlib/crypto/nrf_cc310_bl/lib/cortex-m33/hard-float/no-interrupts/libnrf_cc310_bl_0.9.12.a(pka.c.obj)
                0x0000000000006a14                PkaCopyDataIntoPkaReg
 .text.PkaEcdsaVerify
                0x0000000000006acc      0x284 /workdir/nrfxlib/crypto/nrf_cc310_bl/lib/cortex-m33/hard-float/no-interrupts/libnrf_cc310_bl_0.9.12.a(pka_ec_wrst_dsa_verify.c.obj)
                0x0000000000006acc                PkaEcdsaVerify
 .text.nrf_cc310_bl_hash_update_internal
                0x0000000000006d50       0xf0 /workdir/nrfxlib/crypto/nrf_cc310_bl/lib/cortex-m33/hard-float/no-interrupts/libnrf_cc310_bl_0.9.12.a(nrf_cc310_bl_hash.c.obj)
                0x0000000000006d50                nrf_cc310_bl_hash_update_internal
 .text.PkaDoubleMdf2Mdf
                0x0000000000006e40      0x1ac /workdir/nrfxlib/crypto/nrf_cc310_bl/lib/cortex-m33/hard-float/no-interrupts/libnrf_cc310_bl_0.9.12.a(pka_ec_wrst.c.obj)
                0x0000000000006e40                PkaDoubleMdf2Mdf
 .text.PkaDoubleMdf2Jcb
                0x0000000000006fec      0x178 /workdir/nrfxlib/crypto/nrf_cc310_bl/lib/cortex-m33/hard-float/no-interrupts/libnrf_cc310_bl_0.9.12.a(pka_ec_wrst.c.obj)
                0x0000000000006fec                PkaDoubleMdf2Jcb
 .text.PkaAddJcbAfn2Mdf
                0x0000000000007164      0x194 /workdir/nrfxlib/crypto/nrf_cc310_bl/lib/cortex-m33/hard-float/no-interrupts/libnrf_cc310_bl_0.9.12.a(pka_ec_wrst.c.obj)
                0x0000000000007164                PkaAddJcbAfn2Mdf
 .text.PkaJcb2Afn
                0x00000000000072f8       0xb0 /workdir/nrfxlib/crypto/nrf_cc310_bl/lib/cortex-m33/hard-float/no-interrupts/libnrf_cc310_bl_0.9.12.a(pka_ec_wrst.c.obj)
                0x00000000000072f8                PkaJcb2Afn
 .text.PkaAddAff
                0x00000000000073a8      0x114 /workdir/nrfxlib/crypto/nrf_cc310_bl/lib/cortex-m33/hard-float/no-interrupts/libnrf_cc310_bl_0.9.12.a(pka_ec_wrst.c.obj)
                0x00000000000073a8                PkaAddAff
 .text.PkaSum2ScalarMullt
                0x00000000000074bc      0x1e4 /workdir/nrfxlib/crypto/nrf_cc310_bl/lib/cortex-m33/hard-float/no-interrupts/libnrf_cc310_bl_0.9.12.a(pka_ec_wrst.c.obj)
                0x00000000000074bc                PkaSum2ScalarMullt
 .text.SaSi_HalClearInterruptBit
                0x00000000000076a0        0xc /workdir/nrfxlib/crypto/nrf_cc310_bl/lib/cortex-m33/hard-float/no-interrupts/libnrf_cc310_bl_0.9.12.a(ssi_hal.c.obj)
                0x00000000000076a0                SaSi_HalClearInterruptBit
 .text.SaSi_HalMaskInterrupt
                0x00000000000076ac        0xc /workdir/nrfxlib/crypto/nrf_cc310_bl/lib/cortex-m33/hard-float/no-interrupts/libnrf_cc310_bl_0.9.12.a(ssi_hal.c.obj)
                0x00000000000076ac                SaSi_HalMaskInterrupt
 .text.SaSi_HalWaitInterrupt
                0x00000000000076b8       0x18 /workdir/nrfxlib/crypto/nrf_cc310_bl/lib/cortex-m33/hard-float/no-interrupts/libnrf_cc310_bl_0.9.12.a(ssi_hal.c.obj)
                0x00000000000076b8                SaSi_HalWaitInterrupt
 .text._OffsetAbsSyms
                0x00000000000076d0        0x2 zephyr/CMakeFiles/offsets.dir/./arch/arm/core/offsets/offsets.c.obj
                0x00000000000076d0                _OffsetAbsSyms
 .text.gpio_pin_get
                0x00000000000076d2       0x28 app/libapp.a(main.c.obj)
 .text.gpio_pin_set.isra.0
                0x00000000000076fa       0x20 app/libapp.a(main.c.obj)
 .text.gpio_pin_configure_dt.isra.0
                0x000000000000771a       0x2e app/libapp.a(main.c.obj)
 .text.flash_area_id_from_multi_image_slot
                0x0000000000007748       0x12 app/libapp.a(flash_map_extended.c.obj)
                0x0000000000007748                flash_area_id_from_multi_image_slot
 .text.flash_area_get_device_id
                0x000000000000775a        0x4 app/libapp.a(flash_map_extended.c.obj)
                0x000000000000775a                flash_area_get_device_id
 .text.os_heap_init
                0x000000000000775e        0x2 app/libapp.a(os.c.obj)
                0x000000000000775e                os_heap_init
 .text.bootutil_tlv_iter_begin
                0x0000000000007760       0x98 app/libapp.a(tlv.c.obj)
                0x0000000000007760                bootutil_tlv_iter_begin
 .text.bootutil_tlv_iter_next
                0x00000000000077f8       0x96 app/libapp.a(tlv.c.obj)
                0x00000000000077f8                bootutil_tlv_iter_next
 .text.bootutil_read_bigint
                0x000000000000788e       0x58 app/libapp.a(image_ec256.c.obj)
 .text.boot_fih_memequal
                0x00000000000078e6        0x4 app/libapp.a(bootutil_misc.c.obj)
                0x00000000000078e6                boot_fih_memequal
 .text.boot_trailer_sz
                0x00000000000078ea        0xa app/libapp.a(bootutil_misc.c.obj)
                0x00000000000078ea                boot_trailer_sz
 .text.boot_status_entries
                0x00000000000078f4       0x1a app/libapp.a(bootutil_misc.c.obj)
                0x00000000000078f4                boot_status_entries
 .text.boot_status_off
                0x000000000000790e       0x16 app/libapp.a(bootutil_misc.c.obj)
                0x000000000000790e                boot_status_off
 .text.boot_write_copy_done
                0x0000000000007924       0x10 app/libapp.a(bootutil_misc.c.obj)
                0x0000000000007924                boot_write_copy_done
 .text.boot_write_swap_size
                0x0000000000007934       0x1e app/libapp.a(bootutil_misc.c.obj)
                0x0000000000007934                boot_write_swap_size
 .text.boot_read_image_headers
                0x0000000000007952       0x32 app/libapp.a(loader.c.obj)
 .text.boot_read_image_size.isra.0
                0x0000000000007984       0x82 app/libapp.a(loader.c.obj)
 .text.boot_read_sectors
                0x0000000000007a06       0x44 app/libapp.a(loader.c.obj)
 .text.boot_status_reset
                0x0000000000007a4a       0x12 app/libapp.a(loader.c.obj)
                0x0000000000007a4a                boot_status_reset
 .text.boot_status_is_reset
                0x0000000000007a5c       0x1a app/libapp.a(loader.c.obj)
                0x0000000000007a5c                boot_status_is_reset
 .text.boot_write_status
                0x0000000000007a76       0x64 app/libapp.a(loader.c.obj)
                0x0000000000007a76                boot_write_status
 .text.boot_erase_region
                0x0000000000007ada        0x4 app/libapp.a(loader.c.obj)
                0x0000000000007ada                boot_erase_region
 .text.swap_erase_trailer_sectors
                0x0000000000007ade       0x6c app/libapp.a(swap_misc.c.obj)
                0x0000000000007ade                swap_erase_trailer_sectors
 .text.swap_status_init
                0x0000000000007b4a       0x3e app/libapp.a(swap_misc.c.obj)
                0x0000000000007b4a                swap_status_init
 .text.swap_read_status
                0x0000000000007b88       0x7a app/libapp.a(swap_misc.c.obj)
                0x0000000000007b88                swap_read_status
 .text.swap_set_copy_done
                0x0000000000007c02       0x24 app/libapp.a(swap_misc.c.obj)
                0x0000000000007c02                swap_set_copy_done
 .text.swap_set_image_ok
                0x0000000000007c26       0x3c app/libapp.a(swap_misc.c.obj)
                0x0000000000007c26                swap_set_image_ok
 .text.boot_status_internal_off
                0x0000000000007c62       0x2e app/libapp.a(swap_move.c.obj)
                0x0000000000007c62                boot_status_internal_off
 .text.mbedtls_asn1_get_len
                0x0000000000007c90       0x90 app/libapp.a(asn1parse.c.obj)
                0x0000000000007c90                mbedtls_asn1_get_len
 .text.mbedtls_asn1_get_tag
                0x0000000000007d20       0x28 app/libapp.a(asn1parse.c.obj)
                0x0000000000007d20                mbedtls_asn1_get_tag
 .text.mbedtls_asn1_get_bitstring_null
                0x0000000000007d48       0x28 app/libapp.a(asn1parse.c.obj)
                0x0000000000007d48                mbedtls_asn1_get_bitstring_null
 .text.mbedtls_asn1_get_alg
                0x0000000000007d70       0x96 app/libapp.a(asn1parse.c.obj)
                0x0000000000007d70                mbedtls_asn1_get_alg
 .text.cc310_sha256_update
                0x0000000000007e06       0x36 app/libapp.a(cc310_glue.c.obj)
                0x0000000000007e06                cc310_sha256_update
 .text.crc16_itu_t
                0x0000000000007e3c       0x28 zephyr/libzephyr.a(crc16_sw.c.obj)
                0x0000000000007e3c                crc16_itu_t
 .text.sys_notify_validate
                0x0000000000007e64       0x22 zephyr/libzephyr.a(notify.c.obj)
                0x0000000000007e64                sys_notify_validate
 .text.sys_notify_finalize
                0x0000000000007e86       0x18 zephyr/libzephyr.a(notify.c.obj)
                0x0000000000007e86                sys_notify_finalize
 .text.arch_printk_char_out
                0x0000000000007e9e        0x4 zephyr/libzephyr.a(printk.c.obj)
                0x0000000000007e9e                arch_printk_char_out
 .text.printk   0x0000000000007ea2       0x1a zephyr/libzephyr.a(printk.c.obj)
                0x0000000000007ea2                printk
 .text.process_recheck
                0x0000000000007ebc       0x38 zephyr/libzephyr.a(onoff.c.obj)
 .text.notify_one
                0x0000000000007ef4       0x2c zephyr/libzephyr.a(onoff.c.obj)
 .text.transition_complete
                0x0000000000007f20       0x1e zephyr/libzephyr.a(onoff.c.obj)
 .text.validate_args
                0x0000000000007f3e       0x1e zephyr/libzephyr.a(onoff.c.obj)
 .text.onoff_manager_init
                0x0000000000007f5c       0x26 zephyr/libzephyr.a(onoff.c.obj)
                0x0000000000007f5c                onoff_manager_init
 .text.onoff_request
                0x0000000000007f82       0x92 zephyr/libzephyr.a(onoff.c.obj)
                0x0000000000007f82                onoff_request
 .text.onoff_sync_lock
                0x0000000000008014       0x16 zephyr/libzephyr.a(onoff.c.obj)
                0x0000000000008014                onoff_sync_lock
 .text.onoff_sync_finalize
                0x000000000000802a       0x42 zephyr/libzephyr.a(onoff.c.obj)
                0x000000000000802a                onoff_sync_finalize
 .text.z_thread_entry
                0x000000000000806c       0x14 zephyr/libzephyr.a(thread_entry.c.obj)
                0x000000000000806c                z_thread_entry
 .text._ConfigAbsSyms
                0x0000000000008080        0x2 zephyr/libzephyr.a(configs.c.obj)
                0x0000000000008080                _ConfigAbsSyms
 .text.z_log_minimal_printk
                0x0000000000008082       0x1a zephyr/libzephyr.a(log_minimal.c.obj)
                0x0000000000008082                z_log_minimal_printk
 .text.flash_area_close
                0x000000000000809c        0x2 zephyr/libzephyr.a(flash_map.c.obj)
                0x000000000000809c                flash_area_close
 .text.flash_area_read
                0x000000000000809e       0x2a zephyr/libzephyr.a(flash_map.c.obj)
                0x000000000000809e                flash_area_read
 .text.flash_area_write
                0x00000000000080c8       0x2a zephyr/libzephyr.a(flash_map.c.obj)
                0x00000000000080c8                flash_area_write
 .text.flash_area_erase
                0x00000000000080f2       0x2e zephyr/libzephyr.a(flash_map.c.obj)
                0x00000000000080f2                flash_area_erase
 .text.flash_area_align
                0x0000000000008120        0xe zephyr/libzephyr.a(flash_map.c.obj)
                0x0000000000008120                flash_area_align
 .text.flash_area_erased_val
                0x000000000000812e        0xe zephyr/libzephyr.a(flash_map.c.obj)
                0x000000000000812e                flash_area_erased_val
 .text.get_sectors_cb
                0x000000000000813c       0x3c zephyr/libzephyr.a(flash_map_layout.c.obj)
 .text.abort_function
                0x0000000000008178        0x8 zephyr/libzephyr.a(nrf_cc3xx_platform_abort_zephyr.c.obj)
 .text.console_write
                0x0000000000008180       0x1c zephyr/libzephyr.a(serial_adapter.c.obj)
                0x0000000000008180                console_write
 .text.initial_checks
                0x000000000000819c       0x16 zephyr/libzephyr.a(zcbor_decode.c.obj)
 .text.list_map_end_decode
                0x00000000000081b2       0x38 zephyr/libzephyr.a(zcbor_decode.c.obj)
 .text.type_check
                0x00000000000081ea       0x1e zephyr/libzephyr.a(zcbor_decode.c.obj)
 .text.value_extract
                0x0000000000008208       0x9e zephyr/libzephyr.a(zcbor_decode.c.obj)
 .text.str_start_decode
                0x00000000000082a6       0x26 zephyr/libzephyr.a(zcbor_decode.c.obj)
 .text.list_map_start_decode
                0x00000000000082cc       0x66 zephyr/libzephyr.a(zcbor_decode.c.obj)
 .text.str_decode
                0x0000000000008332       0x32 zephyr/libzephyr.a(zcbor_decode.c.obj)
 .text.str_expect
                0x0000000000008364       0x3e zephyr/libzephyr.a(zcbor_decode.c.obj)
 .text.zcbor_int64_decode
                0x00000000000083a2       0x58 zephyr/libzephyr.a(zcbor_decode.c.obj)
                0x00000000000083a2                zcbor_int64_decode
 .text.zcbor_int32_decode
                0x00000000000083fa       0x36 zephyr/libzephyr.a(zcbor_decode.c.obj)
                0x00000000000083fa                zcbor_int32_decode
 .text.zcbor_bstr_decode
                0x0000000000008430        0x6 zephyr/libzephyr.a(zcbor_decode.c.obj)
                0x0000000000008430                zcbor_bstr_decode
 .text.zcbor_tstr_expect
                0x0000000000008436        0x6 zephyr/libzephyr.a(zcbor_decode.c.obj)
                0x0000000000008436                zcbor_tstr_expect
 .text.zcbor_map_start_decode
                0x000000000000843c       0x34 zephyr/libzephyr.a(zcbor_decode.c.obj)
                0x000000000000843c                zcbor_map_start_decode
 .text.zcbor_map_end_decode
                0x0000000000008470        0x4 zephyr/libzephyr.a(zcbor_decode.c.obj)
                0x0000000000008470                zcbor_map_end_decode
 .text.zcbor_list_map_end_force_decode
                0x0000000000008474        0xa zephyr/libzephyr.a(zcbor_decode.c.obj)
                0x0000000000008474                zcbor_list_map_end_force_decode
 .text.zcbor_multi_decode
                0x000000000000847e       0x4e zephyr/libzephyr.a(zcbor_decode.c.obj)
                0x000000000000847e                zcbor_multi_decode
 .text.str_encode
                0x00000000000084cc       0x6e zephyr/libzephyr.a(zcbor_encode.c.obj)
 .text.zcbor_uint64_put
                0x000000000000853a       0x16 zephyr/libzephyr.a(zcbor_encode.c.obj)
                0x000000000000853a                zcbor_uint64_put
 .text.zcbor_uint32_put
                0x0000000000008550        0x8 zephyr/libzephyr.a(zcbor_encode.c.obj)
                0x0000000000008550                zcbor_uint32_put
 .text.zcbor_tstr_encode
                0x0000000000008558        0x6 zephyr/libzephyr.a(zcbor_encode.c.obj)
                0x0000000000008558                zcbor_tstr_encode
 .text.zcbor_list_start_encode
                0x000000000000855e       0x1e zephyr/libzephyr.a(zcbor_encode.c.obj)
                0x000000000000855e                zcbor_list_start_encode
 .text.zcbor_map_start_encode
                0x000000000000857c       0x1e zephyr/libzephyr.a(zcbor_encode.c.obj)
                0x000000000000857c                zcbor_map_start_encode
 .text.zcbor_list_end_encode
                0x000000000000859a       0x1e zephyr/libzephyr.a(zcbor_encode.c.obj)
                0x000000000000859a                zcbor_list_end_encode
 .text.zcbor_map_end_encode
                0x00000000000085b8       0x1e zephyr/libzephyr.a(zcbor_encode.c.obj)
                0x00000000000085b8                zcbor_map_end_encode
 .text.zcbor_new_encode_state
                0x00000000000085d6        0x4 zephyr/libzephyr.a(zcbor_encode.c.obj)
                0x00000000000085d6                zcbor_new_encode_state
 .text.zcbor_new_backup
                0x00000000000085da       0x34 zephyr/libzephyr.a(zcbor_common.c.obj)
                0x00000000000085da                zcbor_new_backup
 .text.zcbor_process_backup
                0x000000000000860e       0x6a zephyr/libzephyr.a(zcbor_common.c.obj)
                0x000000000000860e                zcbor_process_backup
 .text.zcbor_union_start_code
                0x0000000000008678        0x6 zephyr/libzephyr.a(zcbor_common.c.obj)
                0x0000000000008678                zcbor_union_start_code
 .text.zcbor_union_elem_code
                0x000000000000867e        0x8 zephyr/libzephyr.a(zcbor_common.c.obj)
                0x000000000000867e                zcbor_union_elem_code
 .text.zcbor_union_end_code
                0x0000000000008686        0x8 zephyr/libzephyr.a(zcbor_common.c.obj)
                0x0000000000008686                zcbor_union_end_code
 .text.zcbor_new_state
                0x000000000000868e       0x40 zephyr/libzephyr.a(zcbor_common.c.obj)
                0x000000000000868e                zcbor_new_state
 .text.z_do_kernel_oops
                0x00000000000086ce        0x8 zephyr/arch/arch/arm/core/aarch32/libarch__arm__core__aarch32.a(fatal.c.obj)
                0x00000000000086ce                z_do_kernel_oops
 .text.z_irq_spurious
                0x00000000000086d6        0x8 zephyr/arch/arch/arm/core/aarch32/libarch__arm__core__aarch32.a(irq_manage.c.obj)
                0x00000000000086d6                z_irq_spurious
 .text.z_arm_nmi
                0x00000000000086de        0xe zephyr/arch/arch/arm/core/aarch32/libarch__arm__core__aarch32.a(nmi.c.obj)
                0x00000000000086de                z_arm_nmi
 .text.configure_builtin_stack_guard
                0x00000000000086ec        0x8 zephyr/arch/arch/arm/core/aarch32/libarch__arm__core__aarch32.a(thread.c.obj)
                0x00000000000086ec                configure_builtin_stack_guard
 .text.strlen   0x00000000000086f4        0xe zephyr/lib/libc/minimal/liblib__libc__minimal.a(string.c.obj)
                0x00000000000086f4                strlen
 .text.memcmp   0x0000000000008702       0x22 zephyr/lib/libc/minimal/liblib__libc__minimal.a(string.c.obj)
                0x0000000000008702                memcmp
 .text.memmove  0x0000000000008724       0x30 zephyr/lib/libc/minimal/liblib__libc__minimal.a(string.c.obj)
                0x0000000000008724                memmove
 .text.memcpy   0x0000000000008754       0x16 zephyr/lib/libc/minimal/liblib__libc__minimal.a(string.c.obj)
                0x0000000000008754                memcpy
 .text.memset   0x000000000000876a       0x12 zephyr/lib/libc/minimal/liblib__libc__minimal.a(string.c.obj)
                0x000000000000876a                memset
 .text.sprintf_out
                0x000000000000877c       0x1a zephyr/lib/libc/minimal/liblib__libc__minimal.a(sprintf.c.obj)
 .text.get_status
                0x0000000000008796       0x12 zephyr/drivers/clock_control/libdrivers__clock_control.a(clock_control_nrf.c.obj)
 .text.set_on_state
                0x00000000000087a8       0x26 zephyr/drivers/clock_control/libdrivers__clock_control.a(clock_control_nrf.c.obj)
 .text.stop     0x00000000000087ce       0x54 zephyr/drivers/clock_control/libdrivers__clock_control.a(clock_control_nrf.c.obj)
 .text.api_stop
                0x0000000000008822        0x6 zephyr/drivers/clock_control/libdrivers__clock_control.a(clock_control_nrf.c.obj)
 .text.async_start
                0x0000000000008828       0x5e zephyr/drivers/clock_control/libdrivers__clock_control.a(clock_control_nrf.c.obj)
 .text.api_start
                0x0000000000008886        0xe zephyr/drivers/clock_control/libdrivers__clock_control.a(clock_control_nrf.c.obj)
 .text.onoff_started_callback
                0x0000000000008894       0x14 zephyr/drivers/clock_control/libdrivers__clock_control.a(clock_control_nrf.c.obj)
 .text.lfclk_start
                0x00000000000088a8        0x6 zephyr/drivers/clock_control/libdrivers__clock_control.a(clock_control_nrf.c.obj)
 .text.lfclk_stop
                0x00000000000088ae        0x6 zephyr/drivers/clock_control/libdrivers__clock_control.a(clock_control_nrf.c.obj)
 .text.blocking_start_callback
                0x00000000000088b4        0x6 zephyr/drivers/clock_control/libdrivers__clock_control.a(clock_control_nrf.c.obj)
 .text.gpio_nrfx_port_get_raw
                0x00000000000088ba        0xc zephyr/drivers/gpio/libdrivers__gpio.a(gpio_nrfx.c.obj)
 .text.gpio_nrfx_port_set_masked_raw
                0x00000000000088c6       0x14 zephyr/drivers/gpio/libdrivers__gpio.a(gpio_nrfx.c.obj)
 .text.gpio_nrfx_port_set_bits_raw
                0x00000000000088da        0xa zephyr/drivers/gpio/libdrivers__gpio.a(gpio_nrfx.c.obj)
 .text.gpio_nrfx_port_clear_bits_raw
                0x00000000000088e4        0xa zephyr/drivers/gpio/libdrivers__gpio.a(gpio_nrfx.c.obj)
 .text.gpio_nrfx_port_toggle_bits
                0x00000000000088ee       0x14 zephyr/drivers/gpio/libdrivers__gpio.a(gpio_nrfx.c.obj)
 .text.gpio_nrfx_manage_callback
                0x0000000000008902       0x54 zephyr/drivers/gpio/libdrivers__gpio.a(gpio_nrfx.c.obj)
 .text.gpio_pin_set_dt
                0x0000000000008956       0x28 zephyr/drivers/regulator/libdrivers__regulator.a(regulator_fixed.c.obj)
 .text.disable_sync
                0x000000000000897e       0x44 zephyr/drivers/regulator/libdrivers__regulator.a(regulator_fixed.c.obj)
 .text.enable_sync
                0x00000000000089c2       0x36 zephyr/drivers/regulator/libdrivers__regulator.a(regulator_fixed.c.obj)
 .text.is_regular_addr_valid
                0x00000000000089f8       0x22 zephyr/drivers/flash/libdrivers__flash.a(soc_flash_nrf.c.obj)
 .text.flash_get_page_info
                0x0000000000008a1a       0x6e zephyr/drivers/flash/libdrivers__flash.a(flash_page_layout.c.obj)
 .text.z_impl_flash_get_page_info_by_offs
                0x0000000000008a88        0x8 zephyr/drivers/flash/libdrivers__flash.a(flash_page_layout.c.obj)
                0x0000000000008a88                z_impl_flash_get_page_info_by_offs
 .text.flash_page_foreach
                0x0000000000008a90       0x58 zephyr/drivers/flash/libdrivers__flash.a(flash_page_layout.c.obj)
                0x0000000000008a90                flash_page_foreach
 .text.uarte_nrfx_config_get
                0x0000000000008ae8       0x10 zephyr/drivers/serial/libdrivers__serial.a(uart_nrfx_uarte.c.obj)
 .text.uarte_nrfx_err_check
                0x0000000000008af8        0xe zephyr/drivers/serial/libdrivers__serial.a(uart_nrfx_uarte.c.obj)
 .text.uarte_nrfx_poll_in
                0x0000000000008b06       0x28 zephyr/drivers/serial/libdrivers__serial.a(uart_nrfx_uarte.c.obj)
 .text.uarte_nrfx_fifo_read
                0x0000000000008b2e       0x2a zephyr/drivers/serial/libdrivers__serial.a(uart_nrfx_uarte.c.obj)
 .text.uarte_nrfx_irq_tx_enable
                0x0000000000008b58       0x2e zephyr/drivers/serial/libdrivers__serial.a(uart_nrfx_uarte.c.obj)
 .text.uarte_nrfx_irq_tx_disable
                0x0000000000008b86        0xa zephyr/drivers/serial/libdrivers__serial.a(uart_nrfx_uarte.c.obj)
 .text.uarte_nrfx_irq_tx_ready_complete
                0x0000000000008b90       0x2a zephyr/drivers/serial/libdrivers__serial.a(uart_nrfx_uarte.c.obj)
 .text.uarte_nrfx_irq_rx_ready
                0x0000000000008bba       0x10 zephyr/drivers/serial/libdrivers__serial.a(uart_nrfx_uarte.c.obj)
 .text.uarte_nrfx_irq_rx_enable
                0x0000000000008bca        0xc zephyr/drivers/serial/libdrivers__serial.a(uart_nrfx_uarte.c.obj)
 .text.uarte_nrfx_irq_rx_disable
                0x0000000000008bd6        0xc zephyr/drivers/serial/libdrivers__serial.a(uart_nrfx_uarte.c.obj)
 .text.uarte_nrfx_irq_err_enable
                0x0000000000008be2        0xe zephyr/drivers/serial/libdrivers__serial.a(uart_nrfx_uarte.c.obj)
 .text.uarte_nrfx_irq_err_disable
                0x0000000000008bf0        0xe zephyr/drivers/serial/libdrivers__serial.a(uart_nrfx_uarte.c.obj)
 .text.uarte_nrfx_irq_update
                0x0000000000008bfe        0x4 zephyr/drivers/serial/libdrivers__serial.a(uart_nrfx_uarte.c.obj)
 .text.uarte_nrfx_irq_callback_set
                0x0000000000008c02        0xa zephyr/drivers/serial/libdrivers__serial.a(uart_nrfx_uarte.c.obj)
 .text.uarte_nrfx_irq_is_pending
                0x0000000000008c0c       0x36 zephyr/drivers/serial/libdrivers__serial.a(uart_nrfx_uarte.c.obj)
 .text.tx_start.isra.0
                0x0000000000008c42       0x36 zephyr/drivers/serial/libdrivers__serial.a(uart_nrfx_uarte.c.obj)
 .text.is_tx_ready.isra.0
                0x0000000000008c78       0x22 zephyr/drivers/serial/libdrivers__serial.a(uart_nrfx_uarte.c.obj)
 .text.uarte_nrfx_fifo_fill
                0x0000000000008c9a       0x70 zephyr/drivers/serial/libdrivers__serial.a(uart_nrfx_uarte.c.obj)
 .text.uarte_nrfx_isr_int
                0x0000000000008d0a       0xbe zephyr/drivers/serial/libdrivers__serial.a(uart_nrfx_uarte.c.obj)
 .text.pinctrl_lookup_state
                0x0000000000008dc8       0x30 zephyr/drivers/pinctrl/libdrivers__pinctrl.a(common.c.obj)
                0x0000000000008dc8                pinctrl_lookup_state
 .text.hw_cc3xx_init_internal
                0x0000000000008df8        0x4 modules/nrf/drivers/hw_cc310/lib..__nrf__drivers__hw_cc310.a(hw_cc310.c.obj)
 .text.hw_cc3xx_init
                0x0000000000008dfc       0x12 modules/nrf/drivers/hw_cc310/lib..__nrf__drivers__hw_cc310.a(hw_cc310.c.obj)
 .text.bootutil_buffer_is_erased.part.0
                0x0000000000008e0e       0x22 modules/mcuboot/boot/bootutil/zephyr/libmcuboot_util.a(bootutil_public.c.obj)
 .text.boot_swap_info_off
                0x0000000000008e30        0xc modules/mcuboot/boot/bootutil/zephyr/libmcuboot_util.a(bootutil_public.c.obj)
                0x0000000000008e30                boot_swap_info_off
 .text.boot_magic_compatible_check
                0x0000000000008e3c       0x1c modules/mcuboot/boot/bootutil/zephyr/libmcuboot_util.a(bootutil_public.c.obj)
                0x0000000000008e3c                boot_magic_compatible_check
 .text.bootutil_buffer_is_erased
                0x0000000000008e58        0xc modules/mcuboot/boot/bootutil/zephyr/libmcuboot_util.a(bootutil_public.c.obj)
                0x0000000000008e58                bootutil_buffer_is_erased
 .text.boot_read_flag
                0x0000000000008e64       0x3a modules/mcuboot/boot/bootutil/zephyr/libmcuboot_util.a(bootutil_public.c.obj)
 .text.boot_write_trailer
                0x0000000000008e9e       0x58 modules/mcuboot/boot/bootutil/zephyr/libmcuboot_util.a(bootutil_public.c.obj)
                0x0000000000008e9e                boot_write_trailer
 .text.boot_write_trailer_flag
                0x0000000000008ef6       0x14 modules/mcuboot/boot/bootutil/zephyr/libmcuboot_util.a(bootutil_public.c.obj)
                0x0000000000008ef6                boot_write_trailer_flag
 .text.boot_write_image_ok
                0x0000000000008f0a        0xe modules/mcuboot/boot/bootutil/zephyr/libmcuboot_util.a(bootutil_public.c.obj)
                0x0000000000008f0a                boot_write_image_ok
 .text.boot_read_image_ok
                0x0000000000008f18        0xc modules/mcuboot/boot/bootutil/zephyr/libmcuboot_util.a(bootutil_public.c.obj)
                0x0000000000008f18                boot_read_image_ok
 .text.boot_read_swap_state_by_id
                0x0000000000008f24       0x28 modules/mcuboot/boot/bootutil/zephyr/libmcuboot_util.a(bootutil_public.c.obj)
                0x0000000000008f24                boot_read_swap_state_by_id
 .text.boot_write_swap_info
                0x0000000000008f4c       0x22 modules/mcuboot/boot/bootutil/zephyr/libmcuboot_util.a(bootutil_public.c.obj)
                0x0000000000008f4c                boot_write_swap_info
 .text.nrf91_errata_14
                0x0000000000008f6e       0x20 modules/hal_nordic/nrfx/libmodules__hal_nordic__nrfx.a(system_nrf9160.c.obj)
 .text.nrfx_isr
                0x0000000000008f8e        0x2 modules/hal_nordic/nrfx/libmodules__hal_nordic__nrfx.a(nrfx_glue.c.obj)
                0x0000000000008f8e                nrfx_isr
 .text.nrfx_busy_wait
                0x0000000000008f90        0x4 modules/hal_nordic/nrfx/libmodules__hal_nordic__nrfx.a(nrfx_glue.c.obj)
                0x0000000000008f90                nrfx_busy_wait
 .text.clock_stop
                0x0000000000008f94       0x98 modules/hal_nordic/nrfx/libmodules__hal_nordic__nrfx.a(nrfx_clock.c.obj)
 .text.nrfx_clock_enable
                0x000000000000902c       0x1c modules/hal_nordic/nrfx/libmodules__hal_nordic__nrfx.a(nrfx_clock.c.obj)
                0x000000000000902c                nrfx_clock_enable
 .text.nrfx_clock_start
                0x0000000000009048       0x82 modules/hal_nordic/nrfx/libmodules__hal_nordic__nrfx.a(nrfx_clock.c.obj)
                0x0000000000009048                nrfx_clock_start
 .text.nrfx_clock_stop
                0x00000000000090ca        0x4 modules/hal_nordic/nrfx/libmodules__hal_nordic__nrfx.a(nrfx_clock.c.obj)
                0x00000000000090ca                nrfx_clock_stop
 .text.nrfx_nvmc_flash_size_get
                0x00000000000090ce        0x6 modules/hal_nordic/nrfx/libmodules__hal_nordic__nrfx.a(nrfx_nvmc.c.obj)
                0x00000000000090ce                nrfx_nvmc_flash_size_get
 .text.nrfx_nvmc_flash_page_size_get
                0x00000000000090d4        0x6 modules/hal_nordic/nrfx/libmodules__hal_nordic__nrfx.a(nrfx_nvmc.c.obj)
                0x00000000000090d4                nrfx_nvmc_flash_page_size_get
 .text.nrfx_nvmc_flash_page_count_get
                0x00000000000090da        0x6 modules/hal_nordic/nrfx/libmodules__hal_nordic__nrfx.a(nrfx_nvmc.c.obj)
                0x00000000000090da                nrfx_nvmc_flash_page_count_get
 .text.z_device_state_init
                0x00000000000090e0        0x2 zephyr/kernel/libkernel.a(device.c.obj)
                0x00000000000090e0                z_device_state_init
 .text.z_device_is_ready
                0x00000000000090e2       0x14 zephyr/kernel/libkernel.a(device.c.obj)
                0x00000000000090e2                z_device_is_ready
 .text.z_early_memset
                0x00000000000090f6        0x4 zephyr/kernel/libkernel.a(init.c.obj)
                0x00000000000090f6                z_early_memset
 .text.z_early_memcpy
                0x00000000000090fa        0x4 zephyr/kernel/libkernel.a(init.c.obj)
                0x00000000000090fa                z_early_memcpy
 .text.k_mem_slab_init
                0x00000000000090fe       0x36 zephyr/kernel/libkernel.a(mem_slab.c.obj)
                0x00000000000090fe                k_mem_slab_init
 .text.k_mem_slab_free
                0x0000000000009134       0x52 zephyr/kernel/libkernel.a(mem_slab.c.obj)
                0x0000000000009134                k_mem_slab_free
 .text.k_is_in_isr
                0x0000000000009186        0xc zephyr/kernel/libkernel.a(thread.c.obj)
                0x0000000000009186                k_is_in_isr
 .text.k_thread_name_get
                0x0000000000009192        0x4 zephyr/kernel/libkernel.a(thread.c.obj)
                0x0000000000009192                k_thread_name_get
 .text.idle     0x0000000000009196       0x18 zephyr/kernel/libkernel.a(idle.c.obj)
                0x0000000000009196                idle
 .text.adjust_owner_prio.isra.0
                0x00000000000091ae       0x10 zephyr/kernel/libkernel.a(mutex.c.obj)
 .text.z_impl_k_mutex_init
                0x00000000000091be        0xe zephyr/kernel/libkernel.a(mutex.c.obj)
                0x00000000000091be                z_impl_k_mutex_init
 .text.z_impl_k_sem_init
                0x00000000000091cc       0x18 zephyr/kernel/libkernel.a(sem.c.obj)
                0x00000000000091cc                z_impl_k_sem_init
 .text.sys_dlist_remove
                0x00000000000091e4       0x10 zephyr/kernel/libkernel.a(sched.c.obj)
 .text.unpend_thread_no_timeout
                0x00000000000091f4       0x14 zephyr/kernel/libkernel.a(sched.c.obj)
 .text.z_reschedule_irqlock
                0x0000000000009208       0x18 zephyr/kernel/libkernel.a(sched.c.obj)
                0x0000000000009208                z_reschedule_irqlock
 .text.z_reschedule_unlocked
                0x0000000000009220       0x14 zephyr/kernel/libkernel.a(sched.c.obj)
 .text.z_priq_dumb_best
                0x0000000000009234        0xc zephyr/kernel/libkernel.a(sched.c.obj)
                0x0000000000009234                z_priq_dumb_best
 .text.z_ready_thread
                0x0000000000009240       0x20 zephyr/kernel/libkernel.a(sched.c.obj)
                0x0000000000009240                z_ready_thread
 .text.z_thread_timeout
                0x0000000000009260       0x44 zephyr/kernel/libkernel.a(sched.c.obj)
                0x0000000000009260                z_thread_timeout
 .text.add_to_waitq_locked
                0x00000000000092a4       0x54 zephyr/kernel/libkernel.a(sched.c.obj)
 .text.z_unpend_first_thread
                0x00000000000092f8       0x30 zephyr/kernel/libkernel.a(sched.c.obj)
                0x00000000000092f8                z_unpend_first_thread
 .text.z_abort_timeout
                0x0000000000009328       0x2c zephyr/kernel/libkernel.a(timeout.c.obj)
                0x0000000000009328                z_abort_timeout
 .text.z_set_timeout_expiry
                0x0000000000009354       0x36 zephyr/kernel/libkernel.a(timeout.c.obj)
                0x0000000000009354                z_set_timeout_expiry
 .text.sys_clock_tick_get_32
                0x000000000000938a        0x8 zephyr/kernel/libkernel.a(timeout.c.obj)
                0x000000000000938a                sys_clock_tick_get_32
 .text.z_impl_k_uptime_ticks
                0x0000000000009392        0x4 zephyr/kernel/libkernel.a(timeout.c.obj)
                0x0000000000009392                z_impl_k_uptime_ticks
 .text.z_impl_k_busy_wait
                0x0000000000009396        0x8 zephyr/kernel/libkernel.a(timeout.c.obj)
                0x0000000000009396                z_impl_k_busy_wait
 .text.nrf_cc310_bl_ecdsa_verify_secp256r1
                0x000000000000939e       0x26 /workdir/nrfxlib/crypto/nrf_cc310_bl/lib/cortex-m33/hard-float/no-interrupts/libnrf_cc310_bl_0.9.12.a(nrf_cc310_bl_ecdsa_verify_secp256r1.c.obj)
                0x000000000000939e                nrf_cc310_bl_ecdsa_verify_secp256r1
 .text.PkaInitAndMutexLock
                0x00000000000093c4        0x8 /workdir/nrfxlib/crypto/nrf_cc310_bl/lib/cortex-m33/hard-float/no-interrupts/libnrf_cc310_bl_0.9.12.a(pka.c.obj)
                0x00000000000093c4                PkaInitAndMutexLock
 .text.SaSi_PalMemCopy
                0x00000000000093cc        0x4 /workdir/nrfxlib/crypto/nrf_cc310_bl/lib/cortex-m33/hard-float/no-interrupts/libnrf_cc310_bl_0.9.12.a(ssi_pal_mem.c.obj)
                0x00000000000093cc                SaSi_PalMemCopy
 .text.SaSi_PalMemSet
                0x00000000000093d0        0x4 /workdir/nrfxlib/crypto/nrf_cc310_bl/lib/cortex-m33/hard-float/no-interrupts/libnrf_cc310_bl_0.9.12.a(ssi_pal_mem.c.obj)
                0x00000000000093d0                SaSi_PalMemSet
 .text.SaSi_PalMemSetZero
                0x00000000000093d4        0x8 /workdir/nrfxlib/crypto/nrf_cc310_bl/lib/cortex-m33/hard-float/no-interrupts/libnrf_cc310_bl_0.9.12.a(ssi_pal_mem.c.obj)
                0x00000000000093d4                SaSi_PalMemSetZero
 .text.CRYS_COMMON_ReverseMemcpy32
                0x00000000000093dc       0x1a /workdir/nrfxlib/crypto/nrf_cc310_bl/lib/cortex-m33/hard-float/no-interrupts/libnrf_cc310_bl_0.9.12.a(crys_common_conv_endian.c.obj)
                0x00000000000093dc                CRYS_COMMON_ReverseMemcpy32
 *(SORT_BY_ALIGNMENT(.TEXT.*))
 *(SORT_BY_ALIGNMENT(.gnu.linkonce.t.*))
 *(SORT_BY_ALIGNMENT(.glue_7t))
 .glue_7t       0x00000000000093f6        0x0 linker stubs
 *(SORT_BY_ALIGNMENT(.glue_7))
 .glue_7        0x00000000000093f6        0x0 linker stubs
 *(SORT_BY_ALIGNMENT(.vfp11_veneer))
 .vfp11_veneer  0x00000000000093f6        0x0 linker stubs
 *(SORT_BY_ALIGNMENT(.v4_bx))
 .v4_bx         0x00000000000093f6        0x0 linker stubs
                0x00000000000093f6                __text_region_end = .

.ARM.exidx      0x00000000000093f8        0x8
                0x00000000000093f8                __exidx_start = .
 *(SORT_BY_ALIGNMENT(.ARM.exidx*) SORT_BY_ALIGNMENT(gnu.linkonce.armexidx.*))
 .ARM.exidx     0x00000000000093f8        0x8 /workdir/zephyr-sdk/arm-zephyr-eabi/bin/../lib/gcc/arm-zephyr-eabi/10.3.0/thumb/v8-m.main+fp/hard/libgcc.a(_udivmoddi4.o)
                0x0000000000009400                __exidx_end = .
                0x0000000000009400                __rodata_region_start = .

initlevel       0x0000000000009400       0x50
                0x0000000000009400                __init_start = .
                0x0000000000009400                __init_PRE_KERNEL_1_start = .
 *(SORT_BY_NAME(SORT_BY_ALIGNMENT(.z_init_PRE_KERNEL_1[0-9]_*)))
 .z_init_PRE_KERNEL_10_
                0x0000000000009400        0x8 zephyr/libzephyr.a(soc.c.obj)
 *(SORT_BY_NAME(SORT_BY_ALIGNMENT(.z_init_PRE_KERNEL_1[1-9][0-9]_*)))
 .z_init_PRE_KERNEL_130_
                0x0000000000009408        0x8 zephyr/drivers/clock_control/libdrivers__clock_control.a(clock_control_nrf.c.obj)
 .z_init_PRE_KERNEL_130_
                0x0000000000009410        0x8 zephyr/kernel/libkernel.a(mem_slab.c.obj)
 .z_init_PRE_KERNEL_140_
                0x0000000000009418        0x8 zephyr/drivers/gpio/libdrivers__gpio.a(gpio_nrfx.c.obj)
 .z_init_PRE_KERNEL_140_
                0x0000000000009420        0x8 modules/nrf/drivers/hw_cc310/lib..__nrf__drivers__hw_cc310.a(hw_cc310.c.obj)
 .z_init_PRE_KERNEL_155_
                0x0000000000009428        0x8 zephyr/drivers/serial/libdrivers__serial.a(uart_nrfx_uarte.c.obj)
                0x0000000000009430                __init_PRE_KERNEL_2_start = .
 *(SORT_BY_NAME(SORT_BY_ALIGNMENT(.z_init_PRE_KERNEL_2[0-9]_*)))
 .z_init_PRE_KERNEL_20_
                0x0000000000009430        0x8 zephyr/drivers/timer/libdrivers__timer.a(nrf_rtc_timer.c.obj)
 *(SORT_BY_NAME(SORT_BY_ALIGNMENT(.z_init_PRE_KERNEL_2[1-9][0-9]_*)))
                0x0000000000009438                __init_POST_KERNEL_start = .
 *(SORT_BY_NAME(SORT_BY_ALIGNMENT(.z_init_POST_KERNEL[0-9]_*)))
 *(SORT_BY_NAME(SORT_BY_ALIGNMENT(.z_init_POST_KERNEL[1-9][0-9]_*)))
 .z_init_POST_KERNEL40_
                0x0000000000009438        0x8 modules/nrf/drivers/hw_cc310/lib..__nrf__drivers__hw_cc310.a(hw_cc310.c.obj)
 .z_init_POST_KERNEL50_
                0x0000000000009440        0x8 zephyr/drivers/flash/libdrivers__flash.a(soc_flash_nrf.c.obj)
 .z_init_POST_KERNEL75_
                0x0000000000009448        0x8 zephyr/drivers/regulator/libdrivers__regulator.a(regulator_fixed.c.obj)
                0x0000000000009450                __init_APPLICATION_start = .
 *(SORT_BY_NAME(SORT_BY_ALIGNMENT(.z_init_APPLICATION[0-9]_*)))
 *(SORT_BY_NAME(SORT_BY_ALIGNMENT(.z_init_APPLICATION[1-9][0-9]_*)))
                0x0000000000009450                __init_SMP_start = .
 *(SORT_BY_NAME(SORT_BY_ALIGNMENT(.z_init_SMP[0-9]_*)))
 *(SORT_BY_NAME(SORT_BY_ALIGNMENT(.z_init_SMP[1-9][0-9]_*)))
                0x0000000000009450                __init_end = .

devices         0x0000000000009450       0x78
                0x0000000000009450                __device_start = .
                0x0000000000009450                __device_PRE_KERNEL_1_start = .
 *(SORT_BY_NAME(SORT_BY_ALIGNMENT(.z_device_PRE_KERNEL_1[0-9]_*)))
 *(SORT_BY_NAME(SORT_BY_ALIGNMENT(.z_device_PRE_KERNEL_1[1-9][0-9]_*)))
 .z_device_PRE_KERNEL_130_
                0x0000000000009450       0x18 zephyr/drivers/clock_control/libdrivers__clock_control.a(clock_control_nrf.c.obj)
                0x0000000000009450                __device_dts_ord_60
 .z_device_PRE_KERNEL_140_
                0x0000000000009468       0x18 zephyr/drivers/gpio/libdrivers__gpio.a(gpio_nrfx.c.obj)
                0x0000000000009468                __device_dts_ord_7
 .z_device_PRE_KERNEL_155_
                0x0000000000009480       0x18 zephyr/drivers/serial/libdrivers__serial.a(uart_nrfx_uarte.c.obj)
                0x0000000000009480                __device_dts_ord_88
                0x0000000000009498                __device_PRE_KERNEL_2_start = .
 *(SORT_BY_NAME(SORT_BY_ALIGNMENT(.z_device_PRE_KERNEL_2[0-9]_*)))
 *(SORT_BY_NAME(SORT_BY_ALIGNMENT(.z_device_PRE_KERNEL_2[1-9][0-9]_*)))
                0x0000000000009498                __device_POST_KERNEL_start = .
 *(SORT_BY_NAME(SORT_BY_ALIGNMENT(.z_device_POST_KERNEL[0-9]_*)))
 *(SORT_BY_NAME(SORT_BY_ALIGNMENT(.z_device_POST_KERNEL[1-9][0-9]_*)))
 .z_device_POST_KERNEL50_
                0x0000000000009498       0x18 zephyr/drivers/flash/libdrivers__flash.a(soc_flash_nrf.c.obj)
                0x0000000000009498                __device_dts_ord_94
 .z_device_POST_KERNEL75_
                0x00000000000094b0       0x18 zephyr/drivers/regulator/libdrivers__regulator.a(regulator_fixed.c.obj)
                0x00000000000094b0                __device_dts_ord_8
                0x00000000000094c8                __device_APPLICATION_start = .
 *(SORT_BY_NAME(SORT_BY_ALIGNMENT(.z_device_APPLICATION[0-9]_*)))
 *(SORT_BY_NAME(SORT_BY_ALIGNMENT(.z_device_APPLICATION[1-9][0-9]_*)))
                0x00000000000094c8                __device_SMP_start = .
 *(SORT_BY_NAME(SORT_BY_ALIGNMENT(.z_device_SMP[0-9]_*)))
 *(SORT_BY_NAME(SORT_BY_ALIGNMENT(.z_device_SMP[1-9][0-9]_*)))
                0x00000000000094c8                __device_end = .

sw_isr_table    0x00000000000094c8      0x208
                0x00000000000094c8                . = ALIGN (0x4)
 *(SORT_BY_ALIGNMENT(.gnu.linkonce.sw_isr_table*))
 .gnu.linkonce.sw_isr_table
                0x00000000000094c8      0x208 zephyr/arch/common/libisr_tables.a(isr_tables.c.obj)
                0x00000000000094c8                _sw_isr_table

initlevel_error
                0x0000000000009400        0x0
 *(SORT_BY_NAME(SORT_BY_ALIGNMENT(.z_init_[_A-Z0-9]*)))
                0x0000000000000001                ASSERT ((SIZEOF (initlevel_error) == 0x0), Undefined initialization levels used.)

app_shmem_regions
                0x00000000000096d0        0x0
                0x00000000000096d0                __app_shmem_regions_start = .
 *(SORT_BY_NAME(SORT_BY_ALIGNMENT(.app_regions.*)))
                0x00000000000096d0                __app_shmem_regions_end = .

k_p4wq_initparam_area
                0x00000000000096d0        0x0
                0x00000000000096d0                _k_p4wq_initparam_list_start = .
 *(SORT_BY_NAME(SORT_BY_ALIGNMENT(._k_p4wq_initparam.static.*)))
                0x00000000000096d0                _k_p4wq_initparam_list_end = .

device_handles  0x00000000000096d0       0x22
                0x00000000000096d0                __device_handles_start = .
 *(SORT_BY_NAME(SORT_BY_ALIGNMENT(.__device_handles_pass2*)))
 .__device_handles_pass2
                0x00000000000096d0       0x22 zephyr/CMakeFiles/zephyr_pre1.dir/dev_handles.c.obj
                0x00000000000096d0                __devicehdl_DT_N_S_nrf_ps_en
                0x00000000000096d8                __devicehdl_DT_N_S_soc_S_peripheral_50000000_S_flash_controller_39000
                0x00000000000096de                __devicehdl_DT_N_S_soc_S_peripheral_50000000_S_uart_8000
                0x00000000000096e4                __devicehdl_DT_N_S_soc_S_peripheral_50000000_S_gpio_842500
                0x00000000000096ec                __devicehdl_DT_N_S_soc_S_peripheral_50000000_S_clock_5000
                0x00000000000096f2                __device_handles_end = .

ztest           0x00000000000096f2        0x0
                0x00000000000096f2                _ztest_suite_node_list_start = .
 *(SORT_BY_NAME(SORT_BY_ALIGNMENT(._ztest_suite_node.static.*)))
                0x00000000000096f2                _ztest_suite_node_list_end = .
                0x00000000000096f2                _ztest_unit_test_list_start = .
 *(SORT_BY_NAME(SORT_BY_ALIGNMENT(._ztest_unit_test.static.*)))
                0x00000000000096f2                _ztest_unit_test_list_end = .
                0x00000000000096f2                _ztest_test_rule_list_start = .
 *(SORT_BY_NAME(SORT_BY_ALIGNMENT(._ztest_test_rule.static.*)))
                0x00000000000096f2                _ztest_test_rule_list_end = .

bt_l2cap_fixed_chan_area
                0x00000000000096f2        0x0
                0x00000000000096f2                _bt_l2cap_fixed_chan_list_start = .
 *(SORT_BY_NAME(SORT_BY_ALIGNMENT(._bt_l2cap_fixed_chan.static.*)))
                0x00000000000096f2                _bt_l2cap_fixed_chan_list_end = .

bt_gatt_service_static_area
                0x00000000000096f2        0x0
                0x00000000000096f2                _bt_gatt_service_static_list_start = .
 *(SORT_BY_NAME(SORT_BY_ALIGNMENT(._bt_gatt_service_static.static.*)))
                0x00000000000096f2                _bt_gatt_service_static_list_end = .

log_strings_sections
                0x00000000000096f2        0x0
                0x00000000000096f2                __log_strings_start = .
 *(SORT_BY_NAME(SORT_BY_ALIGNMENT(.log_strings*)))
                0x00000000000096f2                __log_strings_end = .

log_const_sections
                0x00000000000096f4       0x48
                0x00000000000096f4                __log_const_start = .
 *(SORT_BY_NAME(SORT_BY_ALIGNMENT(.log_const_*)))
 .log_const_clock_control
                0x00000000000096f4        0x8 zephyr/drivers/clock_control/libdrivers__clock_control.a(clock_control_nrf.c.obj)
                0x00000000000096f4                log_const_clock_control
 .log_const_fatal_error
                0x00000000000096fc        0x8 modules/nrf/lib/fatal_error/lib..__nrf__lib__fatal_error.a(fatal_error.c.obj)
                0x00000000000096fc                log_const_fatal_error
 .log_const_flash_nrf
                0x0000000000009704        0x8 zephyr/drivers/flash/libdrivers__flash.a(soc_flash_nrf.c.obj)
                0x0000000000009704                log_const_flash_nrf
 .log_const_mcuboot
                0x000000000000970c        0x8 app/libapp.a(main.c.obj)
                0x000000000000970c                log_const_mcuboot
 .log_const_os  0x0000000000009714        0x8 zephyr/kernel/libkernel.a(init.c.obj)
                0x0000000000009714                log_const_os
 .log_const_regulator_fixed